Archive member included to satisfy reference by file (symbol)

C:/ST/STM32CubeIDE_1.18.1/STM32CubeIDE/plugins/com.st.stm32cube.ide.mcu.externaltools.gnu-tools-for-stm32.13.3.rel1.win32_1.0.0.202411081344/tools/bin/../lib/gcc/arm-none-eabi/13.3.1/../../../../arm-none-eabi/lib/thumb/v7e-m+fp/hard\libc_nano.a(libc_a-exit.o)
                              C:/ST/STM32CubeIDE_1.18.1/STM32CubeIDE/plugins/com.st.stm32cube.ide.mcu.externaltools.gnu-tools-for-stm32.13.3.rel1.win32_1.0.0.202411081344/tools/bin/../lib/gcc/arm-none-eabi/13.3.1/../../../../arm-none-eabi/lib/thumb/v7e-m+fp/hard/crt0.o (exit)
C:/ST/STM32CubeIDE_1.18.1/STM32CubeIDE/plugins/com.st.stm32cube.ide.mcu.externaltools.gnu-tools-for-stm32.13.3.rel1.win32_1.0.0.202411081344/tools/bin/../lib/gcc/arm-none-eabi/13.3.1/../../../../arm-none-eabi/lib/thumb/v7e-m+fp/hard\libc_nano.a(libc_a-malloc.o)
                              ./Core/Src/cJSON.o (malloc)
C:/ST/STM32CubeIDE_1.18.1/STM32CubeIDE/plugins/com.st.stm32cube.ide.mcu.externaltools.gnu-tools-for-stm32.13.3.rel1.win32_1.0.0.202411081344/tools/bin/../lib/gcc/arm-none-eabi/13.3.1/../../../../arm-none-eabi/lib/thumb/v7e-m+fp/hard\libc_nano.a(libc_a-mallocr.o)
                              C:/ST/STM32CubeIDE_1.18.1/STM32CubeIDE/plugins/com.st.stm32cube.ide.mcu.externaltools.gnu-tools-for-stm32.13.3.rel1.win32_1.0.0.202411081344/tools/bin/../lib/gcc/arm-none-eabi/13.3.1/../../../../arm-none-eabi/lib/thumb/v7e-m+fp/hard\libc_nano.a(libc_a-malloc.o) (_malloc_r)
C:/ST/STM32CubeIDE_1.18.1/STM32CubeIDE/plugins/com.st.stm32cube.ide.mcu.externaltools.gnu-tools-for-stm32.13.3.rel1.win32_1.0.0.202411081344/tools/bin/../lib/gcc/arm-none-eabi/13.3.1/../../../../arm-none-eabi/lib/thumb/v7e-m+fp/hard\libc_nano.a(libc_a-mlock.o)
                              C:/ST/STM32CubeIDE_1.18.1/STM32CubeIDE/plugins/com.st.stm32cube.ide.mcu.externaltools.gnu-tools-for-stm32.13.3.rel1.win32_1.0.0.202411081344/tools/bin/../lib/gcc/arm-none-eabi/13.3.1/../../../../arm-none-eabi/lib/thumb/v7e-m+fp/hard\libc_nano.a(libc_a-mallocr.o) (__malloc_lock)
C:/ST/STM32CubeIDE_1.18.1/STM32CubeIDE/plugins/com.st.stm32cube.ide.mcu.externaltools.gnu-tools-for-stm32.13.3.rel1.win32_1.0.0.202411081344/tools/bin/../lib/gcc/arm-none-eabi/13.3.1/../../../../arm-none-eabi/lib/thumb/v7e-m+fp/hard\libc_nano.a(libc_a-realloc.o)
                              ./Core/Src/cJSON.o (realloc)
C:/ST/STM32CubeIDE_1.18.1/STM32CubeIDE/plugins/com.st.stm32cube.ide.mcu.externaltools.gnu-tools-for-stm32.13.3.rel1.win32_1.0.0.202411081344/tools/bin/../lib/gcc/arm-none-eabi/13.3.1/../../../../arm-none-eabi/lib/thumb/v7e-m+fp/hard\libc_nano.a(libc_a-reallocr.o)
                              C:/ST/STM32CubeIDE_1.18.1/STM32CubeIDE/plugins/com.st.stm32cube.ide.mcu.externaltools.gnu-tools-for-stm32.13.3.rel1.win32_1.0.0.202411081344/tools/bin/../lib/gcc/arm-none-eabi/13.3.1/../../../../arm-none-eabi/lib/thumb/v7e-m+fp/hard\libc_nano.a(libc_a-realloc.o) (_realloc_r)
C:/ST/STM32CubeIDE_1.18.1/STM32CubeIDE/plugins/com.st.stm32cube.ide.mcu.externaltools.gnu-tools-for-stm32.13.3.rel1.win32_1.0.0.202411081344/tools/bin/../lib/gcc/arm-none-eabi/13.3.1/../../../../arm-none-eabi/lib/thumb/v7e-m+fp/hard\libc_nano.a(libc_a-strtod.o)
                              ./Core/Src/cJSON.o (strtod)
C:/ST/STM32CubeIDE_1.18.1/STM32CubeIDE/plugins/com.st.stm32cube.ide.mcu.externaltools.gnu-tools-for-stm32.13.3.rel1.win32_1.0.0.202411081344/tools/bin/../lib/gcc/arm-none-eabi/13.3.1/../../../../arm-none-eabi/lib/thumb/v7e-m+fp/hard\libc_nano.a(libc_a-ctype_.o)
                              ./Core/Src/cJSON.o (_ctype_)
C:/ST/STM32CubeIDE_1.18.1/STM32CubeIDE/plugins/com.st.stm32cube.ide.mcu.externaltools.gnu-tools-for-stm32.13.3.rel1.win32_1.0.0.202411081344/tools/bin/../lib/gcc/arm-none-eabi/13.3.1/../../../../arm-none-eabi/lib/thumb/v7e-m+fp/hard\libc_nano.a(libc_a-findfp.o)
                              C:/ST/STM32CubeIDE_1.18.1/STM32CubeIDE/plugins/com.st.stm32cube.ide.mcu.externaltools.gnu-tools-for-stm32.13.3.rel1.win32_1.0.0.202411081344/tools/bin/../lib/gcc/arm-none-eabi/13.3.1/../../../../arm-none-eabi/lib/thumb/v7e-m+fp/hard\libc_nano.a(libc_a-exit.o) (__stdio_exit_handler)
C:/ST/STM32CubeIDE_1.18.1/STM32CubeIDE/plugins/com.st.stm32cube.ide.mcu.externaltools.gnu-tools-for-stm32.13.3.rel1.win32_1.0.0.202411081344/tools/bin/../lib/gcc/arm-none-eabi/13.3.1/../../../../arm-none-eabi/lib/thumb/v7e-m+fp/hard\libc_nano.a(libc_a-fwalk.o)
                              C:/ST/STM32CubeIDE_1.18.1/STM32CubeIDE/plugins/com.st.stm32cube.ide.mcu.externaltools.gnu-tools-for-stm32.13.3.rel1.win32_1.0.0.202411081344/tools/bin/../lib/gcc/arm-none-eabi/13.3.1/../../../../arm-none-eabi/lib/thumb/v7e-m+fp/hard\libc_nano.a(libc_a-findfp.o) (_fwalk_sglue)
C:/ST/STM32CubeIDE_1.18.1/STM32CubeIDE/plugins/com.st.stm32cube.ide.mcu.externaltools.gnu-tools-for-stm32.13.3.rel1.win32_1.0.0.202411081344/tools/bin/../lib/gcc/arm-none-eabi/13.3.1/../../../../arm-none-eabi/lib/thumb/v7e-m+fp/hard\libc_nano.a(libc_a-snprintf.o)
[...]
Memory Configuration

Name             Origin             Length             Attributes
CCMRAM           0x10000000         0x00010000         xrw
RAM              0x20000000         0x00020000         xrw
FLASH            0x08000000         0x00080000         xr
*default*        0x00000000         0xffffffff

Linker script and memory map

LOAD C:/ST/STM32CubeIDE_1.18.1/STM32CubeIDE/plugins/com.st.stm32cube.ide.mcu.externaltools.gnu-tools-for-stm32.13.3.rel1.win32_1.0.0.202411081344/tools/bin/../lib/gcc/arm-none-eabi/13.3.1/thumb/v7e-m+fp/hard/crti.o
LOAD C:/ST/STM32CubeIDE_1.18.1/STM32CubeIDE/plugins/com.st.stm32cube.ide.mcu.externaltools.gnu-tools-for-stm32.13.3.rel1.win32_1.0.0.202411081344/tools/bin/../lib/gcc/arm-none-eabi/13.3.1/thumb/v7e-m+fp/hard/crtbegin.o
LOAD C:/ST/STM32CubeIDE_1.18.1/STM32CubeIDE/plugins/com.st.stm32cube.ide.mcu.externaltools.gnu-tools-for-stm32.13.3.rel1.win32_1.0.0.202411081344/tools/bin/../lib/gcc/arm-none-eabi/13.3.1/../../../../arm-none-eabi/lib/thumb/v7e-m+fp/hard/crt0.o
LOAD ./Core/Src/A.o
LOAD ./Core/Src/AD8232.o
LOAD ./Core/Src/Back.o
LOAD ./Core/Src/BackGround.o
LOAD ./Core/Src/BackGround2.o
LOAD ./Core/Src/City.o
LOAD ./Core/Src/Cloud1.o
LOAD ./Core/Src/Cloud2.o
LOAD ./Core/Src/DHT.o
LOAD ./Core/Src/Loading.o
LOAD ./Core/Src/OK.o
LOAD ./Core/Src/STLogo.o
LOAD ./Core/Src/Tem.o
LOAD ./Core/Src/abc.o
LOAD ./Core/Src/cJSON.o
LOAD ./Core/Src/calibrate.o
LOAD ./Core/Src/clockhumi.o
LOAD ./Core/Src/clocktem.o
LOAD ./Core/Src/cloudrate.o
LOAD ./Core/Src/confirm.o
LOAD ./Core/Src/doC.o
LOAD ./Core/Src/font12.o
LOAD ./Core/Src/font16.o
LOAD ./Core/Src/font20.o
LOAD ./Core/Src/font24.o
LOAD ./Core/Src/font8.o
LOAD ./Core/Src/front_end.o
LOAD ./Core/Src/hot.o
LOAD ./Core/Src/humi.o
LOAD ./Core/Src/ice.o
LOAD ./Core/Src/icon1.o
LOAD ./Core/Src/icon2.o
LOAD ./Core/Src/icon3.o
LOAD ./Core/Src/ili9341.o
LOAD ./Core/Src/location.o
LOAD ./Core/Src/main.o
LOAD ./Core/Src/max30100_for_stm32_hal.o
LOAD ./Core/Src/next.o
LOAD ./Core/Src/next1.o
LOAD ./Core/Src/stm32f4xx_hal_msp.o
LOAD ./Core/Src/stm32f4xx_it.o
LOAD ./Core/Src/syscalls.o
LOAD ./Core/Src/sysmem.o
LOAD ./Core/Src/system_stm32f4xx.o
LOAD ./Core/Src/touch.o
LOAD ./Core/Src/tree.o
LOAD ./Core/Src/tree1.o
LOAD ./Core/Src/water.o
LOAD ./Core/Src/weather.o
LOAD ./Core/Src/wether.o
LOAD ./Core/Src/wind.o
LOAD ./Core/Src/yourname5.1.o
LOAD ./Core/Src/z6030061336714_5dbe1c34090d7e2346532e65515815be.o
LOAD ./Core/Startup/startup_stm32f407vetx.o
LOAD ./Drivers/STM32F4xx_HAL_Driver/Src/stm32f4xx_hal.o
LOAD ./Drivers/STM32F4xx_HAL_Driver/Src/stm32f4xx_hal_adc.o
LOAD ./Drivers/STM32F4xx_HAL_Driver/Src/stm32f4xx_hal_adc_ex.o
LOAD ./Drivers/STM32F4xx_HAL_Driver/Src/stm32f4xx_hal_cortex.o
LOAD ./Drivers/STM32F4xx_HAL_Driver/Src/stm32f4xx_hal_dma.o
LOAD ./Drivers/STM32F4xx_HAL_Driver/Src/stm32f4xx_hal_dma_ex.o
LOAD ./Drivers/STM32F4xx_HAL_Driver/Src/stm32f4xx_hal_exti.o
LOAD ./Drivers/STM32F4xx_HAL_Driver/Src/stm32f4xx_hal_flash.o
LOAD ./Drivers/STM32F4xx_HAL_Driver/Src/stm32f4xx_hal_flash_ex.o
LOAD ./Drivers/STM32F4xx_HAL_Driver/Src/stm32f4xx_hal_flash_ramfunc.o
LOAD ./Drivers/STM32F4xx_HAL_Driver/Src/stm32f4xx_hal_gpio.o
LOAD ./Drivers/STM32F4xx_HAL_Driver/Src/stm32f4xx_hal_i2c.o
LOAD ./Drivers/STM32F4xx_HAL_Driver/Src/stm32f4xx_hal_i2c_ex.o
LOAD ./Drivers/STM32F4xx_HAL_Driver/Src/stm32f4xx_hal_nand.o
LOAD ./Drivers/STM32F4xx_HAL_Driver/Src/stm32f4xx_hal_nor.o
LOAD ./Drivers/STM32F4xx_HAL_Driver/Src/stm32f4xx_hal_pccard.o
LOAD ./Drivers/STM32F4xx_HAL_Driver/Src/stm32f4xx_hal_pwr.o
LOAD ./Drivers/STM32F4xx_HAL_Driver/Src/stm32f4xx_hal_pwr_ex.o
LOAD ./Drivers/STM32F4xx_HAL_Driver/Src/stm32f4xx_hal_rcc.o
LOAD ./Drivers/STM32F4xx_HAL_Driver/Src/stm32f4xx_hal_rcc_ex.o
LOAD ./Drivers/STM32F4xx_HAL_Driver/Src/stm32f4xx_hal_spi.o
LOAD ./Drivers/STM32F4xx_HAL_Driver/Src/stm32f4xx_hal_sram.o
LOAD ./Drivers/STM32F4xx_HAL_Driver/Src/stm32f4xx_hal_tim.o
LOAD ./Drivers/STM32F4xx_HAL_Driver/Src/stm32f4xx_hal_tim_ex.o
LOAD ./Drivers/STM32F4xx_HAL_Driver/Src/stm32f4xx_hal_uart.o
LOAD ./Drivers/STM32F4xx_HAL_Driver/Src/stm32f4xx_ll_adc.o
LOAD ./Drivers/STM32F4xx_HAL_Driver/Src/stm32f4xx_ll_fsmc.o
START GROUP
LOAD C:/ST/STM32CubeIDE_1.18.1/STM32CubeIDE/plugins/com.st.stm32cube.ide.mcu.externaltools.gnu-tools-for-stm32.13.3.rel1.win32_1.0.0.202411081344/tools/bin/../lib/gcc/arm-none-eabi/13.3.1/../../../../arm-none-eabi/lib/thumb/v7e-m+fp/hard\libc_nano.a
LOAD C:/ST/STM32CubeIDE_1.18.1/STM32CubeIDE/plugins/com.st.stm32cube.ide.mcu.externaltools.gnu-tools-for-stm32.13.3.rel1.win32_1.0.0.202411081344/tools/bin/../lib/gcc/arm-none-eabi/13.3.1/../../../../arm-none-eabi/lib/thumb/v7e-m+fp/hard\libm.a
END GROUP
START GROUP
LOAD C:/ST/STM32CubeIDE_1.18.1/STM32CubeIDE/plugins/com.st.stm32cube.ide.mcu.externaltools.gnu-tools-for-stm32.13.3.rel1.win32_1.0.0.202411081344/tools/bin/../lib/gcc/arm-none-eabi/13.3.1/thumb/v7e-m+fp/hard\libgcc.a
LOAD C:/ST/STM32CubeIDE_1.18.1/STM32CubeIDE/plugins/com.st.stm32cube.ide.mcu.externaltools.gnu-tools-for-stm32.13.3.rel1.win32_1.0.0.202411081344/tools/bin/../lib/gcc/arm-none-eabi/13.3.1/../../../../arm-none-eabi/lib/thumb/v7e-m+fp/hard\libc_nano.a
END GROUP
START GROUP
LOAD C:/ST/STM32CubeIDE_1.18.1/STM32CubeIDE/plugins/com.st.stm32cube.ide.mcu.externaltools.gnu-tools-for-stm32.13.3.rel1.win32_1.0.0.202411081344/tools/bin/../lib/gcc/arm-none-eabi/13.3.1/thumb/v7e-m+fp/hard\libgcc.a
LOAD C:/ST/STM32CubeIDE_1.18.1/STM32CubeIDE/plugins/com.st.stm32cube.ide.mcu.externaltools.gnu-tools-for-stm32.13.3.rel1.win32_1.0.0.202411081344/tools/bin/../lib/gcc/arm-none-eabi/13.3.1/../../../../arm-none-eabi/lib/thumb/v7e-m+fp/hard\libc_nano.a
LOAD C:/ST/STM32CubeIDE_1.18.1/STM32CubeIDE/plugins/com.st.stm32cube.ide.mcu.externaltools.gnu-tools-for-stm32.13.3.rel1.win32_1.0.0.202411081344/tools/bin/../lib/gcc/arm-none-eabi/13.3.1/../../../../arm-none-eabi/lib/thumb/v7e-m+fp/hard\libnosys.a
END GROUP
START GROUP
LOAD C:/ST/STM32CubeIDE_1.18.1/STM32CubeIDE/plugins/com.st.stm32cube.ide.mcu.externaltools.gnu-tools-for-stm32.13.3.rel1.win32_1.0.0.202411081344/tools/bin/../lib/gcc/arm-none-eabi/13.3.1/thumb/v7e-m+fp/hard\libgcc.a
LOAD C:/ST/STM32CubeIDE_1.18.1/STM32CubeIDE/plugins/com.st.stm32cube.ide.mcu.externaltools.gnu-tools-for-stm32.13.3.rel1.win32_1.0.0.202411081344/tools/bin/../lib/gcc/arm-none-eabi/13.3.1/../../../../arm-none-eabi/lib/thumb/v7e-m+fp/hard\libc_nano.a
LOAD C:/ST/STM32CubeIDE_1.18.1/STM32CubeIDE/plugins/com.st.stm32cube.ide.mcu.externaltools.gnu-tools-for-stm32.13.3.rel1.win32_1.0.0.202411081344/tools/bin/../lib/gcc/arm-none-eabi/13.3.1/../../../../arm-none-eabi/lib/thumb/v7e-m+fp/hard\libnosys.a
END GROUP
LOAD C:/ST/STM32CubeIDE_1.18.1/STM32CubeIDE/plugins/com.st.stm32cube.ide.mcu.externaltools.gnu-tools-for-stm32.13.3.rel1.win32_1.0.0.202411081344/tools/bin/../lib/gcc/arm-none-eabi/13.3.1/thumb/v7e-m+fp/hard/crtend.o
LOAD C:/ST/STM32CubeIDE_1.18.1/STM32CubeIDE/plugins/com.st.stm32cube.ide.mcu.externaltools.gnu-tools-for-stm32.13.3.rel1.win32_1.0.0.202411081344/tools/bin/../lib/gcc/arm-none-eabi/13.3.1/thumb/v7e-m+fp/hard/crtn.o
                0x20020000                        _estack = (ORIGIN (RAM) + LENGTH (RAM))
                0x00000200                        _Min_Heap_Size = 0x200
                0x00000400                        _Min_Stack_Size = 0x400

.isr_vector     0x08000000      0x188
                0x08000000                        . = ALIGN (0x4)
 *(.isr_vector)
 .isr_vector    0x08000000      0x188 ./Core/Startup/startup_stm32f407vetx.o
                0x08000000                g_pfnVectors
                0x08000188                        . = ALIGN (0x4)

.text           0x08000190     0x6d50
                0x08000190                        . = ALIGN (0x4)
 *(.text)
 .text          0x08000190       0x40 C:/ST/STM32CubeIDE_1.18.1/STM32CubeIDE/plugins/com.st.stm32cube.ide.mcu.externaltools.gnu-tools-for-stm32.13.3.rel1.win32_1.0.0.202411081344/tools/bin/../lib/gcc/arm-none-eabi/13.3.1/thumb/v7e-m+fp/hard/crtbegin.o
 .text          0x080001d0       0x10 C:/ST/STM32CubeIDE_1.18.1/STM32CubeIDE/plugins/com.st.stm32cube.ide.mcu.externaltools.gnu-tools-for-stm32.13.3.rel1.win32_1.0.0.202411081344/tools/bin/../lib/gcc/arm-none-eabi/13.3.1/../../../../arm-none-eabi/lib/thumb/v7e-m+fp/hard\libc_nano.a(libc_a-strlen.o)
                0x080001d0                strlen
 .text          0x080001e0       0xa0 C:/ST/STM32CubeIDE_1.18.1/STM32CubeIDE/plugins/com.st.stm32cube.ide.mcu.externaltools.gnu-tools-for-stm32.13.3.rel1.win32_1.0.0.202411081344/tools/bin/../lib/gcc/arm-none-eabi/13.3.1/../../../../arm-none-eabi/lib/thumb/v7e-m+fp/hard\libc_nano.a(libc_a-memchr.o)
                0x080001e0                memchr
 .text          0x08000280      0x378 C:/ST/STM32CubeIDE_1.18.1/STM32CubeIDE/plugins/com.st.stm32cube.ide.mcu.externaltools.gnu-tools-for-stm32.13.3.rel1.win32_1.0.0.202411081344/tools/bin/../lib/gcc/arm-none-eabi/13.3.1/thumb/v7e-m+fp/hard\libgcc.a(_arm_addsubdf3.o)
                0x08000280                __aeabi_drsub
                0x08000288                __aeabi_dsub
                0x08000288                __subdf3
                0x0800028c                __aeabi_dadd
                0x0800028c                __adddf3
                0x08000504                __floatunsidf
                0x08000504                __aeabi_ui2d
                0x08000524                __floatsidf
                0x08000524                __aeabi_i2d
                0x08000548                __aeabi_f2d
                0x08000548                __extendsfdf2
                0x0800058c                __floatundidf
                0x0800058c                __aeabi_ul2d
                0x0800059c                __floatdidf
                0x0800059c                __aeabi_l2d
 .text          0x080005f8      0x424 C:/ST/STM32CubeIDE_1.18.1/STM32CubeIDE/plugins/com.st.stm32cube.ide.mcu.externaltools.gnu-tools-for-stm32.13.3.rel1.win32_1.0.0.202411081344/tools/bin/../lib/gcc/arm-none-eabi/13.3.1/thumb/v7e-m+fp/hard\libgcc.a(_arm_muldivdf3.o)
                0x080005f8                __aeabi_dmul
                0x080005f8                __muldf3
                0x0800084c                __divdf3
                0x0800084c                __aeabi_ddiv
 .text          0x08000a1c       0xa0 C:/ST/STM32CubeIDE_1.18.1/STM32CubeIDE/plugins/com.st.stm32cube.ide.mcu.externaltools.gnu-tools-for-stm32.13.3.rel1.win32_1.0.0.202411081344/tools/bin/../lib/gcc/arm-none-eabi/13.3.1/thumb/v7e-m+fp/hard\libgcc.a(_arm_truncdfsf2.o)
                0x08000a1c                __truncdfsf2
                0x08000a1c                __aeabi_d2f
 .text          0x08000abc       0x30 C:/ST/STM32CubeIDE_1.18.1/STM32CubeIDE/plugins/com.st.stm32cube.ide.mcu.externaltools.gnu-tools-for-stm32.13.3.rel1.win32_1.0.0.202411081344/tools/bin/../lib/gcc/arm-none-eabi/13.3.1/thumb/v7e-m+fp/hard\libgcc.a(_aeabi_uldivmod.o)
                0x08000abc                __aeabi_uldivmod
 .text          0x08000aec      0x2f8 C:/ST/STM32CubeIDE_1.18.1/STM32CubeIDE/plugins/com.st.stm32cube.ide.mcu.externaltools.gnu-tools-for-stm32.13.3.rel1.win32_1.0.0.202411081344/tools/bin/../lib/gcc/arm-none-eabi/13.3.1/thumb/v7e-m+fp/hard\libgcc.a(_udivmoddi4.o)
                0x08000aec                __udivmoddi4
 .text          0x08000de4        0x4 C:/ST/STM32CubeIDE_1.18.1/STM32CubeIDE/plugins/com.st.stm32cube.ide.mcu.externaltools.gnu-tools-for-stm32.13.3.rel1.win32_1.0.0.202411081344/tools/bin/../lib/gcc/arm-none-eabi/13.3.1/thumb/v7e-m+fp/hard\libgcc.a(_dvmd_tls.o)
                0x08000de4                __aeabi_idiv0
                0x08000de4                __aeabi_ldiv0
 *(.text*)
 .text.AD8232_Read
                0x08000de8       0x3c ./Core/Src/AD8232.o
                0x08000de8                AD8232_Read
 .text.setCalibrationMatrix
                0x08000e24      0x27c ./Core/Src/calibrate.o
                0x08000e24                setCalibrationMatrix
 .text.lcdInit  0x080010a0      0x2e8 ./Core/Src/ili9341.o
                0x080010a0                lcdInit
 .text.lcdFillRGB
                0x08001388       0x54 ./Core/Src/ili9341.o
                0x08001388                lcdFillRGB
 .text.lcdDrawPixel
                0x080013dc       0x48 ./Core/Src/ili9341.o
                0x080013dc                lcdDrawPixel
 .text.lcdDrawChar
                0x08001424      0x154 ./Core/Src/ili9341.o
                0x08001424                lcdDrawChar
 .text.lcdPrintf
                0x08001578      0x118 ./Core/Src/ili9341.o
                0x08001578                lcdPrintf
 .text.lcdSetTextFont
                0x08001690       0x20 ./Core/Src/ili9341.o
                0x08001690                lcdSetTextFont
 .text.lcdSetTextColor
                0x080016b0       0x2c ./Core/Src/ili9341.o
                0x080016b0                lcdSetTextColor
 .text.lcdSetOrientation
                0x080016dc       0xd4 ./Core/Src/ili9341.o
                0x080016dc                lcdSetOrientation
 .text.lcdSetCursor
                0x080017b0       0x34 ./Core/Src/ili9341.o
                0x080017b0                lcdSetCursor
 .text.lcdSetWindow
                0x080017e4       0x98 ./Core/Src/ili9341.o
                0x080017e4                lcdSetWindow
 .text.lcdReset
                0x0800187c       0x14 ./Core/Src/ili9341.o
 .text.lcdWriteCommand
                0x08001890       0x20 ./Core/Src/ili9341.o
 .text.lcdWriteData
                0x080018b0       0x20 ./Core/Src/ili9341.o
 .text.lcdBuildMemoryAccessControlConfig
                0x080018d0       0x82 ./Core/Src/ili9341.o
 *fill*         0x08001952        0x2 
 .text.main     0x08001954       0xa8 ./Core/Src/main.o
                0x08001954                main
 .text.SystemClock_Config
                0x080019fc       0xd4 ./Core/Src/main.o
                0x080019fc                SystemClock_Config
 .text.MX_ADC1_Init
                0x08001ad0       0xa4 ./Core/Src/main.o
 .text.MX_I2C1_Init
                0x08001b74       0x5c ./Core/Src/main.o
 .text.MX_SPI2_Init
                0x08001bd0       0x6c ./Core/Src/main.o
 .text.MX_TIM2_Init
                0x08001c3c       0x9c ./Core/Src/main.o
 .text.MX_USART1_UART_Init
                0x08001cd8       0x54 ./Core/Src/main.o
 .text.MX_GPIO_Init
                0x08001d2c      0x15c ./Core/Src/main.o
 .text.MX_FSMC_Init
                0x08001e88       0xc0 ./Core/Src/main.o
 .text.HAL_GPIO_EXTI_Callback
                0x08001f48       0x48 ./Core/Src/main.o
                0x08001f48                HAL_GPIO_EXTI_Callback
 .text.AD8232_ReadData
                0x08001f90       0x90 ./Core/Src/main.o
                0x08001f90                AD8232_ReadData
 .text.Error_Handler
                0x08002020        0xc ./Core/Src/main.o
                0x08002020                Error_Handler
 .text.MAX30100_Init
                0x0800202c       0x30 ./Core/Src/max30100_for_stm32_hal.o
                0x0800202c                MAX30100_Init
 .text.MAX30100_ReadReg
                0x0800205c       0x48 ./Core/Src/max30100_for_stm32_hal.o
                0x0800205c                MAX30100_ReadReg
 .text.MAX30100_WriteReg
                0x080020a4       0x3c ./Core/Src/max30100_for_stm32_hal.o
                0x080020a4                MAX30100_WriteReg
 .text.MAX30100_EnableInterrupt
                0x080020e0       0x70 ./Core/Src/max30100_for_stm32_hal.o
                0x080020e0                MAX30100_EnableInterrupt
 .text.MAX30100_InterruptHandler
                0x08002150       0xb0 ./Core/Src/max30100_for_stm32_hal.o
                0x08002150                MAX30100_InterruptHandler
 .text.MAX30100_SetMode
                0x08002200       0x98 ./Core/Src/max30100_for_stm32_hal.o
                0x08002200                MAX30100_SetMode
 .text.MAX30100_SetSpO2SampleRate
                0x08002298       0x44 ./Core/Src/max30100_for_stm32_hal.o
                0x08002298                MAX30100_SetSpO2SampleRate
 .text.MAX30100_SetLEDPulseWidth
                0x080022dc       0x40 ./Core/Src/max30100_for_stm32_hal.o
                0x080022dc                MAX30100_SetLEDPulseWidth
 .text.MAX30100_SetLEDCurrent
                0x0800231c       0x48 ./Core/Src/max30100_for_stm32_hal.o
                0x0800231c                MAX30100_SetLEDCurrent
 .text.MAX30100_ClearFIFO
                0x08002364       0x20 ./Core/Src/max30100_for_stm32_hal.o
                0x08002364                MAX30100_ClearFIFO
 .text.MAX30100_ReadFIFO
                0x08002384       0xf0 ./Core/Src/max30100_for_stm32_hal.o
                0x08002384                MAX30100_ReadFIFO
 .text.MAX30100_ReadTemperature
                0x08002474       0x68 ./Core/Src/max30100_for_stm32_hal.o
                0x08002474                MAX30100_ReadTemperature
 .text.MAX30100_PlotIrToUART
                0x080024dc       0x64 ./Core/Src/max30100_for_stm32_hal.o
                0x080024dc                MAX30100_PlotIrToUART
 .text.MAX30100_PlotBothToUART
                0x08002540       0x7c ./Core/Src/max30100_for_stm32_hal.o
                0x08002540                MAX30100_PlotBothToUART
 .text.MAX30100_Stop
                0x080025bc       0x24 ./Core/Src/max30100_for_stm32_hal.o
                0x080025bc                MAX30100_Stop
 .text.HAL_MspInit
                0x080025e0       0x50 ./Core/Src/stm32f4xx_hal_msp.o
                0x080025e0                HAL_MspInit
 .text.HAL_ADC_MspInit
                0x08002630       0x88 ./Core/Src/stm32f4xx_hal_msp.o
                0x08002630                HAL_ADC_MspInit
 .text.HAL_I2C_MspInit
                0x080026b8       0x90 ./Core/Src/stm32f4xx_hal_msp.o
                0x080026b8                HAL_I2C_MspInit
 .text.HAL_SPI_MspInit
                0x08002748       0x90 ./Core/Src/stm32f4xx_hal_msp.o
                0x08002748                HAL_SPI_MspInit
 .text.HAL_TIM_Base_MspInit
                0x080027d8       0x40 ./Core/Src/stm32f4xx_hal_msp.o
                0x080027d8                HAL_TIM_Base_MspInit
 .text.HAL_UART_MspInit
                0x08002818       0x90 ./Core/Src/stm32f4xx_hal_msp.o
                0x08002818                HAL_UART_MspInit
 .text.HAL_FSMC_MspInit
                0x080028a8       0x98 ./Core/Src/stm32f4xx_hal_msp.o
 .text.HAL_SRAM_MspInit
                0x08002940       0x14 ./Core/Src/stm32f4xx_hal_msp.o
                0x08002940                HAL_SRAM_MspInit
 .text.NMI_Handler
                0x08002954        0xe ./Core/Src/stm32f4xx_it.o
                0x08002954                NMI_Handler
 .text.HardFault_Handler
                0x08002962        0x8 ./Core/Src/stm32f4xx_it.o
                0x08002962                HardFault_Handler
 .text.MemManage_Handler
                0x0800296a        0x8 ./Core/Src/stm32f4xx_it.o
                0x0800296a                MemManage_Handler
 .text.BusFault_Handler
                0x08002972        0x8 ./Core/Src/stm32f4xx_it.o
                0x08002972                BusFault_Handler
 .text.UsageFault_Handler
                0x0800297a        0x8 ./Core/Src/stm32f4xx_it.o
                0x0800297a                UsageFault_Handler
 .text.SVC_Handler
                0x08002982        0xe ./Core/Src/stm32f4xx_it.o
                0x08002982                SVC_Handler
 .text.DebugMon_Handler
                0x08002990        0xe ./Core/Src/stm32f4xx_it.o
                0x08002990                DebugMon_Handler
 .text.PendSV_Handler
                0x0800299e        0xe ./Core/Src/stm32f4xx_it.o
                0x0800299e                PendSV_Handler
 .text.SysTick_Handler
                0x080029ac        0xc ./Core/Src/stm32f4xx_it.o
                0x080029ac                SysTick_Handler
 .text.EXTI0_IRQHandler
                0x080029b8       0x12 ./Core/Src/stm32f4xx_it.o
                0x080029b8                EXTI0_IRQHandler
 *fill*         0x080029ca        0x2 
 .text._sbrk    0x080029cc       0x6c ./Core/Src/sysmem.o
                0x080029cc                _sbrk
 .text.SystemInit
                0x08002a38       0x24 ./Core/Src/system_stm32f4xx.o
                0x08002a38                SystemInit
 .text.TouchCalibrate
                0x08002a5c       0x5c ./Core/Src/touch.o
                0x08002a5c                TouchCalibrate
 .text.Reset_Handler
                0x08002ab8       0x50 ./Core/Startup/startup_stm32f407vetx.o
                0x08002ab8                Reset_Handler
 .text.Default_Handler
                0x08002b08        0x2 ./Core/Startup/startup_stm32f407vetx.o
                0x08002b08                RTC_Alarm_IRQHandler
                0x08002b08                HASH_RNG_IRQHandler
                0x08002b08                EXTI2_IRQHandler
                0x08002b08                TIM8_CC_IRQHandler
                0x08002b08                TIM1_CC_IRQHandler
                0x08002b08                DMA2_Stream5_IRQHandler
                0x08002b08                DMA1_Stream5_IRQHandler
                0x08002b08                PVD_IRQHandler
                0x08002b08                SDIO_IRQHandler
                0x08002b08                TAMP_STAMP_IRQHandler
                0x08002b08                CAN2_RX1_IRQHandler
                0x08002b08                EXTI3_IRQHandler
                0x08002b08                TIM8_TRG_COM_TIM14_IRQHandler
                0x08002b08                TIM1_UP_TIM10_IRQHandler
                0x08002b08                TIM8_UP_TIM13_IRQHandler
                0x08002b08                I2C3_ER_IRQHandler
                0x08002b08                I2C2_EV_IRQHandler
                0x08002b08                DMA1_Stream2_IRQHandler
                0x08002b08                CAN1_RX0_IRQHandler
                0x08002b08                FPU_IRQHandler
                0x08002b08                OTG_HS_WKUP_IRQHandler
                0x08002b08                CAN2_SCE_IRQHandler
                0x08002b08                DMA2_Stream2_IRQHandler
                0x08002b08                SPI1_IRQHandler
                0x08002b08                TIM6_DAC_IRQHandler
                0x08002b08                TIM1_BRK_TIM9_IRQHandler
                0x08002b08                DCMI_IRQHandler
                0x08002b08                CAN2_RX0_IRQHandler
                0x08002b08                DMA2_Stream3_IRQHandler
                0x08002b08                USART6_IRQHandler
                0x08002b08                USART3_IRQHandler
                0x08002b08                CAN1_RX1_IRQHandler
                0x08002b08                UART5_IRQHandler
                0x08002b08                DMA2_Stream0_IRQHandler
                0x08002b08                TIM4_IRQHandler
                0x08002b08                I2C1_EV_IRQHandler
                0x08002b08                DMA1_Stream6_IRQHandler
                0x08002b08                DMA1_Stream1_IRQHandler
                0x08002b08                UART4_IRQHandler
                0x08002b08                TIM3_IRQHandler
                0x08002b08                RCC_IRQHandler
                0x08002b08                TIM8_BRK_TIM12_IRQHandler
                0x08002b08                Default_Handler
                0x08002b08                EXTI15_10_IRQHandler
                0x08002b08                ADC_IRQHandler
                0x08002b08                DMA1_Stream7_IRQHandler
                0x08002b08                TIM7_IRQHandler
                0x08002b08                CAN2_TX_IRQHandler
                0x08002b08                TIM5_IRQHandler
                0x08002b08                DMA2_Stream7_IRQHandler
                0x08002b08                I2C3_EV_IRQHandler
                0x08002b08                EXTI9_5_IRQHandler
                0x08002b08                RTC_WKUP_IRQHandler
                0x08002b08                ETH_WKUP_IRQHandler
                0x08002b08                SPI2_IRQHandler
                0x08002b08                OTG_HS_EP1_IN_IRQHandler
                0x08002b08                DMA1_Stream0_IRQHandler
                0x08002b08                CAN1_TX_IRQHandler
                0x08002b08                EXTI4_IRQHandler
                0x08002b08                FSMC_IRQHandler
                0x08002b08                ETH_IRQHandler
                0x08002b08                OTG_HS_EP1_OUT_IRQHandler
                0x08002b08                WWDG_IRQHandler
                0x08002b08                TIM2_IRQHandler
                0x08002b08                OTG_FS_WKUP_IRQHandler
                0x08002b08                TIM1_TRG_COM_TIM11_IRQHandler
                0x08002b08                OTG_HS_IRQHandler
                0x08002b08                EXTI1_IRQHandler
                0x08002b08                USART2_IRQHandler
                0x08002b08                I2C2_ER_IRQHandler
                0x08002b08                DMA2_Stream1_IRQHandler
                0x08002b08                CAN1_SCE_IRQHandler
                0x08002b08                FLASH_IRQHandler
                0x08002b08                DMA2_Stream4_IRQHandler
                0x08002b08                USART1_IRQHandler
                0x08002b08                OTG_FS_IRQHandler
                0x08002b08                SPI3_IRQHandler
                0x08002b08                DMA1_Stream4_IRQHandler
                0x08002b08                I2C1_ER_IRQHandler
                0x08002b08                DMA2_Stream6_IRQHandler
                0x08002b08                DMA1_Stream3_IRQHandler
 *fill*         0x08002b0a        0x2 
 .text.HAL_Init
                0x08002b0c       0x44 ./Drivers/STM32F4xx_HAL_Driver/Src/stm32f4xx_hal.o
                0x08002b0c                HAL_Init
 .text.HAL_InitTick
                0x08002b50       0x60 ./Drivers/STM32F4xx_HAL_Driver/Src/stm32f4xx_hal.o
                0x08002b50                HAL_InitTick
 .text.HAL_IncTick
                0x08002bb0       0x28 ./Drivers/STM32F4xx_HAL_Driver/Src/stm32f4xx_hal.o
                0x08002bb0                HAL_IncTick
 .text.HAL_GetTick
                0x08002bd8       0x18 ./Drivers/STM32F4xx_HAL_Driver/Src/stm32f4xx_hal.o
                0x08002bd8                HAL_GetTick
 .text.HAL_Delay
                0x08002bf0       0x48 ./Drivers/STM32F4xx_HAL_Driver/Src/stm32f4xx_hal.o
                0x08002bf0                HAL_Delay
 .text.HAL_ADC_Init
                0x08002c38       0x86 ./Drivers/STM32F4xx_HAL_Driver/Src/stm32f4xx_hal_adc.o
                0x08002c38                HAL_ADC_Init
 *fill*         0x08002cbe        0x2 
 .text.HAL_ADC_Start
                0x08002cc0      0x1a4 ./Drivers/STM32F4xx_HAL_Driver/Src/stm32f4xx_hal_adc.o
                0x08002cc0                HAL_ADC_Start
 .text.HAL_ADC_Stop
                0x08002e64       0x66 ./Drivers/STM32F4xx_HAL_Driver/Src/stm32f4xx_hal_adc.o
                0x08002e64                HAL_ADC_Stop
 .text.HAL_ADC_PollForConversion
                0x08002eca      0x116 ./Drivers/STM32F4xx_HAL_Driver/Src/stm32f4xx_hal_adc.o
                0x08002eca                HAL_ADC_PollForConversion
 .text.HAL_ADC_GetValue
                0x08002fe0       0x1a ./Drivers/STM32F4xx_HAL_Driver/Src/stm32f4xx_hal_adc.o
                0x08002fe0                HAL_ADC_GetValue
 *fill*         0x08002ffa        0x2 
 .text.HAL_ADC_ConfigChannel
                0x08002ffc      0x244 ./Drivers/STM32F4xx_HAL_Driver/Src/stm32f4xx_hal_adc.o
                0x08002ffc                HAL_ADC_ConfigChannel
 .text.ADC_Init
                0x08003240      0x1f8 ./Drivers/STM32F4xx_HAL_Driver/Src/stm32f4xx_hal_adc.o
 .text.__NVIC_SetPriorityGrouping
                0x08003438       0x48 ./Drivers/STM32F4xx_HAL_Driver/Src/stm32f4xx_hal_cortex.o
 .text.__NVIC_GetPriorityGrouping
                0x08003480       0x1c ./Drivers/STM32F4xx_HAL_Driver/Src/stm32f4xx_hal_cortex.o
 .text.__NVIC_EnableIRQ
                0x0800349c       0x3c ./Drivers/STM32F4xx_HAL_Driver/Src/stm32f4xx_hal_cortex.o
 .text.__NVIC_SetPriority
                0x080034d8       0x54 ./Drivers/STM32F4xx_HAL_Driver/Src/stm32f4xx_hal_cortex.o
 .text.NVIC_EncodePriority
                0x0800352c       0x66 ./Drivers/STM32F4xx_HAL_Driver/Src/stm32f4xx_hal_cortex.o
 *fill*         0x08003592        0x2 
 .text.SysTick_Config
                0x08003594       0x44 ./Drivers/STM32F4xx_HAL_Driver/Src/stm32f4xx_hal_cortex.o
 .text.HAL_NVIC_SetPriorityGrouping
                0x080035d8       0x16 ./Drivers/STM32F4xx_HAL_Driver/Src/stm32f4xx_hal_cortex.o
                0x080035d8                HAL_NVIC_SetPriorityGrouping
 .text.HAL_NVIC_SetPriority
                0x080035ee       0x38 ./Drivers/STM32F4xx_HAL_Driver/Src/stm32f4xx_hal_cortex.o
                0x080035ee                HAL_NVIC_SetPriority
 .text.HAL_NVIC_EnableIRQ
                0x08003626       0x1c ./Drivers/STM32F4xx_HAL_Driver/Src/stm32f4xx_hal_cortex.o
                0x08003626                HAL_NVIC_EnableIRQ
 .text.HAL_SYSTICK_Config
                0x08003642       0x18 ./Drivers/STM32F4xx_HAL_Driver/Src/stm32f4xx_hal_cortex.o
                0x08003642                HAL_SYSTICK_Config
 *fill*         0x0800365a        0x2 
 .text.HAL_GPIO_Init
                0x0800365c      0x338 ./Drivers/STM32F4xx_HAL_Driver/Src/stm32f4xx_hal_gpio.o
                0x0800365c                HAL_GPIO_Init
 .text.HAL_GPIO_ReadPin
                0x08003994       0x30 ./Drivers/STM32F4xx_HAL_Driver/Src/stm32f4xx_hal_gpio.o
                0x08003994                HAL_GPIO_ReadPin
 .text.HAL_GPIO_WritePin
                0x080039c4       0x32 ./Drivers/STM32F4xx_HAL_Driver/Src/stm32f4xx_hal_gpio.o
                0x080039c4                HAL_GPIO_WritePin
 *fill*         0x080039f6        0x2 
 .text.HAL_GPIO_EXTI_IRQHandler
                0x080039f8       0x30 ./Drivers/STM32F4xx_HAL_Driver/Src/stm32f4xx_hal_gpio.o
                0x080039f8                HAL_GPIO_EXTI_IRQHandler
 .text.HAL_I2C_Init
                0x08003a28      0x288 ./Drivers/STM32F4xx_HAL_Driver/Src/stm32f4xx_hal_i2c.o
                0x08003a28                HAL_I2C_Init
 .text.HAL_I2C_Master_Transmit
                0x08003cb0      0x1fc ./Drivers/STM32F4xx_HAL_Driver/Src/stm32f4xx_hal_i2c.o
                0x08003cb0                HAL_I2C_Master_Transmit
 .text.HAL_I2C_Master_Receive
                0x08003eac      0x464 ./Drivers/STM32F4xx_HAL_Driver/Src/stm32f4xx_hal_i2c.o
                0x08003eac                HAL_I2C_Master_Receive
 .text.I2C_MasterRequestWrite
                0x08004310      0x104 ./Drivers/STM32F4xx_HAL_Driver/Src/stm32f4xx_hal_i2c.o
 .text.I2C_MasterRequestRead
                0x08004414      0x19c ./Drivers/STM32F4xx_HAL_Driver/Src/stm32f4xx_hal_i2c.o
 .text.I2C_WaitOnFlagUntilTimeout
                0x080045b0       0xf4 ./Drivers/STM32F4xx_HAL_Driver/Src/stm32f4xx_hal_i2c.o
 .text.I2C_WaitOnMasterAddressFlagUntilTimeout
                0x080046a4      0x140 ./Drivers/STM32F4xx_HAL_Driver/Src/stm32f4xx_hal_i2c.o
 .text.I2C_WaitOnTXEFlagUntilTimeout
                0x080047e4       0x90 ./Drivers/STM32F4xx_HAL_Driver/Src/stm32f4xx_hal_i2c.o
 .text.I2C_WaitOnBTFFlagUntilTimeout
                0x08004874       0x90 ./Drivers/STM32F4xx_HAL_Driver/Src/stm32f4xx_hal_i2c.o
 .text.I2C_WaitOnRXNEFlagUntilTimeout
                0x08004904       0xba ./Drivers/STM32F4xx_HAL_Driver/Src/stm32f4xx_hal_i2c.o
 .text.I2C_IsAcknowledgeFailed
                0x080049be       0x5e ./Drivers/STM32F4xx_HAL_Driver/Src/stm32f4xx_hal_i2c.o
 .text.HAL_RCC_OscConfig
                0x08004a1c      0x4f0 ./Drivers/STM32F4xx_HAL_Driver/Src/stm32f4xx_hal_rcc.o
                0x08004a1c                HAL_RCC_OscConfig
 .text.HAL_RCC_ClockConfig
                0x08004f0c      0x1cc ./Drivers/STM32F4xx_HAL_Driver/Src/stm32f4xx_hal_rcc.o
                0x08004f0c                HAL_RCC_ClockConfig
 .text.HAL_RCC_GetSysClockFreq
                0x080050d8      0x20c ./Drivers/STM32F4xx_HAL_Driver/Src/stm32f4xx_hal_rcc.o
                0x080050d8                HAL_RCC_GetSysClockFreq
 .text.HAL_RCC_GetHCLKFreq
                0x080052e4       0x18 ./Drivers/STM32F4xx_HAL_Driver/Src/stm32f4xx_hal_rcc.o
                0x080052e4                HAL_RCC_GetHCLKFreq
 .text.HAL_RCC_GetPCLK1Freq
                0x080052fc       0x28 ./Drivers/STM32F4xx_HAL_Driver/Src/stm32f4xx_hal_rcc.o
                0x080052fc                HAL_RCC_GetPCLK1Freq
 .text.HAL_RCC_GetPCLK2Freq
                0x08005324       0x28 ./Drivers/STM32F4xx_HAL_Driver/Src/stm32f4xx_hal_rcc.o
                0x08005324                HAL_RCC_GetPCLK2Freq
 .text.HAL_SPI_Init
                0x0800534c      0x112 ./Drivers/STM32F4xx_HAL_Driver/Src/stm32f4xx_hal_spi.o
                0x0800534c                HAL_SPI_Init
 .text.HAL_SRAM_Init
                0x0800545e       0x90 ./Drivers/STM32F4xx_HAL_Driver/Src/stm32f4xx_hal_sram.o
                0x0800545e                HAL_SRAM_Init
 .text.HAL_TIM_Base_Init
                0x080054ee       0x9e ./Drivers/STM32F4xx_HAL_Driver/Src/stm32f4xx_hal_tim.o
                0x080054ee                HAL_TIM_Base_Init
 .text.HAL_TIM_Base_Start_IT
                0x0800558c       0xe0 ./Drivers/STM32F4xx_HAL_Driver/Src/stm32f4xx_hal_tim.o
                0x0800558c                HAL_TIM_Base_Start_IT
 .text.HAL_TIM_ConfigClockSource
                0x0800566c      0x18e ./Drivers/STM32F4xx_HAL_Driver/Src/stm32f4xx_hal_tim.o
                0x0800566c                HAL_TIM_ConfigClockSource
 *fill*         0x080057fa        0x2 
 .text.TIM_Base_SetConfig
                0x080057fc      0x158 ./Drivers/STM32F4xx_HAL_Driver/Src/stm32f4xx_hal_tim.o
                0x080057fc                TIM_Base_SetConfig
 .text.TIM_TI1_ConfigInputStage
                0x08005954       0x5e ./Drivers/STM32F4xx_HAL_Driver/Src/stm32f4xx_hal_tim.o
 .text.TIM_TI2_ConfigInputStage
                0x080059b2       0x60 ./Drivers/STM32F4xx_HAL_Driver/Src/stm32f4xx_hal_tim.o
 .text.TIM_ITRx_SetConfig
                0x08005a12       0x36 ./Drivers/STM32F4xx_HAL_Driver/Src/stm32f4xx_hal_tim.o
 .text.TIM_ETR_SetConfig
                0x08005a48       0x40 ./Drivers/STM32F4xx_HAL_Driver/Src/stm32f4xx_hal_tim.o
                0x08005a48                TIM_ETR_SetConfig
 .text.HAL_TIMEx_MasterConfigSynchronization
                0x08005a88       0xf8 ./Drivers/STM32F4xx_HAL_Driver/Src/stm32f4xx_hal_tim_ex.o
                0x08005a88                HAL_TIMEx_MasterConfigSynchronization
 .text.HAL_UART_Init
                0x08005b80       0xa0 ./Drivers/STM32F4xx_HAL_Driver/Src/stm32f4xx_hal_uart.o
                0x08005b80                HAL_UART_Init
 .text.HAL_UART_Transmit
                0x08005c20      0x116 ./Drivers/STM32F4xx_HAL_Driver/Src/stm32f4xx_hal_uart.o
                0x08005c20                HAL_UART_Transmit
 .text.UART_WaitOnFlagUntilTimeout
                0x08005d36       0xb2 ./Drivers/STM32F4xx_HAL_Driver/Src/stm32f4xx_hal_uart.o
 .text.UART_EndRxTransfer
                0x08005de8       0xc6 ./Drivers/STM32F4xx_HAL_Driver/Src/stm32f4xx_hal_uart.o
 *fill*         0x08005eae        0x2 
 .text.UART_SetConfig
                0x08005eb0      0x4e8 ./Drivers/STM32F4xx_HAL_Driver/Src/stm32f4xx_hal_uart.o
 .text.FSMC_NORSRAM_Init
                0x08006398       0xd4 ./Drivers/STM32F4xx_HAL_Driver/Src/stm32f4xx_ll_fsmc.o
                0x08006398                FSMC_NORSRAM_Init
 .text.FSMC_NORSRAM_Timing_Init
                0x0800646c       0x6a ./Drivers/STM32F4xx_HAL_Driver/Src/stm32f4xx_ll_fsmc.o
                0x0800646c                FSMC_NORSRAM_Timing_Init
 *fill*         0x080064d6        0x2 
 .text.FSMC_NORSRAM_Extended_Timing_Init
                0x080064d8       0x70 ./Drivers/STM32F4xx_HAL_Driver/Src/stm32f4xx_ll_fsmc.o
                0x080064d8                FSMC_NORSRAM_Extended_Timing_Init
 .text.sbrk_aligned
                0x08006548       0x44 C:/ST/STM32CubeIDE_1.18.1/STM32CubeIDE/plugins/com.st.stm32cube.ide.mcu.externaltools.gnu-tools-for-stm32.13.3.rel1.win32_1.0.0.202411081344/tools/bin/../lib/gcc/arm-none-eabi/13.3.1/../../../../arm-none-eabi/lib/thumb/v7e-m+fp/hard\libc_nano.a(libc_a-mallocr.o)
 .text._malloc_r
                0x0800658c      0x100 C:/ST/STM32CubeIDE_1.18.1/STM32CubeIDE/plugins/com.st.stm32cube.ide.mcu.externaltools.gnu-tools-for-stm32.13.3.rel1.win32_1.0.0.202411081344/tools/bin/../lib/gcc/arm-none-eabi/13.3.1/../../../../arm-none-eabi/lib/thumb/v7e-m+fp/hard\libc_nano.a(libc_a-mallocr.o)
                0x0800658c                _malloc_r
 .text.__malloc_lock
                0x0800668c        0xc C:/ST/STM32CubeIDE_1.18.1/STM32CubeIDE/plugins/com.st.stm32cube.ide.mcu.externaltools.gnu-tools-for-stm32.13.3.rel1.win32_1.0.0.202411081344/tools/bin/../lib/gcc/arm-none-eabi/13.3.1/../../../../arm-none-eabi/lib/thumb/v7e-m+fp/hard\libc_nano.a(libc_a-mlock.o)
                0x0800668c                __malloc_lock
 .text.__malloc_unlock
                0x08006698        0xc C:/ST/STM32CubeIDE_1.18.1/STM32CubeIDE/plugins/com.st.stm32cube.ide.mcu.externaltools.gnu-tools-for-stm32.13.3.rel1.win32_1.0.0.202411081344/tools/bin/../lib/gcc/arm-none-eabi/13.3.1/../../../../arm-none-eabi/lib/thumb/v7e-m+fp/hard\libc_nano.a(libc_a-mlock.o)
                0x08006698                __malloc_unlock
 .text._realloc_r
                0x080066a4       0x5c C:/ST/STM32CubeIDE_1.18.1/STM32CubeIDE/plugins/com.st.stm32cube.ide.mcu.externaltools.gnu-tools-for-stm32.13.3.rel1.win32_1.0.0.202411081344/tools/bin/../lib/gcc/arm-none-eabi/13.3.1/../../../../arm-none-eabi/lib/thumb/v7e-m+fp/hard\libc_nano.a(libc_a-reallocr.o)
                0x080066a4                _realloc_r
 .text.sprintf  0x08006700       0x44 C:/ST/STM32CubeIDE_1.18.1/STM32CubeIDE/plugins/com.st.stm32cube.ide.mcu.externaltools.gnu-tools-for-stm32.13.3.rel1.win32_1.0.0.202411081344/tools/bin/../lib/gcc/arm-none-eabi/13.3.1/../../../../arm-none-eabi/lib/thumb/v7e-m+fp/hard\libc_nano.a(libc_a-sprintf.o)
                0x08006700                siprintf
                0x08006700                sprintf
 .text._vsprintf_r
                0x08006744       0x2c C:/ST/STM32CubeIDE_1.18.1/STM32CubeIDE/plugins/com.st.stm32cube.ide.mcu.externaltools.gnu-tools-for-stm32.13.3.rel1.win32_1.0.0.202411081344/tools/bin/../lib/gcc/arm-none-eabi/13.3.1/../../../../arm-none-eabi/lib/thumb/v7e-m+fp/hard\libc_nano.a(libc_a-vsprintf.o)
                0x08006744                _vsprintf_r
                0x08006744                _vsiprintf_r
 .text.vsprintf
                0x08006770       0x14 C:/ST/STM32CubeIDE_1.18.1/STM32CubeIDE/plugins/com.st.stm32cube.ide.mcu.externaltools.gnu-tools-for-stm32.13.3.rel1.win32_1.0.0.202411081344/tools/bin/../lib/gcc/arm-none-eabi/13.3.1/../../../../arm-none-eabi/lib/thumb/v7e-m+fp/hard\libc_nano.a(libc_a-vsprintf.o)
                0x08006770                vsiprintf
                0x08006770                vsprintf
 .text.memset   0x08006784       0x10 C:/ST/STM32CubeIDE_1.18.1/STM32CubeIDE/plugins/com.st.stm32cube.ide.mcu.externaltools.gnu-tools-for-stm32.13.3.rel1.win32_1.0.0.202411081344/tools/bin/../lib/gcc/arm-none-eabi/13.3.1/../../../../arm-none-eabi/lib/thumb/v7e-m+fp/hard\libc_nano.a(libc_a-memset.o)
                0x08006784                memset
 .text._sbrk_r  0x08006794       0x20 C:/ST/STM32CubeIDE_1.18.1/STM32CubeIDE/plugins/com.st.stm32cube.ide.mcu.externaltools.gnu-tools-for-stm32.13.3.rel1.win32_1.0.0.202411081344/tools/bin/../lib/gcc/arm-none-eabi/13.3.1/../../../../arm-none-eabi/lib/thumb/v7e-m+fp/hard\libc_nano.a(libc_a-sbrkr.o)
                0x08006794                _sbrk_r
 .text.__errno  0x080067b4        0xc C:/ST/STM32CubeIDE_1.18.1/STM32CubeIDE/plugins/com.st.stm32cube.ide.mcu.externaltools.gnu-tools-for-stm32.13.3.rel1.win32_1.0.0.202411081344/tools/bin/../lib/gcc/arm-none-eabi/13.3.1/../../../../arm-none-eabi/lib/thumb/v7e-m+fp/hard\libc_nano.a(libc_a-errno.o)
                0x080067b4                __errno
 .text.__libc_init_array
                0x080067c0       0x48 C:/ST/STM32CubeIDE_1.18.1/STM32CubeIDE/plugins/com.st.stm32cube.ide.mcu.externaltools.gnu-tools-for-stm32.13.3.rel1.win32_1.0.0.202411081344/tools/bin/../lib/gcc/arm-none-eabi/13.3.1/../../../../arm-none-eabi/lib/thumb/v7e-m+fp/hard\libc_nano.a(libc_a-init.o)
                0x080067c0                __libc_init_array
 .text.__retarget_lock_acquire_recursive
                0x08006808        0x2 C:/ST/STM32CubeIDE_1.18.1/STM32CubeIDE/plugins/com.st.stm32cube.ide.mcu.externaltools.gnu-tools-for-stm32.13.3.rel1.win32_1.0.0.202411081344/tools/bin/../lib/gcc/arm-none-eabi/13.3.1/../../../../arm-none-eabi/lib/thumb/v7e-m+fp/hard\libc_nano.a(libc_a-lock.o)
                0x08006808                __retarget_lock_acquire_recursive
 .text.__retarget_lock_release_recursive
                0x0800680a        0x2 C:/ST/STM32CubeIDE_1.18.1/STM32CubeIDE/plugins/com.st.stm32cube.ide.mcu.externaltools.gnu-tools-for-stm32.13.3.rel1.win32_1.0.0.202411081344/tools/bin/../lib/gcc/arm-none-eabi/13.3.1/../../../../arm-none-eabi/lib/thumb/v7e-m+fp/hard\libc_nano.a(libc_a-lock.o)
                0x0800680a                __retarget_lock_release_recursive
 .text.memcpy   0x0800680c       0x1c C:/ST/STM32CubeIDE_1.18.1/STM32CubeIDE/plugins/com.st.stm32cube.ide.mcu.externaltools.gnu-tools-for-stm32.13.3.rel1.win32_1.0.0.202411081344/tools/bin/../lib/gcc/arm-none-eabi/13.3.1/../../../../arm-none-eabi/lib/thumb/v7e-m+fp/hard\libc_nano.a(libc_a-memcpy-stub.o)
                0x0800680c                memcpy
 .text._free_r  0x08006828       0x94 C:/ST/STM32CubeIDE_1.18.1/STM32CubeIDE/plugins/com.st.stm32cube.ide.mcu.externaltools.gnu-tools-for-stm32.13.3.rel1.win32_1.0.0.202411081344/tools/bin/../lib/gcc/arm-none-eabi/13.3.1/../../../../arm-none-eabi/lib/thumb/v7e-m+fp/hard\libc_nano.a(libc_a-freer.o)
                0x08006828                _free_r
 .text._malloc_usable_size_r
                0x080068bc       0x10 C:/ST/STM32CubeIDE_1.18.1/STM32CubeIDE/plugins/com.st.stm32cube.ide.mcu.externaltools.gnu-tools-for-stm32.13.3.rel1.win32_1.0.0.202411081344/tools/bin/../lib/gcc/arm-none-eabi/13.3.1/../../../../arm-none-eabi/lib/thumb/v7e-m+fp/hard\libc_nano.a(libc_a-msizer.o)
                0x080068bc                _malloc_usable_size_r
 .text.__ssputs_r
                0x080068cc       0xb6 C:/ST/STM32CubeIDE_1.18.1/STM32CubeIDE/plugins/com.st.stm32cube.ide.mcu.externaltools.gnu-tools-for-stm32.13.3.rel1.win32_1.0.0.202411081344/tools/bin/../lib/gcc/arm-none-eabi/13.3.1/../../../../arm-none-eabi/lib/thumb/v7e-m+fp/hard\libc_nano.a(libc_a-nano-svfprintf.o)
                0x080068cc                __ssputs_r
 *fill*         0x08006982        0x2 
 .text._svfprintf_r
                0x08006984      0x1f8 C:/ST/STM32CubeIDE_1.18.1/STM32CubeIDE/plugins/com.st.stm32cube.ide.mcu.externaltools.gnu-tools-for-stm32.13.3.rel1.win32_1.0.0.202411081344/tools/bin/../lib/gcc/arm-none-eabi/13.3.1/../../../../arm-none-eabi/lib/thumb/v7e-m+fp/hard\libc_nano.a(libc_a-nano-svfprintf.o)
                0x08006984                _svfiprintf_r
                0x08006984                _svfprintf_r
 .text._printf_common
                0x08006b7c       0xda C:/ST/STM32CubeIDE_1.18.1/STM32CubeIDE/plugins/com.st.stm32cube.ide.mcu.externaltools.gnu-tools-for-stm32.13.3.rel1.win32_1.0.0.202411081344/tools/bin/../lib/gcc/arm-none-eabi/13.3.1/../../../../arm-none-eabi/lib/thumb/v7e-m+fp/hard\libc_nano.a(libc_a-nano-vfprintf_i.o)
                0x08006b7c                _printf_common
 *fill*         0x08006c56        0x2 
 .text._printf_i
                0x08006c58      0x23c C:/ST/STM32CubeIDE_1.18.1/STM32CubeIDE/plugins/com.st.stm32cube.ide.mcu.externaltools.gnu-tools-for-stm32.13.3.rel1.win32_1.0.0.202411081344/tools/bin/../lib/gcc/arm-none-eabi/13.3.1/../../../../arm-none-eabi/lib/thumb/v7e-m+fp/hard\libc_nano.a(libc_a-nano-vfprintf_i.o)
                0x08006c58                _printf_i
 .text.memmove  0x08006e94       0x34 C:/ST/STM32CubeIDE_1.18.1/STM32CubeIDE/plugins/com.st.stm32cube.ide.mcu.externaltools.gnu-tools-for-stm32.13.3.rel1.win32_1.0.0.202411081344/tools/bin/../lib/gcc/arm-none-eabi/13.3.1/../../../../arm-none-eabi/lib/thumb/v7e-m+fp/hard\libc_nano.a(libc_a-memmove.o)
                0x08006e94                memmove
 *(.glue_7)
 .glue_7        0x08006ec8        0x0 linker stubs
 *(.glue_7t)
 .glue_7t       0x08006ec8        0x0 linker stubs
 *(.eh_frame)
 .eh_frame      0x08006ec8        0x0 C:/ST/STM32CubeIDE_1.18.1/STM32CubeIDE/plugins/com.st.stm32cube.ide.mcu.externaltools.gnu-tools-for-stm32.13.3.rel1.win32_1.0.0.202411081344/tools/bin/../lib/gcc/arm-none-eabi/13.3.1/thumb/v7e-m+fp/hard/crtbegin.o
 *(.init)
 .init          0x08006ec8        0x4 C:/ST/STM32CubeIDE_1.18.1/STM32CubeIDE/plugins/com.st.stm32cube.ide.mcu.externaltools.gnu-tools-for-stm32.13.3.rel1.win32_1.0.0.202411081344/tools/bin/../lib/gcc/arm-none-eabi/13.3.1/thumb/v7e-m+fp/hard/crti.o
                0x08006ec8                _init
 .init          0x08006ecc        0x8 C:/ST/STM32CubeIDE_1.18.1/STM32CubeIDE/plugins/com.st.stm32cube.ide.mcu.externaltools.gnu-tools-for-stm32.13.3.rel1.win32_1.0.0.202411081344/tools/bin/../lib/gcc/arm-none-eabi/13.3.1/thumb/v7e-m+fp/hard/crtn.o
 *(.fini)
 .fini          0x08006ed4        0x4 C:/ST/STM32CubeIDE_1.18.1/STM32CubeIDE/plugins/com.st.stm32cube.ide.mcu.externaltools.gnu-tools-for-stm32.13.3.rel1.win32_1.0.0.202411081344/tools/bin/../lib/gcc/arm-none-eabi/13.3.1/thumb/v7e-m+fp/hard/crti.o
                0x08006ed4                _fini
 .fini          0x08006ed8        0x8 C:/ST/STM32CubeIDE_1.18.1/STM32CubeIDE/plugins/com.st.stm32cube.ide.mcu.externaltools.gnu-tools-for-stm32.13.3.rel1.win32_1.0.0.202411081344/tools/bin/../lib/gcc/arm-none-eabi/13.3.1/thumb/v7e-m+fp/hard/crtn.o
                0x08006ee0                        . = ALIGN (0x4)
                0x08006ee0                        _etext = .

.vfp11_veneer   0x08006ee0        0x0
 .vfp11_veneer  0x08006ee0        0x0 linker stubs

.v4_bx          0x08006ee0        0x0
 .v4_bx         0x08006ee0        0x0 linker stubs

.iplt           0x08006ee0        0x0
 .iplt          0x08006ee0        0x0 C:/ST/STM32CubeIDE_1.18.1/STM32CubeIDE/plugins/com.st.stm32cube.ide.mcu.externaltools.gnu-tools-for-stm32.13.3.rel1.win32_1.0.0.202411081344/tools/bin/../lib/gcc/arm-none-eabi/13.3.1/thumb/v7e-m+fp/hard/crtbegin.o

.rodata         0x08006ee0     0x1318
                0x08006ee0                        . = ALIGN (0x4)
 *(.rodata)
 .rodata        0x08006ee0      0x239 ./Core/Src/main.o
 *fill*         0x08007119        0x3 
 .rodata        0x0800711c       0x22 ./Core/Src/max30100_for_stm32_hal.o
 *fill*         0x0800713e        0x2 
 .rodata        0x08007140       0x18 ./Core/Src/touch.o
 *(.rodata*)
 .rodata.Font12_Table
                0x08007158      0x474 ./Core/Src/font12.o
                0x08007158                Font12_Table
 .rodata.Font16_Table
                0x080075cc      0xbe0 ./Core/Src/font16.o
                0x080075cc                Font16_Table
 .rodata.AHBPrescTable
                0x080081ac       0x10 ./Core/Src/system_stm32f4xx.o
                0x080081ac                AHBPrescTable
 .rodata.APBPrescTable
                0x080081bc        0x8 ./Core/Src/system_stm32f4xx.o
                0x080081bc                APBPrescTable
 .rodata._svfprintf_r.str1.1
                0x080081c4       0x33 C:/ST/STM32CubeIDE_1.18.1/STM32CubeIDE/plugins/com.st.stm32cube.ide.mcu.externaltools.gnu-tools-for-stm32.13.3.rel1.win32_1.0.0.202411081344/tools/bin/../lib/gcc/arm-none-eabi/13.3.1/../../../../arm-none-eabi/lib/thumb/v7e-m+fp/hard\libc_nano.a(libc_a-nano-svfprintf.o)
                                 0x11 (size before relaxing)
 .rodata._printf_i.str1.1
                0x080081f7       0x22 C:/ST/STM32CubeIDE_1.18.1/STM32CubeIDE/plugins/com.st.stm32cube.ide.mcu.externaltools.gnu-tools-for-stm32.13.3.rel1.win32_1.0.0.202411081344/tools/bin/../lib/gcc/arm-none-eabi/13.3.1/../../../../arm-none-eabi/lib/thumb/v7e-m+fp/hard\libc_nano.a(libc_a-nano-vfprintf_i.o)
                0x0800821c                        . = ALIGN (0x4)
 *fill*         0x080081f7        0x1 

.ARM.extab      0x080081f8        0x0
                0x080081f8                        . = ALIGN (0x4)
 *(.ARM.extab* .gnu.linkonce.armextab.*)
                0x080081f8                        . = ALIGN (0x4)

.ARM            0x080081f8        0x8
                0x080081f8                        . = ALIGN (0x4)
                0x080081f8                        __exidx_start = .
 *(.ARM.exidx*)
 .ARM.exidx     0x080081f8        0x8 C:/ST/STM32CubeIDE_1.18.1/STM32CubeIDE/plugins/com.st.stm32cube.ide.mcu.externaltools.gnu-tools-for-stm32.13.3.rel1.win32_1.0.0.202411081344/tools/bin/../lib/gcc/arm-none-eabi/13.3.1/../../../../arm-none-eabi/lib/thumb/v7e-m+fp/hard\libc_nano.a(libc_a-strlen.o)
 .ARM.exidx     0x08008200        0x0 C:/ST/STM32CubeIDE_1.18.1/STM32CubeIDE/plugins/com.st.stm32cube.ide.mcu.externaltools.gnu-tools-for-stm32.13.3.rel1.win32_1.0.0.202411081344/tools/bin/../lib/gcc/arm-none-eabi/13.3.1/../../../../arm-none-eabi/lib/thumb/v7e-m+fp/hard\libc_nano.a(libc_a-memchr.o)
                                  0x8 (size before relaxing)
 .ARM.exidx     0x08008200        0x0 C:/ST/STM32CubeIDE_1.18.1/STM32CubeIDE/plugins/com.st.stm32cube.ide.mcu.externaltools.gnu-tools-for-stm32.13.3.rel1.win32_1.0.0.202411081344/tools/bin/../lib/gcc/arm-none-eabi/13.3.1/thumb/v7e-m+fp/hard\libgcc.a(_udivmoddi4.o)
                                  0x8 (size before relaxing)
                0x08008200                        __exidx_end = .
                0x08008200                        . = ALIGN (0x4)

.preinit_array  0x08008200        0x0
                0x08008200                        . = ALIGN (0x4)
                0x08008200                        PROVIDE (__preinit_array_start = .)
 *(.preinit_array*)
                0x08008200                        PROVIDE (__preinit_array_end = .)
                0x08008200                        . = ALIGN (0x4)

.init_array     0x08008200        0x4
                0x08008200                        . = ALIGN (0x4)
                0x08008200                        PROVIDE (__init_array_start = .)
 *(SORT_BY_NAME(.init_array.*))
 *(.init_array*)
 .init_array    0x08008200        0x4 C:/ST/STM32CubeIDE_1.18.1/STM32CubeIDE/plugins/com.st.stm32cube.ide.mcu.externaltools.gnu-tools-for-stm32.13.3.rel1.win32_1.0.0.202411081344/tools/bin/../lib/gcc/arm-none-eabi/13.3.1/thumb/v7e-m+fp/hard/crtbegin.o
                0x08008204                        PROVIDE (__init_array_end = .)
                0x08008204                        . = ALIGN (0x4)

.fini_array     0x08008204        0x4
                0x08008204                        . = ALIGN (0x4)
                [!provide]                        PROVIDE (__fini_array_start = .)
 *(SORT_BY_NAME(.fini_array.*))
 *(.fini_array*)
 .fini_array    0x08008204        0x4 C:/ST/STM32CubeIDE_1.18.1/STM32CubeIDE/plugins/com.st.stm32cube.ide.mcu.externaltools.gnu-tools-for-stm32.13.3.rel1.win32_1.0.0.202411081344/tools/bin/../lib/gcc/arm-none-eabi/13.3.1/thumb/v7e-m+fp/hard/crtbegin.o
                [!provide]                        PROVIDE (__fini_array_end = .)
                0x08008208                        . = ALIGN (0x4)
                0x08008208                        _sidata = LOADADDR (.data)

.rel.dyn        0x08008208        0x0
 .rel.iplt      0x08008208        0x0 C:/ST/STM32CubeIDE_1.18.1/STM32CubeIDE/plugins/com.st.stm32cube.ide.mcu.externaltools.gnu-tools-for-stm32.13.3.rel1.win32_1.0.0.202411081344/tools/bin/../lib/gcc/arm-none-eabi/13.3.1/thumb/v7e-m+fp/hard/crtbegin.o

.data           0x20000000       0x84 load address 0x08008208
                0x20000000                        . = ALIGN (0x4)
                0x20000000                        _sdata = .
 *(.data)
 *(.data*)
 .data.Font12   0x20000000        0x8 ./Core/Src/font12.o
                0x20000000                Font12
 .data.Font16   0x20000008        0x8 ./Core/Src/font16.o
                0x20000008                Font16
 .data.lcdProperties
                0x20000010        0x8 ./Core/Src/ili9341.o
 .data.lcdFont  0x20000018       0x10 ./Core/Src/ili9341.o
 .data.SystemCoreClock
                0x20000028        0x4 ./Core/Src/system_stm32f4xx.o
                0x20000028                SystemCoreClock
 .data.uwTickPrio
                0x2000002c        0x4 ./Drivers/STM32F4xx_HAL_Driver/Src/stm32f4xx_hal.o
                0x2000002c                uwTickPrio
 .data.uwTickFreq
                0x20000030        0x1 ./Drivers/STM32F4xx_HAL_Driver/Src/stm32f4xx_hal.o
                0x20000030                uwTickFreq
 *fill*         0x20000031        0x3 
 .data._impure_ptr
                0x20000034        0x4 C:/ST/STM32CubeIDE_1.18.1/STM32CubeIDE/plugins/com.st.stm32cube.ide.mcu.externaltools.gnu-tools-for-stm32.13.3.rel1.win32_1.0.0.202411081344/tools/bin/../lib/gcc/arm-none-eabi/13.3.1/../../../../arm-none-eabi/lib/thumb/v7e-m+fp/hard\libc_nano.a(libc_a-impure.o)
                0x20000034                _impure_ptr
 .data._impure_data
                0x20000038       0x4c C:/ST/STM32CubeIDE_1.18.1/STM32CubeIDE/plugins/com.st.stm32cube.ide.mcu.externaltools.gnu-tools-for-stm32.13.3.rel1.win32_1.0.0.202411081344/tools/bin/../lib/gcc/arm-none-eabi/13.3.1/../../../../arm-none-eabi/lib/thumb/v7e-m+fp/hard\libc_nano.a(libc_a-impure.o)
                0x20000038                _impure_data
 *(.RamFunc)
 *(.RamFunc*)
                0x20000084                        . = ALIGN (0x4)
                0x20000084                        _edata = .
                0x0800828c                        _siccmram = LOADADDR (.ccmram)

.igot.plt       0x20000084        0x0 load address 0x0800828c
 .igot.plt      0x20000084        0x0 C:/ST/STM32CubeIDE_1.18.1/STM32CubeIDE/plugins/com.st.stm32cube.ide.mcu.externaltools.gnu-tools-for-stm32.13.3.rel1.win32_1.0.0.202411081344/tools/bin/../lib/gcc/arm-none-eabi/13.3.1/thumb/v7e-m+fp/hard/crtbegin.o

.ccmram         0x10000000        0x0 load address 0x0800828c
                0x10000000                        . = ALIGN (0x4)
                0x10000000                        _sccmram = .
 *(.ccmram)
 *(.ccmram*)
                0x10000000                        . = ALIGN (0x4)
                0x10000000                        _eccmram = .
                0x10000000                        . = ALIGN (0x4)

.bss            0x20000084      0x4c0
                0x20000084                        _sbss = .
                0x20000084                        __bss_start__ = _sbss
 *(.bss)
 .bss           0x20000084       0x1c C:/ST/STM32CubeIDE_1.18.1/STM32CubeIDE/plugins/com.st.stm32cube.ide.mcu.externaltools.gnu-tools-for-stm32.13.3.rel1.win32_1.0.0.202411081344/tools/bin/../lib/gcc/arm-none-eabi/13.3.1/thumb/v7e-m+fp/hard/crtbegin.o
 *(.bss*)
 .bss.cursorXY  0x200000a0        0x4 ./Core/Src/ili9341.o
 .bss.lcdPortraitConfig
                0x200000a4        0x1 ./Core/Src/ili9341.o
 .bss.lcdLandscapeConfig
                0x200000a5        0x1 ./Core/Src/ili9341.o
 .bss.lcdPortraitMirrorConfig
                0x200000a6        0x1 ./Core/Src/ili9341.o
 .bss.lcdLandscapeMirrorConfig
                0x200000a7        0x1 ./Core/Src/ili9341.o
 .bss.buf.0     0x200000a8      0x100 ./Core/Src/ili9341.o
 .bss.hadc1     0x200001a8       0x48 ./Core/Src/main.o
                0x200001a8                hadc1
 .bss.hi2c1     0x200001f0       0x54 ./Core/Src/main.o
                0x200001f0                hi2c1
 .bss.hspi2     0x20000244       0x58 ./Core/Src/main.o
                0x20000244                hspi2
 .bss.htim2     0x2000029c       0x48 ./Core/Src/main.o
                0x2000029c                htim2
 .bss.huart1    0x200002e4       0x48 ./Core/Src/main.o
                0x200002e4                huart1
 .bss.hsram1    0x2000032c       0x50 ./Core/Src/main.o
                0x2000032c                hsram1
 .bss.AD8232_value
                0x2000037c        0x4 ./Core/Src/main.o
                0x2000037c                AD8232_value
 .bss._max30100_ui2c
                0x20000380        0x4 ./Core/Src/max30100_for_stm32_hal.o
                0x20000380                _max30100_ui2c
 .bss._max30100_uuart
                0x20000384        0x4 ./Core/Src/max30100_for_stm32_hal.o
                0x20000384                _max30100_uuart
 .bss._max30100_mode
                0x20000388        0x1 ./Core/Src/max30100_for_stm32_hal.o
                0x20000388                _max30100_mode
 *fill*         0x20000389        0x3 
 .bss._max30100_ir_sample
                0x2000038c       0x20 ./Core/Src/max30100_for_stm32_hal.o
                0x2000038c                _max30100_ir_sample
 .bss._max30100_red_sample
                0x200003ac       0x20 ./Core/Src/max30100_for_stm32_hal.o
                0x200003ac                _max30100_red_sample
 .bss._max30100_ir_current
                0x200003cc        0x1 ./Core/Src/max30100_for_stm32_hal.o
                0x200003cc                _max30100_ir_current
 .bss._max30100_red_current
                0x200003cd        0x1 ./Core/Src/max30100_for_stm32_hal.o
                0x200003cd                _max30100_red_current
 *fill*         0x200003ce        0x2 
 .bss._max30100_temp
                0x200003d0        0x4 ./Core/Src/max30100_for_stm32_hal.o
                0x200003d0                _max30100_temp
 .bss.FSMC_Initialized
                0x200003d4        0x4 ./Core/Src/stm32f4xx_hal_msp.o
 .bss.__sbrk_heap_end
                0x200003d8        0x4 ./Core/Src/sysmem.o
 .bss.matrix    0x200003dc       0x1c ./Core/Src/touch.o
 .bss.uwTick    0x200003f8        0x4 ./Drivers/STM32F4xx_HAL_Driver/Src/stm32f4xx_hal.o
                0x200003f8                uwTick
 .bss.__malloc_sbrk_start
                0x200003fc        0x4 C:/ST/STM32CubeIDE_1.18.1/STM32CubeIDE/plugins/com.st.stm32cube.ide.mcu.externaltools.gnu-tools-for-stm32.13.3.rel1.win32_1.0.0.202411081344/tools/bin/../lib/gcc/arm-none-eabi/13.3.1/../../../../arm-none-eabi/lib/thumb/v7e-m+fp/hard\libc_nano.a(libc_a-mallocr.o)
                0x200003fc                __malloc_sbrk_start
 .bss.__malloc_free_list
                0x20000400        0x4 C:/ST/STM32CubeIDE_1.18.1/STM32CubeIDE/plugins/com.st.stm32cube.ide.mcu.externaltools.gnu-tools-for-stm32.13.3.rel1.win32_1.0.0.202411081344/tools/bin/../lib/gcc/arm-none-eabi/13.3.1/../../../../arm-none-eabi/lib/thumb/v7e-m+fp/hard\libc_nano.a(libc_a-mallocr.o)
                0x20000400                __malloc_free_list
 .bss.__sf      0x20000404      0x138 C:/ST/STM32CubeIDE_1.18.1/STM32CubeIDE/plugins/com.st.stm32cube.ide.mcu.externaltools.gnu-tools-for-stm32.13.3.rel1.win32_1.0.0.202411081344/tools/bin/../lib/gcc/arm-none-eabi/13.3.1/../../../../arm-none-eabi/lib/thumb/v7e-m+fp/hard\libc_nano.a(libc_a-findfp.o)
                0x20000404                __sf
 .bss.errno     0x2000053c        0x4 C:/ST/STM32CubeIDE_1.18.1/STM32CubeIDE/plugins/com.st.stm32cube.ide.mcu.externaltools.gnu-tools-for-stm32.13.3.rel1.win32_1.0.0.202411081344/tools/bin/../lib/gcc/arm-none-eabi/13.3.1/../../../../arm-none-eabi/lib/thumb/v7e-m+fp/hard\libc_nano.a(libc_a-reent.o)
                0x2000053c                errno
 .bss.__lock___malloc_recursive_mutex
                0x20000540        0x1 C:/ST/STM32CubeIDE_1.18.1/STM32CubeIDE/plugins/com.st.stm32cube.ide.mcu.externaltools.gnu-tools-for-stm32.13.3.rel1.win32_1.0.0.202411081344/tools/bin/../lib/gcc/arm-none-eabi/13.3.1/../../../../arm-none-eabi/lib/thumb/v7e-m+fp/hard\libc_nano.a(libc_a-lock.o)
                0x20000540                __lock___malloc_recursive_mutex
 *(COMMON)
                0x20000544                        . = ALIGN (0x4)
 *fill*         0x20000541        0x3 
                0x20000544                        _ebss = .
                0x20000544                        __bss_end__ = _ebss

._user_heap_stack
                0x20000544      0x604
                0x20000548                        . = ALIGN (0x8)
 *fill*         0x20000544        0x4 
                [!provide]                        PROVIDE (end = .)
                0x20000548                        PROVIDE (_end = .)
                0x20000748                        . = (. + _Min_Heap_Size)
 *fill*         0x20000548      0x200 
                0x20000b48                        . = (. + _Min_Stack_Size)
 *fill*         0x20000748      0x400 
                0x20000b48                        . = ALIGN (0x8)

/DISCARD/
 libc.a(*)
 libm.a(*)
 libgcc.a(*)

.ARM.attributes
                0x00000000       0x30
 *(.ARM.attributes)
 .ARM.attributes
                0x00000000       0x22 C:/ST/STM32CubeIDE_1.18.1/STM32CubeIDE/plugins/com.st.stm32cube.ide.mcu.externaltools.gnu-tools-for-stm32.13.3.rel1.win32_1.0.0.202411081344/tools/bin/../lib/gcc/arm-none-eabi/13.3.1/thumb/v7e-m+fp/hard/crti.o
 .ARM.attributes
                0x00000022       0x34 C:/ST/STM32CubeIDE_1.18.1/STM32CubeIDE/plugins/com.st.stm32cube.ide.mcu.externaltools.gnu-tools-for-stm32.13.3.rel1.win32_1.0.0.202411081344/tools/bin/../lib/gcc/arm-none-eabi/13.3.1/thumb/v7e-m+fp/hard/crtbegin.o
 .ARM.attributes
                0x00000056       0x34 ./Core/Src/AD8232.o
 .ARM.attributes
                0x0000008a       0x34 ./Core/Src/calibrate.o
 .ARM.attributes
                0x000000be       0x34 ./Core/Src/font12.o
 .ARM.attributes
                0x000000f2       0x34 ./Core/Src/font16.o
 .ARM.attributes
                0x00000126       0x34 ./Core/Src/ili9341.o
 .ARM.attributes
                0x0000015a       0x34 ./Core/Src/main.o
 .ARM.attributes
                0x0000018e       0x34 ./Core/Src/max30100_for_stm32_hal.o
 .ARM.attributes
                0x000001c2       0x34 ./Core/Src/stm32f4xx_hal_msp.o
 .ARM.attributes
                0x000001f6       0x34 ./Core/Src/stm32f4xx_it.o
 .ARM.attributes
                0x0000022a       0x34 ./Core/Src/sysmem.o
 .ARM.attributes
                0x0000025e       0x34 ./Core/Src/system_stm32f4xx.o
 .ARM.attributes
                0x00000292       0x34 ./Core/Src/touch.o
 .ARM.attributes
                0x000002c6       0x21 ./Core/Startup/startup_stm32f407vetx.o
 .ARM.attributes
                0x000002e7       0x34 ./Drivers/STM32F4xx_HAL_Driver/Src/stm32f4xx_hal.o
 .ARM.attributes
                0x0000031b       0x34 ./Drivers/STM32F4xx_HAL_Driver/Src/stm32f4xx_hal_adc.o
 .ARM.attributes
                0x0000034f       0x34 ./Drivers/STM32F4xx_HAL_Driver/Src/stm32f4xx_hal_cortex.o
 .ARM.attributes
                0x00000383       0x34 ./Drivers/STM32F4xx_HAL_Driver/Src/stm32f4xx_hal_gpio.o
 .ARM.attributes
                0x000003b7       0x34 ./Drivers/STM32F4xx_HAL_Driver/Src/stm32f4xx_hal_i2c.o
 .ARM.attributes
                0x000003eb       0x34 ./Drivers/STM32F4xx_HAL_Driver/Src/stm32f4xx_hal_rcc.o
 .ARM.attributes
                0x0000041f       0x34 ./Drivers/STM32F4xx_HAL_Driver/Src/stm32f4xx_hal_spi.o
 .ARM.attributes
                0x00000453       0x34 ./Drivers/STM32F4xx_HAL_Driver/Src/stm32f4xx_hal_sram.o
 .ARM.attributes
                0x00000487       0x34 ./Drivers/STM32F4xx_HAL_Driver/Src/stm32f4xx_hal_tim.o
 .ARM.attributes
                0x000004bb       0x34 ./Drivers/STM32F4xx_HAL_Driver/Src/stm32f4xx_hal_tim_ex.o
 .ARM.attributes
                0x000004ef       0x34 ./Drivers/STM32F4xx_HAL_Driver/Src/stm32f4xx_hal_uart.o
 .ARM.attributes
                0x00000523       0x34 ./Drivers/STM32F4xx_HAL_Driver/Src/stm32f4xx_ll_fsmc.o
 .ARM.attributes
                0x00000557       0x34 C:/ST/STM32CubeIDE_1.18.1/STM32CubeIDE/plugins/com.st.stm32cube.ide.mcu.externaltools.gnu-tools-for-stm32.13.3.rel1.win32_1.0.0.202411081344/tools/bin/../lib/gcc/arm-none-eabi/13.3.1/../../../../arm-none-eabi/lib/thumb/v7e-m+fp/hard\libc_nano.a(libc_a-mallocr.o)
 .ARM.attributes
                0x0000058b       0x34 C:/ST/STM32CubeIDE_1.18.1/STM32CubeIDE/plugins/com.st.stm32cube.ide.mcu.externaltools.gnu-tools-for-stm32.13.3.rel1.win32_1.0.0.202411081344/tools/bin/../lib/gcc/arm-none-eabi/13.3.1/../../../../arm-none-eabi/lib/thumb/v7e-m+fp/hard\libc_nano.a(libc_a-mlock.o)
 .ARM.attributes
                0x000005bf       0x34 C:/ST/STM32CubeIDE_1.18.1/STM32CubeIDE/plugins/com.st.stm32cube.ide.mcu.externaltools.gnu-tools-for-stm32.13.3.rel1.win32_1.0.0.202411081344/tools/bin/../lib/gcc/arm-none-eabi/13.3.1/../../../../arm-none-eabi/lib/thumb/v7e-m+fp/hard\libc_nano.a(libc_a-reallocr.o)
 .ARM.attributes
                0x000005f3       0x34 C:/ST/STM32CubeIDE_1.18.1/STM32CubeIDE/plugins/com.st.stm32cube.ide.mcu.externaltools.gnu-tools-for-stm32.13.3.rel1.win32_1.0.0.202411081344/tools/bin/../lib/gcc/arm-none-eabi/13.3.1/../../../../arm-none-eabi/lib/thumb/v7e-m+fp/hard\libc_nano.a(libc_a-findfp.o)
 .ARM.attributes
                0x00000627       0x34 C:/ST/STM32CubeIDE_1.18.1/STM32CubeIDE/plugins/com.st.stm32cube.ide.mcu.externaltools.gnu-tools-for-stm32.13.3.rel1.win32_1.0.0.202411081344/tools/bin/../lib/gcc/arm-none-eabi/13.3.1/../../../../arm-none-eabi/lib/thumb/v7e-m+fp/hard\libc_nano.a(libc_a-sprintf.o)
 .ARM.attributes
                0x0000065b       0x34 C:/ST/STM32CubeIDE_1.18.1/STM32CubeIDE/plugins/com.st.stm32cube.ide.mcu.externaltools.gnu-tools-for-stm32.13.3.rel1.win32_1.0.0.202411081344/tools/bin/../lib/gcc/arm-none-eabi/13.3.1/../../../../arm-none-eabi/lib/thumb/v7e-m+fp/hard\libc_nano.a(libc_a-vsprintf.o)
 .ARM.attributes
                0x0000068f       0x34 C:/ST/STM32CubeIDE_1.18.1/STM32CubeIDE/plugins/com.st.stm32cube.ide.mcu.externaltools.gnu-tools-for-stm32.13.3.rel1.win32_1.0.0.202411081344/tools/bin/../lib/gcc/arm-none-eabi/13.3.1/../../../../arm-none-eabi/lib/thumb/v7e-m+fp/hard\libc_nano.a(libc_a-memset.o)
 .ARM.attributes
                0x000006c3       0x34 C:/ST/STM32CubeIDE_1.18.1/STM32CubeIDE/plugins/com.st.stm32cube.ide.mcu.externaltools.gnu-tools-for-stm32.13.3.rel1.win32_1.0.0.202411081344/tools/bin/../lib/gcc/arm-none-eabi/13.3.1/../../../../arm-none-eabi/lib/thumb/v7e-m+fp/hard\libc_nano.a(libc_a-reent.o)
 .ARM.attributes
                0x000006f7       0x34 C:/ST/STM32CubeIDE_1.18.1/STM32CubeIDE/plugins/com.st.stm32cube.ide.mcu.externaltools.gnu-tools-for-stm32.13.3.rel1.win32_1.0.0.202411081344/tools/bin/../lib/gcc/arm-none-eabi/13.3.1/../../../../arm-none-eabi/lib/thumb/v7e-m+fp/hard\libc_nano.a(libc_a-impure.o)
 .ARM.attributes
                0x0000072b       0x34 C:/ST/STM32CubeIDE_1.18.1/STM32CubeIDE/plugins/com.st.stm32cube.ide.mcu.externaltools.gnu-tools-for-stm32.13.3.rel1.win32_1.0.0.202411081344/tools/bin/../lib/gcc/arm-none-eabi/13.3.1/../../../../arm-none-eabi/lib/thumb/v7e-m+fp/hard\libc_nano.a(libc_a-sbrkr.o)
 .ARM.attributes
                0x0000075f       0x34 C:/ST/STM32CubeIDE_1.18.1/STM32CubeIDE/plugins/com.st.stm32cube.ide.mcu.externaltools.gnu-tools-for-stm32.13.3.rel1.win32_1.0.0.202411081344/tools/bin/../lib/gcc/arm-none-eabi/13.3.1/../../../../arm-none-eabi/lib/thumb/v7e-m+fp/hard\libc_nano.a(libc_a-errno.o)
 .ARM.attributes
                0x00000793       0x34 C:/ST/STM32CubeIDE_1.18.1/STM32CubeIDE/plugins/com.st.stm32cube.ide.mcu.externaltools.gnu-tools-for-stm32.13.3.rel1.win32_1.0.0.202411081344/tools/bin/../lib/gcc/arm-none-eabi/13.3.1/../../../../arm-none-eabi/lib/thumb/v7e-m+fp/hard\libc_nano.a(libc_a-init.o)
 .ARM.attributes
                0x000007c7       0x34 C:/ST/STM32CubeIDE_1.18.1/STM32CubeIDE/plugins/com.st.stm32cube.ide.mcu.externaltools.gnu-tools-for-stm32.13.3.rel1.win32_1.0.0.202411081344/tools/bin/../lib/gcc/arm-none-eabi/13.3.1/../../../../arm-none-eabi/lib/thumb/v7e-m+fp/hard\libc_nano.a(libc_a-lock.o)
 .ARM.attributes
                0x000007fb       0x34 C:/ST/STM32CubeIDE_1.18.1/STM32CubeIDE/plugins/com.st.stm32cube.ide.mcu.externaltools.gnu-tools-for-stm32.13.3.rel1.win32_1.0.0.202411081344/tools/bin/../lib/gcc/arm-none-eabi/13.3.1/../../../../arm-none-eabi/lib/thumb/v7e-m+fp/hard\libc_nano.a(libc_a-memcpy-stub.o)
 .ARM.attributes
                0x0000082f       0x17 C:/ST/STM32CubeIDE_1.18.1/STM32CubeIDE/plugins/com.st.stm32cube.ide.mcu.externaltools.gnu-tools-for-stm32.13.3.rel1.win32_1.0.0.202411081344/tools/bin/../lib/gcc/arm-none-eabi/13.3.1/../../../../arm-none-eabi/lib/thumb/v7e-m+fp/hard\libc_nano.a(libc_a-strlen.o)
 .ARM.attributes
                0x00000846       0x34 C:/ST/STM32CubeIDE_1.18.1/STM32CubeIDE/plugins/com.st.stm32cube.ide.mcu.externaltools.gnu-tools-for-stm32.13.3.rel1.win32_1.0.0.202411081344/tools/bin/../lib/gcc/arm-none-eabi/13.3.1/../../../../arm-none-eabi/lib/thumb/v7e-m+fp/hard\libc_nano.a(libc_a-freer.o)
 .ARM.attributes
                0x0000087a       0x34 C:/ST/STM32CubeIDE_1.18.1/STM32CubeIDE/plugins/com.st.stm32cube.ide.mcu.externaltools.gnu-tools-for-stm32.13.3.rel1.win32_1.0.0.202411081344/tools/bin/../lib/gcc/arm-none-eabi/13.3.1/../../../../arm-none-eabi/lib/thumb/v7e-m+fp/hard\libc_nano.a(libc_a-msizer.o)
 .ARM.attributes
                0x000008ae       0x34 C:/ST/STM32CubeIDE_1.18.1/STM32CubeIDE/plugins/com.st.stm32cube.ide.mcu.externaltools.gnu-tools-for-stm32.13.3.rel1.win32_1.0.0.202411081344/tools/bin/../lib/gcc/arm-none-eabi/13.3.1/../../../../arm-none-eabi/lib/thumb/v7e-m+fp/hard\libc_nano.a(libc_a-nano-svfprintf.o)
 .ARM.attributes
                0x000008e2       0x34 C:/ST/STM32CubeIDE_1.18.1/STM32CubeIDE/plugins/com.st.stm32cube.ide.mcu.externaltools.gnu-tools-for-stm32.13.3.rel1.win32_1.0.0.202411081344/tools/bin/../lib/gcc/arm-none-eabi/13.3.1/../../../../arm-none-eabi/lib/thumb/v7e-m+fp/hard\libc_nano.a(libc_a-nano-vfprintf_i.o)
 .ARM.attributes
                0x00000916       0x34 C:/ST/STM32CubeIDE_1.18.1/STM32CubeIDE/plugins/com.st.stm32cube.ide.mcu.externaltools.gnu-tools-for-stm32.13.3.rel1.win32_1.0.0.202411081344/tools/bin/../lib/gcc/arm-none-eabi/13.3.1/../../../../arm-none-eabi/lib/thumb/v7e-m+fp/hard\libc_nano.a(libc_a-memmove.o)
 .ARM.attributes
                0x0000094a       0x1c C:/ST/STM32CubeIDE_1.18.1/STM32CubeIDE/plugins/com.st.stm32cube.ide.mcu.externaltools.gnu-tools-for-stm32.13.3.rel1.win32_1.0.0.202411081344/tools/bin/../lib/gcc/arm-none-eabi/13.3.1/../../../../arm-none-eabi/lib/thumb/v7e-m+fp/hard\libc_nano.a(libc_a-memchr.o)
 .ARM.attributes
                0x00000966       0x22 C:/ST/STM32CubeIDE_1.18.1/STM32CubeIDE/plugins/com.st.stm32cube.ide.mcu.externaltools.gnu-tools-for-stm32.13.3.rel1.win32_1.0.0.202411081344/tools/bin/../lib/gcc/arm-none-eabi/13.3.1/thumb/v7e-m+fp/hard\libgcc.a(_arm_addsubdf3.o)
 .ARM.attributes
                0x00000988       0x22 C:/ST/STM32CubeIDE_1.18.1/STM32CubeIDE/plugins/com.st.stm32cube.ide.mcu.externaltools.gnu-tools-for-stm32.13.3.rel1.win32_1.0.0.202411081344/tools/bin/../lib/gcc/arm-none-eabi/13.3.1/thumb/v7e-m+fp/hard\libgcc.a(_arm_muldivdf3.o)
 .ARM.attributes
                0x000009aa       0x22 C:/ST/STM32CubeIDE_1.18.1/STM32CubeIDE/plugins/com.st.stm32cube.ide.mcu.externaltools.gnu-tools-for-stm32.13.3.rel1.win32_1.0.0.202411081344/tools/bin/../lib/gcc/arm-none-eabi/13.3.1/thumb/v7e-m+fp/hard\libgcc.a(_arm_truncdfsf2.o)
 .ARM.attributes
                0x000009cc       0x22 C:/ST/STM32CubeIDE_1.18.1/STM32CubeIDE/plugins/com.st.stm32cube.ide.mcu.externaltools.gnu-tools-for-stm32.13.3.rel1.win32_1.0.0.202411081344/tools/bin/../lib/gcc/arm-none-eabi/13.3.1/thumb/v7e-m+fp/hard\libgcc.a(_aeabi_uldivmod.o)
 .ARM.attributes
                0x000009ee       0x34 C:/ST/STM32CubeIDE_1.18.1/STM32CubeIDE/plugins/com.st.stm32cube.ide.mcu.externaltools.gnu-tools-for-stm32.13.3.rel1.win32_1.0.0.202411081344/tools/bin/../lib/gcc/arm-none-eabi/13.3.1/thumb/v7e-m+fp/hard\libgcc.a(_udivmoddi4.o)
 .ARM.attributes
                0x00000a22       0x22 C:/ST/STM32CubeIDE_1.18.1/STM32CubeIDE/plugins/com.st.stm32cube.ide.mcu.externaltools.gnu-tools-for-stm32.13.3.rel1.win32_1.0.0.202411081344/tools/bin/../lib/gcc/arm-none-eabi/13.3.1/thumb/v7e-m+fp/hard\libgcc.a(_dvmd_tls.o)
 .ARM.attributes
                0x00000a44       0x22 C:/ST/STM32CubeIDE_1.18.1/STM32CubeIDE/plugins/com.st.stm32cube.ide.mcu.externaltools.gnu-tools-for-stm32.13.3.rel1.win32_1.0.0.202411081344/tools/bin/../lib/gcc/arm-none-eabi/13.3.1/thumb/v7e-m+fp/hard/crtn.o
OUTPUT(DoAn1.elf elf32-littlearm)
LOAD linker stubs
LOAD C:/ST/STM32CubeIDE_1.18.1/STM32CubeIDE/plugins/com.st.stm32cube.ide.mcu.externaltools.gnu-tools-for-stm32.13.3.rel1.win32_1.0.0.202411081344/tools/bin/../lib/gcc/arm-none-eabi/13.3.1/../../../../arm-none-eabi/lib/thumb/v7e-m+fp/hard\libc.a
LOAD C:/ST/STM32CubeIDE_1.18.1/STM32CubeIDE/plugins/com.st.stm32cube.ide.mcu.externaltools.gnu-tools-for-stm32.13.3.rel1.win32_1.0.0.202411081344/tools/bin/../lib/gcc/arm-none-eabi/13.3.1/../../../../arm-none-eabi/lib/thumb/v7e-m+fp/hard\libm.a
LOAD C:/ST/STM32CubeIDE_1.18.1/STM32CubeIDE/plugins/com.st.stm32cube.ide.mcu.externaltools.gnu-tools-for-stm32.13.3.rel1.win32_1.0.0.202411081344/tools/bin/../lib/gcc/arm-none-eabi/13.3.1/thumb/v7e-m+fp/hard\libgcc.a

.debug_info     0x00000000    0x17390
 .debug_info    0x00000000      0x642 ./Core/Src/AD8232.o
 .debug_info    0x00000642      0x174 ./Core/Src/calibrate.o
 .debug_info    0x000007b6      0x125 ./Core/Src/font12.o
 .debug_info    0x000008db      0x125 ./Core/Src/font16.o
 .debug_info    0x00000a00     0x13d3 ./Core/Src/ili9341.o
 .debug_info    0x00001dd3     0x2aaf ./Core/Src/main.o
 .debug_info    0x00004882      0xfc0 ./Core/Src/max30100_for_stm32_hal.o
 .debug_info    0x00005842     0x188f ./Core/Src/stm32f4xx_hal_msp.o
 .debug_info    0x000070d1      0x160 ./Core/Src/stm32f4xx_it.o
 .debug_info    0x00007231      0x168 ./Core/Src/sysmem.o
 .debug_info    0x00007399      0x512 ./Core/Src/system_stm32f4xx.o
 .debug_info    0x000078ab      0x9db ./Core/Src/touch.o
 .debug_info    0x00008286       0x30 ./Core/Startup/startup_stm32f407vetx.o
 .debug_info    0x000082b6      0x944 ./Drivers/STM32F4xx_HAL_Driver/Src/stm32f4xx_hal.o
 .debug_info    0x00008bfa      0xcd4 ./Drivers/STM32F4xx_HAL_Driver/Src/stm32f4xx_hal_adc.o
 .debug_info    0x000098ce      0xd8c ./Drivers/STM32F4xx_HAL_Driver/Src/stm32f4xx_hal_cortex.o
 .debug_info    0x0000a65a      0x6c3 ./Drivers/STM32F4xx_HAL_Driver/Src/stm32f4xx_hal_gpio.o
 .debug_info    0x0000ad1d     0x2415 ./Drivers/STM32F4xx_HAL_Driver/Src/stm32f4xx_hal_i2c.o
 .debug_info    0x0000d132      0x8af ./Drivers/STM32F4xx_HAL_Driver/Src/stm32f4xx_hal_rcc.o
 .debug_info    0x0000d9e1     0x1525 ./Drivers/STM32F4xx_HAL_Driver/Src/stm32f4xx_hal_spi.o
 .debug_info    0x0000ef06      0xd39 ./Drivers/STM32F4xx_HAL_Driver/Src/stm32f4xx_hal_sram.o
 .debug_info    0x0000fc3f     0x299d ./Drivers/STM32F4xx_HAL_Driver/Src/stm32f4xx_hal_tim.o
 .debug_info    0x000125dc     0x14db ./Drivers/STM32F4xx_HAL_Driver/Src/stm32f4xx_hal_tim_ex.o
 .debug_info    0x00013ab7     0x2f4f ./Drivers/STM32F4xx_HAL_Driver/Src/stm32f4xx_hal_uart.o
 .debug_info    0x00016a06      0x98a ./Drivers/STM32F4xx_HAL_Driver/Src/stm32f4xx_ll_fsmc.o

.debug_abbrev   0x00000000     0x3189
 .debug_abbrev  0x00000000      0x17d ./Core/Src/AD8232.o
 .debug_abbrev  0x0000017d       0xd9 ./Core/Src/calibrate.o
 .debug_abbrev  0x00000256       0xb1 ./Core/Src/font12.o
 .debug_abbrev  0x00000307       0xb1 ./Core/Src/font16.o
 .debug_abbrev  0x000003b8      0x398 ./Core/Src/ili9341.o
 .debug_abbrev  0x00000750      0x3be ./Core/Src/main.o
 .debug_abbrev  0x00000b0e      0x276 ./Core/Src/max30100_for_stm32_hal.o
 .debug_abbrev  0x00000d84      0x24d ./Core/Src/stm32f4xx_hal_msp.o
 .debug_abbrev  0x00000fd1       0xa0 ./Core/Src/stm32f4xx_it.o
 .debug_abbrev  0x00001071       0xbc ./Core/Src/sysmem.o
 .debug_abbrev  0x0000112d      0x11a ./Core/Src/system_stm32f4xx.o
 .debug_abbrev  0x00001247      0x231 ./Core/Src/touch.o
 .debug_abbrev  0x00001478       0x24 ./Core/Startup/startup_stm32f407vetx.o
 .debug_abbrev  0x0000149c      0x214 ./Drivers/STM32F4xx_HAL_Driver/Src/stm32f4xx_hal.o
 .debug_abbrev  0x000016b0      0x252 ./Drivers/STM32F4xx_HAL_Driver/Src/stm32f4xx_hal_adc.o
 .debug_abbrev  0x00001902      0x31d ./Drivers/STM32F4xx_HAL_Driver/Src/stm32f4xx_hal_cortex.o
 .debug_abbrev  0x00001c1f      0x1d4 ./Drivers/STM32F4xx_HAL_Driver/Src/stm32f4xx_hal_gpio.o
 .debug_abbrev  0x00001df3      0x2ad ./Drivers/STM32F4xx_HAL_Driver/Src/stm32f4xx_hal_i2c.o
 .debug_abbrev  0x000020a0      0x2b7 ./Drivers/STM32F4xx_HAL_Driver/Src/stm32f4xx_hal_rcc.o
 .debug_abbrev  0x00002357      0x27a ./Drivers/STM32F4xx_HAL_Driver/Src/stm32f4xx_hal_spi.o
 .debug_abbrev  0x000025d1      0x20c ./Drivers/STM32F4xx_HAL_Driver/Src/stm32f4xx_hal_sram.o
 .debug_abbrev  0x000027dd      0x278 ./Drivers/STM32F4xx_HAL_Driver/Src/stm32f4xx_hal_tim.o
 .debug_abbrev  0x00002a55      0x283 ./Drivers/STM32F4xx_HAL_Driver/Src/stm32f4xx_hal_tim_ex.o
 .debug_abbrev  0x00002cd8      0x30e ./Drivers/STM32F4xx_HAL_Driver/Src/stm32f4xx_hal_uart.o
 .debug_abbrev  0x00002fe6      0x1a3 ./Drivers/STM32F4xx_HAL_Driver/Src/stm32f4xx_ll_fsmc.o

.debug_aranges  0x00000000     0x1638
 .debug_aranges
                0x00000000       0x28 ./Core/Src/AD8232.o
 .debug_aranges
                0x00000028       0x28 ./Core/Src/calibrate.o
 .debug_aranges
                0x00000050       0x18 ./Core/Src/font12.o
 .debug_aranges
                0x00000068       0x18 ./Core/Src/font16.o
 .debug_aranges
                0x00000080      0x1a0 ./Core/Src/ili9341.o
 .debug_aranges
                0x00000220       0xc8 ./Core/Src/main.o
 .debug_aranges
                0x000002e8       0xa8 ./Core/Src/max30100_for_stm32_hal.o
 .debug_aranges
                0x00000390       0x90 ./Core/Src/stm32f4xx_hal_msp.o
 .debug_aranges
                0x00000420       0x68 ./Core/Src/stm32f4xx_it.o
 .debug_aranges
                0x00000488       0x20 ./Core/Src/sysmem.o
 .debug_aranges
                0x000004a8       0x28 ./Core/Src/system_stm32f4xx.o
 .debug_aranges
                0x000004d0       0x40 ./Core/Src/touch.o
 .debug_aranges
                0x00000510       0x28 ./Core/Startup/startup_stm32f407vetx.o
 .debug_aranges
                0x00000538       0xf0 ./Drivers/STM32F4xx_HAL_Driver/Src/stm32f4xx_hal.o
 .debug_aranges
                0x00000628       0xe8 ./Drivers/STM32F4xx_HAL_Driver/Src/stm32f4xx_hal_adc.o
 .debug_aranges
                0x00000710      0x130 ./Drivers/STM32F4xx_HAL_Driver/Src/stm32f4xx_hal_cortex.o
 .debug_aranges
                0x00000840       0x58 ./Drivers/STM32F4xx_HAL_Driver/Src/stm32f4xx_hal_gpio.o
 .debug_aranges
                0x00000898      0x2a8 ./Drivers/STM32F4xx_HAL_Driver/Src/stm32f4xx_hal_i2c.o
 .debug_aranges
                0x00000b40       0x88 ./Drivers/STM32F4xx_HAL_Driver/Src/stm32f4xx_hal_rcc.o
 .debug_aranges
                0x00000bc8      0x1d0 ./Drivers/STM32F4xx_HAL_Driver/Src/stm32f4xx_hal_spi.o
 .debug_aranges
                0x00000d98       0xb8 ./Drivers/STM32F4xx_HAL_Driver/Src/stm32f4xx_hal_sram.o
 .debug_aranges
                0x00000e50      0x3d0 ./Drivers/STM32F4xx_HAL_Driver/Src/stm32f4xx_hal_tim.o
 .debug_aranges
                0x00001220      0x168 ./Drivers/STM32F4xx_HAL_Driver/Src/stm32f4xx_hal_tim_ex.o
 .debug_aranges
                0x00001388      0x208 ./Drivers/STM32F4xx_HAL_Driver/Src/stm32f4xx_hal_uart.o
 .debug_aranges
                0x00001590       0xa8 ./Drivers/STM32F4xx_HAL_Driver/Src/stm32f4xx_ll_fsmc.o

.debug_rnglists
                0x00000000     0x1152
 .debug_rnglists
                0x00000000       0x19 ./Core/Src/AD8232.o
 .debug_rnglists
                0x00000019       0x1b ./Core/Src/calibrate.o
 .debug_rnglists
                0x00000034      0x147 ./Core/Src/ili9341.o
 .debug_rnglists
                0x0000017b       0x9b ./Core/Src/main.o
 .debug_rnglists
                0x00000216       0x7c ./Core/Src/max30100_for_stm32_hal.o
 .debug_rnglists
                0x00000292       0x6c ./Core/Src/stm32f4xx_hal_msp.o
 .debug_rnglists
                0x000002fe       0x49 ./Core/Src/stm32f4xx_it.o
 .debug_rnglists
                0x00000347       0x13 ./Core/Src/sysmem.o
 .debug_rnglists
                0x0000035a       0x1a ./Core/Src/system_stm32f4xx.o
 .debug_rnglists
                0x00000374       0x2d ./Core/Src/touch.o
 .debug_rnglists
                0x000003a1       0x19 ./Core/Startup/startup_stm32f407vetx.o
 .debug_rnglists
                0x000003ba       0xaf ./Drivers/STM32F4xx_HAL_Driver/Src/stm32f4xx_hal.o
 .debug_rnglists
                0x00000469       0xb5 ./Drivers/STM32F4xx_HAL_Driver/Src/stm32f4xx_hal_adc.o
 .debug_rnglists
                0x0000051e       0xe0 ./Drivers/STM32F4xx_HAL_Driver/Src/stm32f4xx_hal_cortex.o
 .debug_rnglists
                0x000005fe       0x3f ./Drivers/STM32F4xx_HAL_Driver/Src/stm32f4xx_hal_gpio.o
 .debug_rnglists
                0x0000063d      0x23c ./Drivers/STM32F4xx_HAL_Driver/Src/stm32f4xx_hal_i2c.o
 .debug_rnglists
                0x00000879       0x66 ./Drivers/STM32F4xx_HAL_Driver/Src/stm32f4xx_hal_rcc.o
 .debug_rnglists
                0x000008df      0x16f ./Drivers/STM32F4xx_HAL_Driver/Src/stm32f4xx_hal_spi.o
 .debug_rnglists
                0x00000a4e       0x8d ./Drivers/STM32F4xx_HAL_Driver/Src/stm32f4xx_hal_sram.o
 .debug_rnglists
                0x00000adb      0x31a ./Drivers/STM32F4xx_HAL_Driver/Src/stm32f4xx_hal_tim.o
 .debug_rnglists
                0x00000df5      0x125 ./Drivers/STM32F4xx_HAL_Driver/Src/stm32f4xx_hal_tim_ex.o
 .debug_rnglists
                0x00000f1a      0x1bc ./Drivers/STM32F4xx_HAL_Driver/Src/stm32f4xx_hal_uart.o
 .debug_rnglists
                0x000010d6       0x7c ./Drivers/STM32F4xx_HAL_Driver/Src/stm32f4xx_ll_fsmc.o

.debug_macro    0x00000000    0x234fd
 .debug_macro   0x00000000      0x245 ./Core/Src/AD8232.o
 .debug_macro   0x00000245      0x2b3 ./Core/Src/AD8232.o
 .debug_macro   0x000004f8       0x2e ./Core/Src/AD8232.o
 .debug_macro   0x00000526       0x2f ./Core/Src/AD8232.o
 .debug_macro   0x00000555       0x1c ./Core/Src/AD8232.o
 .debug_macro   0x00000571       0x22 ./Core/Src/AD8232.o
 .debug_macro   0x00000593       0xfb ./Core/Src/AD8232.o
 .debug_macro   0x0000068e     0x1011 ./Core/Src/AD8232.o
 .debug_macro   0x0000169f      0x11f ./Core/Src/AD8232.o
 .debug_macro   0x000017be    0x15e97 ./Core/Src/AD8232.o
 .debug_macro   0x00017655       0x6d ./Core/Src/AD8232.o
 .debug_macro   0x000176c2     0x369a ./Core/Src/AD8232.o
 .debug_macro   0x0001ad5c      0x190 ./Core/Src/AD8232.o
 .debug_macro   0x0001aeec       0x5c ./Core/Src/AD8232.o
 .debug_macro   0x0001af48      0x980 ./Core/Src/AD8232.o
 .debug_macro   0x0001b8c8      0x9e9 ./Core/Src/AD8232.o
 .debug_macro   0x0001c2b1      0x115 ./Core/Src/AD8232.o
 .debug_macro   0x0001c3c6      0x13e ./Core/Src/AD8232.o
 .debug_macro   0x0001c504       0xa5 ./Core/Src/AD8232.o
 .debug_macro   0x0001c5a9      0x174 ./Core/Src/AD8232.o
 .debug_macro   0x0001c71d      0x287 ./Core/Src/AD8232.o
 .debug_macro   0x0001c9a4       0x5f ./Core/Src/AD8232.o
 .debug_macro   0x0001ca03      0x236 ./Core/Src/AD8232.o
 .debug_macro   0x0001cc39      0xb5b ./Core/Src/AD8232.o
 .debug_macro   0x0001d794      0x38b ./Core/Src/AD8232.o
 .debug_macro   0x0001db1f      0x176 ./Core/Src/AD8232.o
 .debug_macro   0x0001dc95       0xf9 ./Core/Src/AD8232.o
 .debug_macro   0x0001dd8e      0x12c ./Core/Src/AD8232.o
 .debug_macro   0x0001deba      0x21e ./Core/Src/AD8232.o
 .debug_macro   0x0001e0d8       0x2e ./Core/Src/AD8232.o
 .debug_macro   0x0001e106      0x516 ./Core/Src/AD8232.o
 .debug_macro   0x0001e61c      0x1b5 ./Core/Src/AD8232.o
 .debug_macro   0x0001e7d1       0xd6 ./Core/Src/AD8232.o
 .debug_macro   0x0001e8a7      0x127 ./Core/Src/AD8232.o
 .debug_macro   0x0001e9ce       0x7e ./Core/Src/AD8232.o
 .debug_macro   0x0001ea4c       0x89 ./Core/Src/AD8232.o
 .debug_macro   0x0001ead5      0x225 ./Core/Src/AD8232.o
 .debug_macro   0x0001ecfa      0x8ed ./Core/Src/AD8232.o
 .debug_macro   0x0001f5e7       0x4d ./Core/Src/AD8232.o
 .debug_macro   0x0001f634      0x2aa ./Core/Src/AD8232.o
 .debug_macro   0x0001f8de      0x12d ./Core/Src/AD8232.o
 .debug_macro   0x0001fa0b       0x1a ./Core/Src/calibrate.o
 .debug_macro   0x0001fa25       0x22 ./Core/Src/calibrate.o
 .debug_macro   0x0001fa47       0x73 ./Core/Src/font12.o
 .debug_macro   0x0001faba       0x73 ./Core/Src/font16.o
 .debug_macro   0x0001fb2d      0x374 ./Core/Src/ili9341.o
 .debug_macro   0x0001fea1      0x11c ./Core/Src/ili9341.o
 .debug_macro   0x0001ffbd       0x9b ./Core/Src/ili9341.o
 .debug_macro   0x00020058       0x58 ./Core/Src/ili9341.o
 .debug_macro   0x000200b0       0x1c ./Core/Src/ili9341.o
 .debug_macro   0x000200cc       0x56 ./Core/Src/ili9341.o
 .debug_macro   0x00020122      0x446 ./Core/Src/main.o
 .debug_macro   0x00020568       0x16 ./Core/Src/main.o
 .debug_macro   0x0002057e       0x16 ./Core/Src/main.o
 .debug_macro   0x00020594       0x16 ./Core/Src/main.o
 .debug_macro   0x000205aa       0xe8 ./Core/Src/main.o
 .debug_macro   0x00020692       0x10 ./Core/Src/main.o
 .debug_macro   0x000206a2      0x325 ./Core/Src/max30100_for_stm32_hal.o
 .debug_macro   0x000209c7       0xe2 ./Core/Src/max30100_for_stm32_hal.o
 .debug_macro   0x00020aa9      0x244 ./Core/Src/stm32f4xx_hal_msp.o
 .debug_macro   0x00020ced      0x32f ./Core/Src/stm32f4xx_it.o
 .debug_macro   0x0002101c      0x112 ./Core/Src/sysmem.o
 .debug_macro   0x0002112e      0x23c ./Core/Src/sysmem.o
 .debug_macro   0x0002136a      0x235 ./Core/Src/system_stm32f4xx.o
 .debug_macro   0x0002159f      0x38f ./Core/Src/touch.o
 .debug_macro   0x0002192e       0x2e ./Core/Src/touch.o
 .debug_macro   0x0002195c      0x295 ./Drivers/STM32F4xx_HAL_Driver/Src/stm32f4xx_hal.o
 .debug_macro   0x00021bf1      0x236 ./Drivers/STM32F4xx_HAL_Driver/Src/stm32f4xx_hal_adc.o
 .debug_macro   0x00021e27      0x235 ./Drivers/STM32F4xx_HAL_Driver/Src/stm32f4xx_hal_cortex.o
 .debug_macro   0x0002205c      0x23b ./Drivers/STM32F4xx_HAL_Driver/Src/stm32f4xx_hal_gpio.o
 .debug_macro   0x00022297      0x283 ./Drivers/STM32F4xx_HAL_Driver/Src/stm32f4xx_hal_i2c.o
 .debug_macro   0x0002251a      0x259 ./Drivers/STM32F4xx_HAL_Driver/Src/stm32f4xx_hal_rcc.o
 .debug_macro   0x00022773      0x244 ./Drivers/STM32F4xx_HAL_Driver/Src/stm32f4xx_hal_spi.o
 .debug_macro   0x000229b7      0x235 ./Drivers/STM32F4xx_HAL_Driver/Src/stm32f4xx_hal_sram.o
 .debug_macro   0x00022bec      0x236 ./Drivers/STM32F4xx_HAL_Driver/Src/stm32f4xx_hal_tim.o
 .debug_macro   0x00022e22      0x235 ./Drivers/STM32F4xx_HAL_Driver/Src/stm32f4xx_hal_tim_ex.o
 .debug_macro   0x00023057      0x236 ./Drivers/STM32F4xx_HAL_Driver/Src/stm32f4xx_hal_uart.o
 .debug_macro   0x0002328d      0x270 ./Drivers/STM32F4xx_HAL_Driver/Src/stm32f4xx_ll_fsmc.o

.debug_line     0x00000000    0x1a853
 .debug_line    0x00000000      0x82e ./Core/Src/AD8232.o
 .debug_line    0x0000082e      0x31c ./Core/Src/calibrate.o
 .debug_line    0x00000b4a      0x40b ./Core/Src/font12.o
 .debug_line    0x00000f55      0x40b ./Core/Src/font16.o
 .debug_line    0x00001360     0x1739 ./Core/Src/ili9341.o
 .debug_line    0x00002a99     0x1130 ./Core/Src/main.o
 .debug_line    0x00003bc9      0xcdb ./Core/Src/max30100_for_stm32_hal.o
 .debug_line    0x000048a4      0xa19 ./Core/Src/stm32f4xx_hal_msp.o
 .debug_line    0x000052bd      0xa47 ./Core/Src/stm32f4xx_it.o
 .debug_line    0x00005d04      0x588 ./Core/Src/sysmem.o
 .debug_line    0x0000628c      0x889 ./Core/Src/system_stm32f4xx.o
 .debug_line    0x00006b15      0xbb5 ./Core/Src/touch.o
 .debug_line    0x000076ca       0x7a ./Core/Startup/startup_stm32f407vetx.o
 .debug_line    0x00007744      0xaf6 ./Drivers/STM32F4xx_HAL_Driver/Src/stm32f4xx_hal.o
 .debug_line    0x0000823a     0x130a ./Drivers/STM32F4xx_HAL_Driver/Src/stm32f4xx_hal_adc.o
 .debug_line    0x00009544      0xdc6 ./Drivers/STM32F4xx_HAL_Driver/Src/stm32f4xx_hal_cortex.o
 .debug_line    0x0000a30a      0xc4e ./Drivers/STM32F4xx_HAL_Driver/Src/stm32f4xx_hal_gpio.o
 .debug_line    0x0000af58     0x3ba8 ./Drivers/STM32F4xx_HAL_Driver/Src/stm32f4xx_hal_i2c.o
 .debug_line    0x0000eb00      0xf05 ./Drivers/STM32F4xx_HAL_Driver/Src/stm32f4xx_hal_rcc.o
 .debug_line    0x0000fa05     0x1d8b ./Drivers/STM32F4xx_HAL_Driver/Src/stm32f4xx_hal_spi.o
 .debug_line    0x00011790      0xcdd ./Drivers/STM32F4xx_HAL_Driver/Src/stm32f4xx_hal_sram.o
 .debug_line    0x0001246d     0x3873 ./Drivers/STM32F4xx_HAL_Driver/Src/stm32f4xx_hal_tim.o
 .debug_line    0x00015ce0     0x1a56 ./Drivers/STM32F4xx_HAL_Driver/Src/stm32f4xx_hal_tim_ex.o
 .debug_line    0x00017736     0x2605 ./Drivers/STM32F4xx_HAL_Driver/Src/stm32f4xx_hal_uart.o
 .debug_line    0x00019d3b      0xb18 ./Drivers/STM32F4xx_HAL_Driver/Src/stm32f4xx_ll_fsmc.o

.debug_str      0x00000000    0xe2f59
 .debug_str     0x00000000    0xe2f59 ./Core/Src/AD8232.o
                              0xd647e (size before relaxing)
 .debug_str     0x000e2f59     0x2f25 ./Core/Src/calibrate.o
 .debug_str     0x000e2f59     0x3e24 ./Core/Src/font12.o
 .debug_str     0x000e2f59     0x3e24 ./Core/Src/font16.o
 .debug_str     0x000e2f59    0xdb553 ./Core/Src/ili9341.o
 .debug_str     0x000e2f59    0xde0c1 ./Core/Src/main.o
 .debug_str     0x000e2f59    0xda3a6 ./Core/Src/max30100_for_stm32_hal.o
 .debug_str     0x000e2f59    0xd71cc ./Core/Src/stm32f4xx_hal_msp.o
 .debug_str     0x000e2f59    0xd96ae ./Core/Src/stm32f4xx_it.o
 .debug_str     0x000e2f59     0x7778 ./Core/Src/sysmem.o
 .debug_str     0x000e2f59    0xd61a2 ./Core/Src/system_stm32f4xx.o
 .debug_str     0x000e2f59    0xdb3b4 ./Core/Src/touch.o
 .debug_str     0x000e2f59       0x59 ./Core/Startup/startup_stm32f407vetx.o
 .debug_str     0x000e2f59    0xd6d26 ./Drivers/STM32F4xx_HAL_Driver/Src/stm32f4xx_hal.o
 .debug_str     0x000e2f59    0xd678f ./Drivers/STM32F4xx_HAL_Driver/Src/stm32f4xx_hal_adc.o
 .debug_str     0x000e2f59    0xd6aa2 ./Drivers/STM32F4xx_HAL_Driver/Src/stm32f4xx_hal_cortex.o
 .debug_str     0x000e2f59    0xd631d ./Drivers/STM32F4xx_HAL_Driver/Src/stm32f4xx_hal_gpio.o
 .debug_str     0x000e2f59    0xd71c0 ./Drivers/STM32F4xx_HAL_Driver/Src/stm32f4xx_hal_i2c.o
 .debug_str     0x000e2f59    0xd65d6 ./Drivers/STM32F4xx_HAL_Driver/Src/stm32f4xx_hal_rcc.o
 .debug_str     0x000e2f59    0xd6a60 ./Drivers/STM32F4xx_HAL_Driver/Src/stm32f4xx_hal_spi.o
 .debug_str     0x000e2f59    0xd67a0 ./Drivers/STM32F4xx_HAL_Driver/Src/stm32f4xx_hal_sram.o
 .debug_str     0x000e2f59    0xd752c ./Drivers/STM32F4xx_HAL_Driver/Src/stm32f4xx_hal_tim.o
 .debug_str     0x000e2f59    0xd6d38 ./Drivers/STM32F4xx_HAL_Driver/Src/stm32f4xx_hal_tim_ex.o
 .debug_str     0x000e2f59    0xd6bb7 ./Drivers/STM32F4xx_HAL_Driver/Src/stm32f4xx_hal_uart.o
 .debug_str     0x000e2f59    0xd6a0d ./Drivers/STM32F4xx_HAL_Driver/Src/stm32f4xx_ll_fsmc.o

.comment        0x00000000       0x43
 .comment       0x00000000       0x43 ./Core/Src/AD8232.o
                                 0x44 (size before relaxing)
 .comment       0x00000043       0x44 ./Core/Src/calibrate.o
 .comment       0x00000043       0x44 ./Core/Src/font12.o
 .comment       0x00000043       0x44 ./Core/Src/font16.o
 .comment       0x00000043       0x44 ./Core/Src/ili9341.o
 .comment       0x00000043       0x44 ./Core/Src/main.o
 .comment       0x00000043       0x44 ./Core/Src/max30100_for_stm32_hal.o
 .comment       0x00000043       0x44 ./Core/Src/stm32f4xx_hal_msp.o
 .comment       0x00000043       0x44 ./Core/Src/stm32f4xx_it.o
 .comment       0x00000043       0x44 ./Core/Src/sysmem.o
 .comment       0x00000043       0x44 ./Core/Src/system_stm32f4xx.o
 .comment       0x00000043       0x44 ./Core/Src/touch.o
 .comment       0x00000043       0x44 ./Drivers/STM32F4xx_HAL_Driver/Src/stm32f4xx_hal.o
 .comment       0x00000043       0x44 ./Drivers/STM32F4xx_HAL_Driver/Src/stm32f4xx_hal_adc.o
 .comment       0x00000043       0x44 ./Drivers/STM32F4xx_HAL_Driver/Src/stm32f4xx_hal_cortex.o
 .comment       0x00000043       0x44 ./Drivers/STM32F4xx_HAL_Driver/Src/stm32f4xx_hal_gpio.o
 .comment       0x00000043       0x44 ./Drivers/STM32F4xx_HAL_Driver/Src/stm32f4xx_hal_i2c.o
 .comment       0x00000043       0x44 ./Drivers/STM32F4xx_HAL_Driver/Src/stm32f4xx_hal_rcc.o
 .comment       0x00000043       0x44 ./Drivers/STM32F4xx_HAL_Driver/Src/stm32f4xx_hal_spi.o
 .comment       0x00000043       0x44 ./Drivers/STM32F4xx_HAL_Driver/Src/stm32f4xx_hal_sram.o
 .comment       0x00000043       0x44 ./Drivers/STM32F4xx_HAL_Driver/Src/stm32f4xx_hal_tim.o
 .comment       0x00000043       0x44 ./Drivers/STM32F4xx_HAL_Driver/Src/stm32f4xx_hal_tim_ex.o
 .comment       0x00000043       0x44 ./Drivers/STM32F4xx_HAL_Driver/Src/stm32f4xx_hal_uart.o
 .comment       0x00000043       0x44 ./Drivers/STM32F4xx_HAL_Driver/Src/stm32f4xx_ll_fsmc.o

.debug_frame    0x00000000     0x64e0
 .debug_frame   0x00000000       0x50 ./Core/Src/AD8232.o
 .debug_frame   0x00000050       0x60 ./Core/Src/calibrate.o
 .debug_frame   0x000000b0      0x710 ./Core/Src/ili9341.o
 .debug_frame   0x000007c0      0x308 ./Core/Src/main.o
 .debug_frame   0x00000ac8      0x284 ./Core/Src/max30100_for_stm32_hal.o
 .debug_frame   0x00000d4c      0x230 ./Core/Src/stm32f4xx_hal_msp.o
 .debug_frame   0x00000f7c      0x128 ./Core/Src/stm32f4xx_it.o
 .debug_frame   0x000010a4       0x34 ./Core/Src/sysmem.o
 .debug_frame   0x000010d8       0x58 ./Core/Src/system_stm32f4xx.o
 .debug_frame   0x00001130       0xcc ./Core/Src/touch.o
 .debug_frame   0x000011fc      0x374 ./Drivers/STM32F4xx_HAL_Driver/Src/stm32f4xx_hal.o
 .debug_frame   0x00001570      0x3fc ./Drivers/STM32F4xx_HAL_Driver/Src/stm32f4xx_hal_adc.o
 .debug_frame   0x0000196c      0x508 ./Drivers/STM32F4xx_HAL_Driver/Src/stm32f4xx_hal_cortex.o
 .debug_frame   0x00001e74      0x14c ./Drivers/STM32F4xx_HAL_Driver/Src/stm32f4xx_hal_gpio.o
 .debug_frame   0x00001fc0      0xc84 ./Drivers/STM32F4xx_HAL_Driver/Src/stm32f4xx_hal_i2c.o
 .debug_frame   0x00002c44      0x1f4 ./Drivers/STM32F4xx_HAL_Driver/Src/stm32f4xx_hal_rcc.o
 .debug_frame   0x00002e38      0x828 ./Drivers/STM32F4xx_HAL_Driver/Src/stm32f4xx_hal_spi.o
 .debug_frame   0x00003660      0x30c ./Drivers/STM32F4xx_HAL_Driver/Src/stm32f4xx_hal_sram.o
 .debug_frame   0x0000396c     0x11c0 ./Drivers/STM32F4xx_HAL_Driver/Src/stm32f4xx_hal_tim.o
 .debug_frame   0x00004b2c      0x638 ./Drivers/STM32F4xx_HAL_Driver/Src/stm32f4xx_hal_tim_ex.o
 .debug_frame   0x00005164      0x954 ./Drivers/STM32F4xx_HAL_Driver/Src/stm32f4xx_hal_uart.o
 .debug_frame   0x00005ab8      0x2dc ./Drivers/STM32F4xx_HAL_Driver/Src/stm32f4xx_ll_fsmc.o
 .debug_frame   0x00005d94       0x50 C:/ST/STM32CubeIDE_1.18.1/STM32CubeIDE/plugins/com.st.stm32cube.ide.mcu.externaltools.gnu-tools-for-stm32.13.3.rel1.win32_1.0.0.202411081344/tools/bin/../lib/gcc/arm-none-eabi/13.3.1/../../../../arm-none-eabi/lib/thumb/v7e-m+fp/hard\libc_nano.a(libc_a-mallocr.o)