Archive member included to satisfy reference by file (symbol)

C:/ST/STM32CubeIDE_1.16.1/STM32CubeIDE/plugins/com.st.stm32cube.ide.mcu.externaltools.gnu-tools-for-stm32.12.3.rel1.win32_1.0.200.202406191623/tools/bin/../lib/gcc/arm-none-eabi/12.3.1/../../../../arm-none-eabi/lib/thumb/v7e-m+fp/hard\libc_nano.a(libc_a-exit.o)
                              C:/ST/STM32CubeIDE_1.16.1/STM32CubeIDE/plugins/com.st.stm32cube.ide.mcu.externaltools.gnu-tools-for-stm32.12.3.rel1.win32_1.0.200.202406191623/tools/bin/../lib/gcc/arm-none-eabi/12.3.1/../../../../arm-none-eabi/lib/thumb/v7e-m+fp/hard/crt0.o (exit)
C:/ST/STM32CubeIDE_1.16.1/STM32CubeIDE/plugins/com.st.stm32cube.ide.mcu.externaltools.gnu-tools-for-stm32.12.3.rel1.win32_1.0.200.202406191623/tools/bin/../lib/gcc/arm-none-eabi/12.3.1/../../../../arm-none-eabi/lib/thumb/v7e-m+fp/hard\libc_nano.a(libc_a-malloc.o)
                              ./Core/Src/cJSON.o (malloc)
C:/ST/STM32CubeIDE_1.16.1/STM32CubeIDE/plugins/com.st.stm32cube.ide.mcu.externaltools.gnu-tools-for-stm32.12.3.rel1.win32_1.0.200.202406191623/tools/bin/../lib/gcc/arm-none-eabi/12.3.1/../../../../arm-none-eabi/lib/thumb/v7e-m+fp/hard\libc_nano.a(libc_a-mallocr.o)
                              C:/ST/STM32CubeIDE_1.16.1/STM32CubeIDE/plugins/com.st.stm32cube.ide.mcu.externaltools.gnu-tools-for-stm32.12.3.rel1.win32_1.0.200.202406191623/tools/bin/../lib/gcc/arm-none-eabi/12.3.1/../../../../arm-none-eabi/lib/thumb/v7e-m+fp/hard\libc_nano.a(libc_a-malloc.o) (_malloc_r)
C:/ST/STM32CubeIDE_1.16.1/STM32CubeIDE/plugins/com.st.stm32cube.ide.mcu.externaltools.gnu-tools-for-stm32.12.3.rel1.win32_1.0.200.202406191623/tools/bin/../lib/gcc/arm-none-eabi/12.3.1/../../../../arm-none-eabi/lib/thumb/v7e-m+fp/hard\libc_nano.a(libc_a-mlock.o)
                              C:/ST/STM32CubeIDE_1.16.1/STM32CubeIDE/plugins/com.st.stm32cube.ide.mcu.externaltools.gnu-tools-for-stm32.12.3.rel1.win32_1.0.200.202406191623/tools/bin/../lib/gcc/arm-none-eabi/12.3.1/../../../../arm-none-eabi/lib/thumb/v7e-m+fp/hard\libc_nano.a(libc_a-mallocr.o) (__malloc_lock)
C:/ST/STM32CubeIDE_1.16.1/STM32CubeIDE/plugins/com.st.stm32cube.ide.mcu.externaltools.gnu-tools-for-stm32.12.3.rel1.win32_1.0.200.202406191623/tools/bin/../lib/gcc/arm-none-eabi/12.3.1/../../../../arm-none-eabi/lib/thumb/v7e-m+fp/hard\libc_nano.a(libc_a-realloc.o)
                              ./Core/Src/cJSON.o (realloc)
C:/ST/STM32CubeIDE_1.16.1/STM32CubeIDE/plugins/com.st.stm32cube.ide.mcu.externaltools.gnu-tools-for-stm32.12.3.rel1.win32_1.0.200.202406191623/tools/bin/../lib/gcc/arm-none-eabi/12.3.1/../../../../arm-none-eabi/lib/thumb/v7e-m+fp/hard\libc_nano.a(libc_a-reallocr.o)
                              C:/ST/STM32CubeIDE_1.16.1/STM32CubeIDE/plugins/com.st.stm32cube.ide.mcu.externaltools.gnu-tools-for-stm32.12.3.rel1.win32_1.0.200.202406191623/tools/bin/../lib/gcc/arm-none-eabi/12.3.1/../../../../arm-none-eabi/lib/thumb/v7e-m+fp/hard\libc_nano.a(libc_a-realloc.o) (_realloc_r)
C:/ST/STM32CubeIDE_1.16.1/STM32CubeIDE/plugins/com.st.stm32cube.ide.mcu.externaltools.gnu-tools-for-stm32.12.3.rel1.win32_1.0.200.202406191623/tools/bin/../lib/gcc/arm-none-eabi/12.3.1/../../../../arm-none-eabi/lib/thumb/v7e-m+fp/hard\libc_nano.a(libc_a-strtod.o)
                              ./Core/Src/cJSON.o (strtod)
C:/ST/STM32CubeIDE_1.16.1/STM32CubeIDE/plugins/com.st.stm32cube.ide.mcu.externaltools.gnu-tools-for-stm32.12.3.rel1.win32_1.0.200.202406191623/tools/bin/../lib/gcc/arm-none-eabi/12.3.1/../../../../arm-none-eabi/lib/thumb/v7e-m+fp/hard\libc_nano.a(libc_a-ctype_.o)
                              ./Core/Src/cJSON.o (_ctype_)
C:/ST/STM32CubeIDE_1.16.1/STM32CubeIDE/plugins/com.st.stm32cube.ide.mcu.externaltools.gnu-tools-for-stm32.12.3.rel1.win32_1.0.200.202406191623/tools/bin/../lib/gcc/arm-none-eabi/12.3.1/../../../../arm-none-eabi/lib/thumb/v7e-m+fp/hard\libc_nano.a(libc_a-findfp.o)
                              C:/ST/STM32CubeIDE_1.16.1/STM32CubeIDE/plugins/com.st.stm32cube.ide.mcu.externaltools.gnu-tools-for-stm32.12.3.rel1.win32_1.0.200.202406191623/tools/bin/../lib/gcc/arm-none-eabi/12.3.1/../../../../arm-none-eabi/lib/thumb/v7e-m+fp/hard\libc_nano.a(libc_a-exit.o) (__stdio_exit_handler)
C:/ST/STM32CubeIDE_1.16.1/STM32CubeIDE/plugins/com.st.stm32cube.ide.mcu.externaltools.gnu-tools-for-stm32.12.3.rel1.win32_1.0.200.202406191623/tools/bin/../lib/gcc/arm-none-eabi/12.3.1/../../../../arm-none-eabi/lib/thumb/v7e-m+fp/hard\libc_nano.a(libc_a-fwalk.o)
                              C:/ST/STM32CubeIDE_1.16.1/STM32CubeIDE/plugins/com.st.stm32cube.ide.mcu.externaltools.gnu-tools-for-stm32.12.3.rel1.win32_1.0.200.202406191623/tools/bin/../lib/gcc/arm-none-eabi/12.3.1/../../../../arm-none-eabi/lib/thumb/v7e-m+fp/hard\libc_nano.a(libc_a-findfp.o) (_fwalk_sglue)
[...]
Memory Configuration

Name             Origin             Length             Attributes
CCMRAM           0x10000000         0x00010000         xrw
RAM              0x20000000         0x00020000         xrw
FLASH            0x08000000         0x00080000         xr
*default*        0x00000000         0xffffffff

Linker script and memory map

LOAD C:/ST/STM32CubeIDE_1.16.1/STM32CubeIDE/plugins/com.st.stm32cube.ide.mcu.externaltools.gnu-tools-for-stm32.12.3.rel1.win32_1.0.200.202406191623/tools/bin/../lib/gcc/arm-none-eabi/12.3.1/thumb/v7e-m+fp/hard/crti.o
LOAD C:/ST/STM32CubeIDE_1.16.1/STM32CubeIDE/plugins/com.st.stm32cube.ide.mcu.externaltools.gnu-tools-for-stm32.12.3.rel1.win32_1.0.200.202406191623/tools/bin/../lib/gcc/arm-none-eabi/12.3.1/thumb/v7e-m+fp/hard/crtbegin.o
LOAD C:/ST/STM32CubeIDE_1.16.1/STM32CubeIDE/plugins/com.st.stm32cube.ide.mcu.externaltools.gnu-tools-for-stm32.12.3.rel1.win32_1.0.200.202406191623/tools/bin/../lib/gcc/arm-none-eabi/12.3.1/../../../../arm-none-eabi/lib/thumb/v7e-m+fp/hard/crt0.o
LOAD ./Core/Src/A.o
LOAD ./Core/Src/AD8232.o
LOAD ./Core/Src/Back.o
LOAD ./Core/Src/BackGround.o
LOAD ./Core/Src/BackGround2.o
LOAD ./Core/Src/CircularBuffer.o
LOAD ./Core/Src/City.o
LOAD ./Core/Src/Cloud1.o
LOAD ./Core/Src/Cloud2.o
LOAD ./Core/Src/DHT.o
LOAD ./Core/Src/Loading.o
LOAD ./Core/Src/MAX30100.o
LOAD ./Core/Src/MAX30100_BeatDetector.o
LOAD ./Core/Src/MAX30100_PulseOximeter.o
LOAD ./Core/Src/MAX30100_SpO2Calculator.o
LOAD ./Core/Src/OK.o
LOAD ./Core/Src/STLogo.o
LOAD ./Core/Src/Tem.o
LOAD ./Core/Src/abc.o
LOAD ./Core/Src/cJSON.o
LOAD ./Core/Src/calibrate.o
LOAD ./Core/Src/clockhumi.o
LOAD ./Core/Src/clocktem.o
LOAD ./Core/Src/cloudrate.o
LOAD ./Core/Src/confirm.o
LOAD ./Core/Src/doC.o
LOAD ./Core/Src/font12.o
LOAD ./Core/Src/font16.o
LOAD ./Core/Src/font20.o
LOAD ./Core/Src/font24.o
LOAD ./Core/Src/font8.o
LOAD ./Core/Src/front_end.o
LOAD ./Core/Src/hot.o
LOAD ./Core/Src/humi.o
LOAD ./Core/Src/ice.o
LOAD ./Core/Src/icon1.o
LOAD ./Core/Src/icon2.o
LOAD ./Core/Src/icon3.o
LOAD ./Core/Src/ili9341.o
LOAD ./Core/Src/location.o
LOAD ./Core/Src/main.o
LOAD ./Core/Src/next.o
LOAD ./Core/Src/next1.o
LOAD ./Core/Src/stm32f4xx_hal_msp.o
LOAD ./Core/Src/stm32f4xx_it.o
LOAD ./Core/Src/syscalls.o
LOAD ./Core/Src/sysmem.o
LOAD ./Core/Src/system_stm32f4xx.o
LOAD ./Core/Src/touch.o
LOAD ./Core/Src/tree.o
LOAD ./Core/Src/tree1.o
LOAD ./Core/Src/water.o
LOAD ./Core/Src/weather.o
LOAD ./Core/Src/wether.o
LOAD ./Core/Src/wind.o
LOAD ./Core/Src/yourname5.1.o
LOAD ./Core/Src/z6030061336714_5dbe1c34090d7e2346532e65515815be.o
LOAD ./Core/Startup/startup_stm32f407vetx.o
LOAD ./Drivers/STM32F4xx_HAL_Driver/Src/stm32f4xx_hal.o
LOAD ./Drivers/STM32F4xx_HAL_Driver/Src/stm32f4xx_hal_adc.o
LOAD ./Drivers/STM32F4xx_HAL_Driver/Src/stm32f4xx_hal_adc_ex.o
LOAD ./Drivers/STM32F4xx_HAL_Driver/Src/stm32f4xx_hal_cortex.o
LOAD ./Drivers/STM32F4xx_HAL_Driver/Src/stm32f4xx_hal_dma.o
LOAD ./Drivers/STM32F4xx_HAL_Driver/Src/stm32f4xx_hal_dma_ex.o
LOAD ./Drivers/STM32F4xx_HAL_Driver/Src/stm32f4xx_hal_exti.o
LOAD ./Drivers/STM32F4xx_HAL_Driver/Src/stm32f4xx_hal_flash.o
LOAD ./Drivers/STM32F4xx_HAL_Driver/Src/stm32f4xx_hal_flash_ex.o
LOAD ./Drivers/STM32F4xx_HAL_Driver/Src/stm32f4xx_hal_flash_ramfunc.o
LOAD ./Drivers/STM32F4xx_HAL_Driver/Src/stm32f4xx_hal_gpio.o
LOAD ./Drivers/STM32F4xx_HAL_Driver/Src/stm32f4xx_hal_i2c.o
LOAD ./Drivers/STM32F4xx_HAL_Driver/Src/stm32f4xx_hal_i2c_ex.o
LOAD ./Drivers/STM32F4xx_HAL_Driver/Src/stm32f4xx_hal_pwr.o
LOAD ./Drivers/STM32F4xx_HAL_Driver/Src/stm32f4xx_hal_pwr_ex.o
LOAD ./Drivers/STM32F4xx_HAL_Driver/Src/stm32f4xx_hal_rcc.o
LOAD ./Drivers/STM32F4xx_HAL_Driver/Src/stm32f4xx_hal_rcc_ex.o
LOAD ./Drivers/STM32F4xx_HAL_Driver/Src/stm32f4xx_hal_spi.o
LOAD ./Drivers/STM32F4xx_HAL_Driver/Src/stm32f4xx_hal_sram.o
LOAD ./Drivers/STM32F4xx_HAL_Driver/Src/stm32f4xx_hal_tim.o
LOAD ./Drivers/STM32F4xx_HAL_Driver/Src/stm32f4xx_hal_tim_ex.o
LOAD ./Drivers/STM32F4xx_HAL_Driver/Src/stm32f4xx_hal_uart.o
LOAD ./Drivers/STM32F4xx_HAL_Driver/Src/stm32f4xx_ll_adc.o
LOAD ./Drivers/STM32F4xx_HAL_Driver/Src/stm32f4xx_ll_fsmc.o
START GROUP
LOAD C:/ST/STM32CubeIDE_1.16.1/STM32CubeIDE/plugins/com.st.stm32cube.ide.mcu.externaltools.gnu-tools-for-stm32.12.3.rel1.win32_1.0.200.202406191623/tools/bin/../lib/gcc/arm-none-eabi/12.3.1/../../../../arm-none-eabi/lib/thumb/v7e-m+fp/hard\libc_nano.a
LOAD C:/ST/STM32CubeIDE_1.16.1/STM32CubeIDE/plugins/com.st.stm32cube.ide.mcu.externaltools.gnu-tools-for-stm32.12.3.rel1.win32_1.0.200.202406191623/tools/bin/../lib/gcc/arm-none-eabi/12.3.1/../../../../arm-none-eabi/lib/thumb/v7e-m+fp/hard\libm.a
END GROUP
START GROUP
LOAD C:/ST/STM32CubeIDE_1.16.1/STM32CubeIDE/plugins/com.st.stm32cube.ide.mcu.externaltools.gnu-tools-for-stm32.12.3.rel1.win32_1.0.200.202406191623/tools/bin/../lib/gcc/arm-none-eabi/12.3.1/thumb/v7e-m+fp/hard\libgcc.a
LOAD C:/ST/STM32CubeIDE_1.16.1/STM32CubeIDE/plugins/com.st.stm32cube.ide.mcu.externaltools.gnu-tools-for-stm32.12.3.rel1.win32_1.0.200.202406191623/tools/bin/../lib/gcc/arm-none-eabi/12.3.1/../../../../arm-none-eabi/lib/thumb/v7e-m+fp/hard\libc_nano.a
END GROUP
START GROUP
LOAD C:/ST/STM32CubeIDE_1.16.1/STM32CubeIDE/plugins/com.st.stm32cube.ide.mcu.externaltools.gnu-tools-for-stm32.12.3.rel1.win32_1.0.200.202406191623/tools/bin/../lib/gcc/arm-none-eabi/12.3.1/thumb/v7e-m+fp/hard\libgcc.a
LOAD C:/ST/STM32CubeIDE_1.16.1/STM32CubeIDE/plugins/com.st.stm32cube.ide.mcu.externaltools.gnu-tools-for-stm32.12.3.rel1.win32_1.0.200.202406191623/tools/bin/../lib/gcc/arm-none-eabi/12.3.1/../../../../arm-none-eabi/lib/thumb/v7e-m+fp/hard\libc_nano.a
LOAD C:/ST/STM32CubeIDE_1.16.1/STM32CubeIDE/plugins/com.st.stm32cube.ide.mcu.externaltools.gnu-tools-for-stm32.12.3.rel1.win32_1.0.200.202406191623/tools/bin/../lib/gcc/arm-none-eabi/12.3.1/../../../../arm-none-eabi/lib/thumb/v7e-m+fp/hard\libnosys.a
END GROUP
START GROUP
LOAD C:/ST/STM32CubeIDE_1.16.1/STM32CubeIDE/plugins/com.st.stm32cube.ide.mcu.externaltools.gnu-tools-for-stm32.12.3.rel1.win32_1.0.200.202406191623/tools/bin/../lib/gcc/arm-none-eabi/12.3.1/thumb/v7e-m+fp/hard\libgcc.a
LOAD C:/ST/STM32CubeIDE_1.16.1/STM32CubeIDE/plugins/com.st.stm32cube.ide.mcu.externaltools.gnu-tools-for-stm32.12.3.rel1.win32_1.0.200.202406191623/tools/bin/../lib/gcc/arm-none-eabi/12.3.1/../../../../arm-none-eabi/lib/thumb/v7e-m+fp/hard\libc_nano.a
LOAD C:/ST/STM32CubeIDE_1.16.1/STM32CubeIDE/plugins/com.st.stm32cube.ide.mcu.externaltools.gnu-tools-for-stm32.12.3.rel1.win32_1.0.200.202406191623/tools/bin/../lib/gcc/arm-none-eabi/12.3.1/../../../../arm-none-eabi/lib/thumb/v7e-m+fp/hard\libnosys.a
END GROUP
LOAD C:/ST/STM32CubeIDE_1.16.1/STM32CubeIDE/plugins/com.st.stm32cube.ide.mcu.externaltools.gnu-tools-for-stm32.12.3.rel1.win32_1.0.200.202406191623/tools/bin/../lib/gcc/arm-none-eabi/12.3.1/thumb/v7e-m+fp/hard/crtend.o
LOAD C:/ST/STM32CubeIDE_1.16.1/STM32CubeIDE/plugins/com.st.stm32cube.ide.mcu.externaltools.gnu-tools-for-stm32.12.3.rel1.win32_1.0.200.202406191623/tools/bin/../lib/gcc/arm-none-eabi/12.3.1/thumb/v7e-m+fp/hard/crtn.o
                0x20020000                        _estack = (ORIGIN (RAM) + LENGTH (RAM))
                0x00000200                        _Min_Heap_Size = 0x200
                0x00000400                        _Min_Stack_Size = 0x400

.isr_vector     0x08000000      0x188
                0x08000000                        . = ALIGN (0x4)
 *(.isr_vector)
 .isr_vector    0x08000000      0x188 ./Core/Startup/startup_stm32f407vetx.o
                0x08000000                g_pfnVectors
                0x08000188                        . = ALIGN (0x4)

.text           0x08000190     0x6c24
                0x08000190                        . = ALIGN (0x4)
 *(.text)
 .text          0x08000190       0x40 C:/ST/STM32CubeIDE_1.16.1/STM32CubeIDE/plugins/com.st.stm32cube.ide.mcu.externaltools.gnu-tools-for-stm32.12.3.rel1.win32_1.0.200.202406191623/tools/bin/../lib/gcc/arm-none-eabi/12.3.1/thumb/v7e-m+fp/hard/crtbegin.o
 .text          0x080001d0       0x10 C:/ST/STM32CubeIDE_1.16.1/STM32CubeIDE/plugins/com.st.stm32cube.ide.mcu.externaltools.gnu-tools-for-stm32.12.3.rel1.win32_1.0.200.202406191623/tools/bin/../lib/gcc/arm-none-eabi/12.3.1/../../../../arm-none-eabi/lib/thumb/v7e-m+fp/hard\libc_nano.a(libc_a-strlen.o)
                0x080001d0                strlen
 .text          0x080001e0       0xa0 C:/ST/STM32CubeIDE_1.16.1/STM32CubeIDE/plugins/com.st.stm32cube.ide.mcu.externaltools.gnu-tools-for-stm32.12.3.rel1.win32_1.0.200.202406191623/tools/bin/../lib/gcc/arm-none-eabi/12.3.1/../../../../arm-none-eabi/lib/thumb/v7e-m+fp/hard\libc_nano.a(libc_a-memchr.o)
                0x080001e0                memchr
 .text          0x08000280       0x30 C:/ST/STM32CubeIDE_1.16.1/STM32CubeIDE/plugins/com.st.stm32cube.ide.mcu.externaltools.gnu-tools-for-stm32.12.3.rel1.win32_1.0.200.202406191623/tools/bin/../lib/gcc/arm-none-eabi/12.3.1/thumb/v7e-m+fp/hard\libgcc.a(_aeabi_uldivmod.o)
                0x08000280                __aeabi_uldivmod
 .text          0x080002b0      0x2bc C:/ST/STM32CubeIDE_1.16.1/STM32CubeIDE/plugins/com.st.stm32cube.ide.mcu.externaltools.gnu-tools-for-stm32.12.3.rel1.win32_1.0.200.202406191623/tools/bin/../lib/gcc/arm-none-eabi/12.3.1/thumb/v7e-m+fp/hard\libgcc.a(_udivmoddi4.o)
                0x080002b0                __udivmoddi4
 .text          0x0800056c        0x4 C:/ST/STM32CubeIDE_1.16.1/STM32CubeIDE/plugins/com.st.stm32cube.ide.mcu.externaltools.gnu-tools-for-stm32.12.3.rel1.win32_1.0.200.202406191623/tools/bin/../lib/gcc/arm-none-eabi/12.3.1/thumb/v7e-m+fp/hard\libgcc.a(_dvmd_tls.o)
                0x0800056c                __aeabi_idiv0
                0x0800056c                __aeabi_ldiv0
 *(.text*)
 .text.CircularBuffer_Init
                0x08000570       0x34 ./Core/Src/CircularBuffer.o
                0x08000570                CircularBuffer_Init
 .text.CircularBuffer_Push
                0x080005a4       0x90 ./Core/Src/CircularBuffer.o
                0x080005a4                CircularBuffer_Push
 .text.CircularBuffer_Pop
                0x08000634       0x66 ./Core/Src/CircularBuffer.o
                0x08000634                CircularBuffer_Pop
 .text.MAX30100_Begin
                0x0800069a       0x5e ./Core/Src/MAX30100.o
                0x0800069a                MAX30100_Begin
 .text.MAX30100_SetMode
                0x080006f8       0x1e ./Core/Src/MAX30100.o
                0x080006f8                MAX30100_SetMode
 .text.MAX30100_ConfigureSPO2
                0x08000716       0x56 ./Core/Src/MAX30100.o
                0x08000716                MAX30100_ConfigureSPO2
 .text.MAX30100_SetLedsCurrent
                0x0800076c       0x30 ./Core/Src/MAX30100.o
                0x0800076c                MAX30100_SetLedsCurrent
 .text.MAX30100_Update
                0x0800079c       0x16 ./Core/Src/MAX30100.o
                0x0800079c                MAX30100_Update
 .text.MAX30100_GetRawValues
                0x080007b2       0x40 ./Core/Src/MAX30100.o
                0x080007b2                MAX30100_GetRawValues
 .text.MAX30100_ResetFifo
                0x080007f2       0x28 ./Core/Src/MAX30100.o
                0x080007f2                MAX30100_ResetFifo
 .text.MAX30100_GetPartId
                0x0800081a       0x18 ./Core/Src/MAX30100.o
                0x0800081a                MAX30100_GetPartId
 *fill*         0x08000832        0x2 
 .text.MAX30100_ReadRegister
                0x08000834       0x38 ./Core/Src/MAX30100.o
                0x08000834                MAX30100_ReadRegister
 .text.MAX30100_WriteRegister
                0x0800086c       0x38 ./Core/Src/MAX30100.o
                0x0800086c                MAX30100_WriteRegister
 .text.MAX30100_BurstRead
                0x080008a4       0x38 ./Core/Src/MAX30100.o
                0x080008a4                MAX30100_BurstRead
 .text.MAX30100_ReadFifoData
                0x080008dc       0x50 ./Core/Src/MAX30100.o
                0x080008dc                MAX30100_ReadFifoData
 .text.BeatDetector_GetRate
                0x0800092c       0x58 ./Core/Src/MAX30100_BeatDetector.o
                0x0800092c                BeatDetector_GetRate
 .text.BeatDetector_AddSample
                0x08000984      0x198 ./Core/Src/MAX30100_BeatDetector.o
                0x08000984                BeatDetector_AddSample
 .text.BeatDetector_DecreaseThreshold
                0x08000b1c       0xa4 ./Core/Src/MAX30100_BeatDetector.o
 .text.FilterBuLp1_Step
                0x08000bc0       0x60 ./Core/Src/MAX30100_PulseOximeter.o
 .text.DCRemover_Init
                0x08000c20       0x26 ./Core/Src/MAX30100_PulseOximeter.o
 .text.DCRemover_Step
                0x08000c46       0x4c ./Core/Src/MAX30100_PulseOximeter.o
 .text.DCRemover_GetDCW
                0x08000c92       0x1e ./Core/Src/MAX30100_PulseOximeter.o
 .text.PulseOximeter_Init
                0x08000cb0       0x50 ./Core/Src/MAX30100_PulseOximeter.o
                0x08000cb0                PulseOximeter_Init
 .text.PulseOximeter_Begin
                0x08000d00       0x94 ./Core/Src/MAX30100_PulseOximeter.o
                0x08000d00                PulseOximeter_Begin
 .text.PulseOximeter_Update
                0x08000d94       0x26 ./Core/Src/MAX30100_PulseOximeter.o
                0x08000d94                PulseOximeter_Update
 .text.PulseOximeter_GetHeartRate
                0x08000dba       0x20 ./Core/Src/MAX30100_PulseOximeter.o
                0x08000dba                PulseOximeter_GetHeartRate
 .text.PulseOximeter_GetSpO2
                0x08000dda       0x1c ./Core/Src/MAX30100_PulseOximeter.o
                0x08000dda                PulseOximeter_GetSpO2
 .text.PulseOximeter_SetOnBeatDetectedCallback
                0x08000df6       0x1e ./Core/Src/MAX30100_PulseOximeter.o
                0x08000df6                PulseOximeter_SetOnBeatDetectedCallback
 .text.checkSample
                0x08000e14      0x100 ./Core/Src/MAX30100_PulseOximeter.o
 .text.checkCurrentBias
                0x08000f14      0x100 ./Core/Src/MAX30100_PulseOximeter.o
 .text.SpO2Calculator_Reset
                0x08001014       0x36 ./Core/Src/MAX30100_SpO2Calculator.o
                0x08001014                SpO2Calculator_Reset
 *fill*         0x0800104a        0x2 
 .text.SpO2Calculator_Update
                0x0800104c      0x14c ./Core/Src/MAX30100_SpO2Calculator.o
                0x0800104c                SpO2Calculator_Update
 .text.SpO2Calculator_GetSpO2
                0x08001198       0x18 ./Core/Src/MAX30100_SpO2Calculator.o
                0x08001198                SpO2Calculator_GetSpO2
 .text.setCalibrationMatrix
                0x080011b0      0x27c ./Core/Src/calibrate.o
                0x080011b0                setCalibrationMatrix
 .text.lcdInit  0x0800142c      0x2e8 ./Core/Src/ili9341.o
                0x0800142c                lcdInit
 .text.lcdFillRGB
                0x08001714       0x54 ./Core/Src/ili9341.o
                0x08001714                lcdFillRGB
 .text.lcdDrawPixel
                0x08001768       0x48 ./Core/Src/ili9341.o
                0x08001768                lcdDrawPixel
 .text.lcdDrawChar
                0x080017b0      0x154 ./Core/Src/ili9341.o
                0x080017b0                lcdDrawChar
 .text.lcdPrintf
                0x08001904      0x118 ./Core/Src/ili9341.o
                0x08001904                lcdPrintf
 .text.lcdSetTextFont
                0x08001a1c       0x20 ./Core/Src/ili9341.o
                0x08001a1c                lcdSetTextFont
 .text.lcdSetTextColor
                0x08001a3c       0x2c ./Core/Src/ili9341.o
                0x08001a3c                lcdSetTextColor
 .text.lcdSetOrientation
                0x08001a68       0xd4 ./Core/Src/ili9341.o
                0x08001a68                lcdSetOrientation
 .text.lcdSetCursor
                0x08001b3c       0x34 ./Core/Src/ili9341.o
                0x08001b3c                lcdSetCursor
 .text.lcdSetWindow
                0x08001b70       0x98 ./Core/Src/ili9341.o
                0x08001b70                lcdSetWindow
 .text.lcdReset
                0x08001c08       0x14 ./Core/Src/ili9341.o
 .text.lcdWriteCommand
                0x08001c1c       0x20 ./Core/Src/ili9341.o
 .text.lcdWriteData
                0x08001c3c       0x20 ./Core/Src/ili9341.o
 .text.lcdBuildMemoryAccessControlConfig
                0x08001c5c       0x82 ./Core/Src/ili9341.o
 .text.onBeatDetected
                0x08001cde        0xe ./Core/Src/main.o
                0x08001cde                onBeatDetected
 .text.main     0x08001cec       0x8c ./Core/Src/main.o
                0x08001cec                main
 .text.SystemClock_Config
                0x08001d78       0xd4 ./Core/Src/main.o
                0x08001d78                SystemClock_Config
 .text.MX_ADC3_Init
                0x08001e4c       0xa4 ./Core/Src/main.o
 .text.MX_I2C1_Init
                0x08001ef0       0x5c ./Core/Src/main.o
 .text.MX_SPI2_Init
                0x08001f4c       0x6c ./Core/Src/main.o
 .text.MX_TIM2_Init
                0x08001fb8       0x9c ./Core/Src/main.o
 .text.MX_USART1_UART_Init
                0x08002054       0x54 ./Core/Src/main.o
 .text.MX_GPIO_Init
                0x080020a8      0x140 ./Core/Src/main.o
 .text.MX_FSMC_Init
                0x080021e8       0xc0 ./Core/Src/main.o
 .text.Send_AT_Command
                0x080022a8       0x40 ./Core/Src/main.o
                0x080022a8                Send_AT_Command
 .text.Send_AT_Commands
                0x080022e8       0x4c ./Core/Src/main.o
                0x080022e8                Send_AT_Commands
 .text.Max30100_Init
                0x08002334      0x148 ./Core/Src/main.o
                0x08002334                Max30100_Init
 .text.Max30100
                0x0800247c       0xe4 ./Core/Src/main.o
                0x0800247c                Max30100
 .text.Error_Handler
                0x08002560        0xc ./Core/Src/main.o
                0x08002560                Error_Handler
 .text.HAL_MspInit
                0x0800256c       0x50 ./Core/Src/stm32f4xx_hal_msp.o
                0x0800256c                HAL_MspInit
 .text.HAL_ADC_MspInit
                0x080025bc       0x88 ./Core/Src/stm32f4xx_hal_msp.o
                0x080025bc                HAL_ADC_MspInit
 .text.HAL_I2C_MspInit
                0x08002644       0x90 ./Core/Src/stm32f4xx_hal_msp.o
                0x08002644                HAL_I2C_MspInit
 .text.HAL_SPI_MspInit
                0x080026d4       0x90 ./Core/Src/stm32f4xx_hal_msp.o
                0x080026d4                HAL_SPI_MspInit
 .text.HAL_TIM_Base_MspInit
                0x08002764       0x40 ./Core/Src/stm32f4xx_hal_msp.o
                0x08002764                HAL_TIM_Base_MspInit
 .text.HAL_UART_MspInit
                0x080027a4       0x90 ./Core/Src/stm32f4xx_hal_msp.o
                0x080027a4                HAL_UART_MspInit
 .text.HAL_FSMC_MspInit
                0x08002834       0x98 ./Core/Src/stm32f4xx_hal_msp.o
 .text.HAL_SRAM_MspInit
                0x080028cc       0x14 ./Core/Src/stm32f4xx_hal_msp.o
                0x080028cc                HAL_SRAM_MspInit
 .text.NMI_Handler
                0x080028e0        0xe ./Core/Src/stm32f4xx_it.o
                0x080028e0                NMI_Handler
 .text.HardFault_Handler
                0x080028ee        0x8 ./Core/Src/stm32f4xx_it.o
                0x080028ee                HardFault_Handler
 .text.MemManage_Handler
                0x080028f6        0x8 ./Core/Src/stm32f4xx_it.o
                0x080028f6                MemManage_Handler
 .text.BusFault_Handler
                0x080028fe        0x8 ./Core/Src/stm32f4xx_it.o
                0x080028fe                BusFault_Handler
 .text.UsageFault_Handler
                0x08002906        0x8 ./Core/Src/stm32f4xx_it.o
                0x08002906                UsageFault_Handler
 .text.SVC_Handler
                0x0800290e        0xe ./Core/Src/stm32f4xx_it.o
                0x0800290e                SVC_Handler
 .text.DebugMon_Handler
                0x0800291c        0xe ./Core/Src/stm32f4xx_it.o
                0x0800291c                DebugMon_Handler
 .text.PendSV_Handler
                0x0800292a        0xe ./Core/Src/stm32f4xx_it.o
                0x0800292a                PendSV_Handler
 .text.SysTick_Handler
                0x08002938        0xc ./Core/Src/stm32f4xx_it.o
                0x08002938                SysTick_Handler
 .text.EXTI0_IRQHandler
                0x08002944        0xe ./Core/Src/stm32f4xx_it.o
                0x08002944                EXTI0_IRQHandler
 *fill*         0x08002952        0x2 
 .text._sbrk    0x08002954       0x6c ./Core/Src/sysmem.o
                0x08002954                _sbrk
 .text.SystemInit
                0x080029c0       0x24 ./Core/Src/system_stm32f4xx.o
                0x080029c0                SystemInit
 .text.TouchCalibrate
                0x080029e4       0x5c ./Core/Src/touch.o
                0x080029e4                TouchCalibrate
 .text.Reset_Handler
                0x08002a40       0x50 ./Core/Startup/startup_stm32f407vetx.o
                0x08002a40                Reset_Handler
 .text.Default_Handler
                0x08002a90        0x2 ./Core/Startup/startup_stm32f407vetx.o
                0x08002a90                RTC_Alarm_IRQHandler
                0x08002a90                HASH_RNG_IRQHandler
                0x08002a90                EXTI2_IRQHandler
                0x08002a90                TIM8_CC_IRQHandler
                0x08002a90                TIM1_CC_IRQHandler
                0x08002a90                DMA2_Stream5_IRQHandler
                0x08002a90                DMA1_Stream5_IRQHandler
                0x08002a90                PVD_IRQHandler
                0x08002a90                SDIO_IRQHandler
                0x08002a90                TAMP_STAMP_IRQHandler
                0x08002a90                CAN2_RX1_IRQHandler
                0x08002a90                EXTI3_IRQHandler
                0x08002a90                TIM8_TRG_COM_TIM14_IRQHandler
                0x08002a90                TIM1_UP_TIM10_IRQHandler
                0x08002a90                TIM8_UP_TIM13_IRQHandler
                0x08002a90                I2C3_ER_IRQHandler
                0x08002a90                I2C2_EV_IRQHandler
                0x08002a90                DMA1_Stream2_IRQHandler
                0x08002a90                CAN1_RX0_IRQHandler
                0x08002a90                FPU_IRQHandler
                0x08002a90                OTG_HS_WKUP_IRQHandler
                0x08002a90                CAN2_SCE_IRQHandler
                0x08002a90                DMA2_Stream2_IRQHandler
                0x08002a90                SPI1_IRQHandler
                0x08002a90                TIM6_DAC_IRQHandler
                0x08002a90                TIM1_BRK_TIM9_IRQHandler
                0x08002a90                DCMI_IRQHandler
                0x08002a90                CAN2_RX0_IRQHandler
                0x08002a90                DMA2_Stream3_IRQHandler
                0x08002a90                USART6_IRQHandler
                0x08002a90                USART3_IRQHandler
                0x08002a90                CAN1_RX1_IRQHandler
                0x08002a90                UART5_IRQHandler
                0x08002a90                DMA2_Stream0_IRQHandler
                0x08002a90                TIM4_IRQHandler
                0x08002a90                I2C1_EV_IRQHandler
                0x08002a90                DMA1_Stream6_IRQHandler
                0x08002a90                DMA1_Stream1_IRQHandler
                0x08002a90                UART4_IRQHandler
                0x08002a90                TIM3_IRQHandler
                0x08002a90                RCC_IRQHandler
                0x08002a90                TIM8_BRK_TIM12_IRQHandler
                0x08002a90                Default_Handler
                0x08002a90                EXTI15_10_IRQHandler
                0x08002a90                ADC_IRQHandler
                0x08002a90                DMA1_Stream7_IRQHandler
                0x08002a90                TIM7_IRQHandler
                0x08002a90                CAN2_TX_IRQHandler
                0x08002a90                TIM5_IRQHandler
                0x08002a90                DMA2_Stream7_IRQHandler
                0x08002a90                I2C3_EV_IRQHandler
                0x08002a90                EXTI9_5_IRQHandler
                0x08002a90                RTC_WKUP_IRQHandler
                0x08002a90                ETH_WKUP_IRQHandler
                0x08002a90                SPI2_IRQHandler
                0x08002a90                OTG_HS_EP1_IN_IRQHandler
                0x08002a90                DMA1_Stream0_IRQHandler
                0x08002a90                CAN1_TX_IRQHandler
                0x08002a90                EXTI4_IRQHandler
                0x08002a90                FSMC_IRQHandler
                0x08002a90                ETH_IRQHandler
                0x08002a90                OTG_HS_EP1_OUT_IRQHandler
                0x08002a90                WWDG_IRQHandler
                0x08002a90                TIM2_IRQHandler
                0x08002a90                OTG_FS_WKUP_IRQHandler
                0x08002a90                TIM1_TRG_COM_TIM11_IRQHandler
                0x08002a90                OTG_HS_IRQHandler
                0x08002a90                EXTI1_IRQHandler
                0x08002a90                USART2_IRQHandler
                0x08002a90                I2C2_ER_IRQHandler
                0x08002a90                DMA2_Stream1_IRQHandler
                0x08002a90                CAN1_SCE_IRQHandler
                0x08002a90                FLASH_IRQHandler
                0x08002a90                DMA2_Stream4_IRQHandler
                0x08002a90                USART1_IRQHandler
                0x08002a90                OTG_FS_IRQHandler
                0x08002a90                SPI3_IRQHandler
                0x08002a90                DMA1_Stream4_IRQHandler
                0x08002a90                I2C1_ER_IRQHandler
                0x08002a90                DMA2_Stream6_IRQHandler
                0x08002a90                DMA1_Stream3_IRQHandler
 *fill*         0x08002a92        0x2 
 .text.HAL_Init
                0x08002a94       0x44 ./Drivers/STM32F4xx_HAL_Driver/Src/stm32f4xx_hal.o
                0x08002a94                HAL_Init
 .text.HAL_InitTick
                0x08002ad8       0x60 ./Drivers/STM32F4xx_HAL_Driver/Src/stm32f4xx_hal.o
                0x08002ad8                HAL_InitTick
 .text.HAL_IncTick
                0x08002b38       0x28 ./Drivers/STM32F4xx_HAL_Driver/Src/stm32f4xx_hal.o
                0x08002b38                HAL_IncTick
 .text.HAL_GetTick
                0x08002b60       0x18 ./Drivers/STM32F4xx_HAL_Driver/Src/stm32f4xx_hal.o
                0x08002b60                HAL_GetTick
 .text.HAL_Delay
                0x08002b78       0x48 ./Drivers/STM32F4xx_HAL_Driver/Src/stm32f4xx_hal.o
                0x08002b78                HAL_Delay
 .text.HAL_ADC_Init
                0x08002bc0       0x86 ./Drivers/STM32F4xx_HAL_Driver/Src/stm32f4xx_hal_adc.o
                0x08002bc0                HAL_ADC_Init
 *fill*         0x08002c46        0x2 
 .text.HAL_ADC_ConfigChannel
                0x08002c48      0x244 ./Drivers/STM32F4xx_HAL_Driver/Src/stm32f4xx_hal_adc.o
                0x08002c48                HAL_ADC_ConfigChannel
 .text.ADC_Init
                0x08002e8c      0x1f8 ./Drivers/STM32F4xx_HAL_Driver/Src/stm32f4xx_hal_adc.o
 .text.__NVIC_SetPriorityGrouping
                0x08003084       0x48 ./Drivers/STM32F4xx_HAL_Driver/Src/stm32f4xx_hal_cortex.o
 .text.__NVIC_GetPriorityGrouping
                0x080030cc       0x1c ./Drivers/STM32F4xx_HAL_Driver/Src/stm32f4xx_hal_cortex.o
 .text.__NVIC_EnableIRQ
                0x080030e8       0x3c ./Drivers/STM32F4xx_HAL_Driver/Src/stm32f4xx_hal_cortex.o
 .text.__NVIC_SetPriority
                0x08003124       0x54 ./Drivers/STM32F4xx_HAL_Driver/Src/stm32f4xx_hal_cortex.o
 .text.NVIC_EncodePriority
                0x08003178       0x66 ./Drivers/STM32F4xx_HAL_Driver/Src/stm32f4xx_hal_cortex.o
 *fill*         0x080031de        0x2 
 .text.SysTick_Config
                0x080031e0       0x44 ./Drivers/STM32F4xx_HAL_Driver/Src/stm32f4xx_hal_cortex.o
 .text.HAL_NVIC_SetPriorityGrouping
                0x08003224       0x16 ./Drivers/STM32F4xx_HAL_Driver/Src/stm32f4xx_hal_cortex.o
                0x08003224                HAL_NVIC_SetPriorityGrouping
 .text.HAL_NVIC_SetPriority
                0x0800323a       0x38 ./Drivers/STM32F4xx_HAL_Driver/Src/stm32f4xx_hal_cortex.o
                0x0800323a                HAL_NVIC_SetPriority
 .text.HAL_NVIC_EnableIRQ
                0x08003272       0x1c ./Drivers/STM32F4xx_HAL_Driver/Src/stm32f4xx_hal_cortex.o
                0x08003272                HAL_NVIC_EnableIRQ
 .text.HAL_SYSTICK_Config
                0x0800328e       0x18 ./Drivers/STM32F4xx_HAL_Driver/Src/stm32f4xx_hal_cortex.o
                0x0800328e                HAL_SYSTICK_Config
 *fill*         0x080032a6        0x2 
 .text.HAL_GPIO_Init
                0x080032a8      0x338 ./Drivers/STM32F4xx_HAL_Driver/Src/stm32f4xx_hal_gpio.o
                0x080032a8                HAL_GPIO_Init
 .text.HAL_GPIO_WritePin
                0x080035e0       0x32 ./Drivers/STM32F4xx_HAL_Driver/Src/stm32f4xx_hal_gpio.o
                0x080035e0                HAL_GPIO_WritePin
 *fill*         0x08003612        0x2 
 .text.HAL_GPIO_EXTI_IRQHandler
                0x08003614       0x30 ./Drivers/STM32F4xx_HAL_Driver/Src/stm32f4xx_hal_gpio.o
                0x08003614                HAL_GPIO_EXTI_IRQHandler
 .text.HAL_GPIO_EXTI_Callback
                0x08003644       0x16 ./Drivers/STM32F4xx_HAL_Driver/Src/stm32f4xx_hal_gpio.o
                0x08003644                HAL_GPIO_EXTI_Callback
 *fill*         0x0800365a        0x2 
 .text.HAL_I2C_Init
                0x0800365c      0x288 ./Drivers/STM32F4xx_HAL_Driver/Src/stm32f4xx_hal_i2c.o
                0x0800365c                HAL_I2C_Init
 .text.HAL_I2C_Mem_Write
                0x080038e4      0x1f4 ./Drivers/STM32F4xx_HAL_Driver/Src/stm32f4xx_hal_i2c.o
                0x080038e4                HAL_I2C_Mem_Write
 .text.HAL_I2C_Mem_Read
                0x08003ad8      0x464 ./Drivers/STM32F4xx_HAL_Driver/Src/stm32f4xx_hal_i2c.o
                0x08003ad8                HAL_I2C_Mem_Read
 .text.I2C_RequestMemoryWrite
                0x08003f3c      0x12c ./Drivers/STM32F4xx_HAL_Driver/Src/stm32f4xx_hal_i2c.o
 .text.I2C_RequestMemoryRead
                0x08004068      0x1d0 ./Drivers/STM32F4xx_HAL_Driver/Src/stm32f4xx_hal_i2c.o
 .text.I2C_WaitOnFlagUntilTimeout
                0x08004238       0xf4 ./Drivers/STM32F4xx_HAL_Driver/Src/stm32f4xx_hal_i2c.o
 .text.I2C_WaitOnMasterAddressFlagUntilTimeout
                0x0800432c      0x140 ./Drivers/STM32F4xx_HAL_Driver/Src/stm32f4xx_hal_i2c.o
 .text.I2C_WaitOnTXEFlagUntilTimeout
                0x0800446c       0x90 ./Drivers/STM32F4xx_HAL_Driver/Src/stm32f4xx_hal_i2c.o
 .text.I2C_WaitOnBTFFlagUntilTimeout
                0x080044fc       0x90 ./Drivers/STM32F4xx_HAL_Driver/Src/stm32f4xx_hal_i2c.o
 .text.I2C_WaitOnRXNEFlagUntilTimeout
                0x0800458c       0xba ./Drivers/STM32F4xx_HAL_Driver/Src/stm32f4xx_hal_i2c.o
 .text.I2C_IsAcknowledgeFailed
                0x08004646       0x5e ./Drivers/STM32F4xx_HAL_Driver/Src/stm32f4xx_hal_i2c.o
 .text.HAL_RCC_OscConfig
                0x080046a4      0x4f0 ./Drivers/STM32F4xx_HAL_Driver/Src/stm32f4xx_hal_rcc.o
                0x080046a4                HAL_RCC_OscConfig
 .text.HAL_RCC_ClockConfig
                0x08004b94      0x1cc ./Drivers/STM32F4xx_HAL_Driver/Src/stm32f4xx_hal_rcc.o
                0x08004b94                HAL_RCC_ClockConfig
 .text.HAL_RCC_GetSysClockFreq
                0x08004d60      0x20c ./Drivers/STM32F4xx_HAL_Driver/Src/stm32f4xx_hal_rcc.o
                0x08004d60                HAL_RCC_GetSysClockFreq
 .text.HAL_RCC_GetHCLKFreq
                0x08004f6c       0x18 ./Drivers/STM32F4xx_HAL_Driver/Src/stm32f4xx_hal_rcc.o
                0x08004f6c                HAL_RCC_GetHCLKFreq
 .text.HAL_RCC_GetPCLK1Freq
                0x08004f84       0x28 ./Drivers/STM32F4xx_HAL_Driver/Src/stm32f4xx_hal_rcc.o
                0x08004f84                HAL_RCC_GetPCLK1Freq
 .text.HAL_RCC_GetPCLK2Freq
                0x08004fac       0x28 ./Drivers/STM32F4xx_HAL_Driver/Src/stm32f4xx_hal_rcc.o
                0x08004fac                HAL_RCC_GetPCLK2Freq
 .text.HAL_SPI_Init
                0x08004fd4      0x112 ./Drivers/STM32F4xx_HAL_Driver/Src/stm32f4xx_hal_spi.o
                0x08004fd4                HAL_SPI_Init
 .text.HAL_SRAM_Init
                0x080050e6       0x90 ./Drivers/STM32F4xx_HAL_Driver/Src/stm32f4xx_hal_sram.o
                0x080050e6                HAL_SRAM_Init
 .text.HAL_TIM_Base_Init
                0x08005176       0x9e ./Drivers/STM32F4xx_HAL_Driver/Src/stm32f4xx_hal_tim.o
                0x08005176                HAL_TIM_Base_Init
 .text.HAL_TIM_Base_Start_IT
                0x08005214       0xe0 ./Drivers/STM32F4xx_HAL_Driver/Src/stm32f4xx_hal_tim.o
                0x08005214                HAL_TIM_Base_Start_IT
 .text.HAL_TIM_ConfigClockSource
                0x080052f4      0x18e ./Drivers/STM32F4xx_HAL_Driver/Src/stm32f4xx_hal_tim.o
                0x080052f4                HAL_TIM_ConfigClockSource
 *fill*         0x08005482        0x2 
 .text.TIM_Base_SetConfig
                0x08005484      0x158 ./Drivers/STM32F4xx_HAL_Driver/Src/stm32f4xx_hal_tim.o
                0x08005484                TIM_Base_SetConfig
 .text.TIM_TI1_ConfigInputStage
                0x080055dc       0x5e ./Drivers/STM32F4xx_HAL_Driver/Src/stm32f4xx_hal_tim.o
 .text.TIM_TI2_ConfigInputStage
                0x0800563a       0x60 ./Drivers/STM32F4xx_HAL_Driver/Src/stm32f4xx_hal_tim.o
 .text.TIM_ITRx_SetConfig
                0x0800569a       0x36 ./Drivers/STM32F4xx_HAL_Driver/Src/stm32f4xx_hal_tim.o
 .text.TIM_ETR_SetConfig
                0x080056d0       0x40 ./Drivers/STM32F4xx_HAL_Driver/Src/stm32f4xx_hal_tim.o
                0x080056d0                TIM_ETR_SetConfig
 .text.HAL_TIMEx_MasterConfigSynchronization
                0x08005710       0xf8 ./Drivers/STM32F4xx_HAL_Driver/Src/stm32f4xx_hal_tim_ex.o
                0x08005710                HAL_TIMEx_MasterConfigSynchronization
 .text.HAL_UART_Init
                0x08005808       0xa0 ./Drivers/STM32F4xx_HAL_Driver/Src/stm32f4xx_hal_uart.o
                0x08005808                HAL_UART_Init
 .text.HAL_UART_Transmit
                0x080058a8      0x116 ./Drivers/STM32F4xx_HAL_Driver/Src/stm32f4xx_hal_uart.o
                0x080058a8                HAL_UART_Transmit
 .text.UART_WaitOnFlagUntilTimeout
                0x080059be       0xb2 ./Drivers/STM32F4xx_HAL_Driver/Src/stm32f4xx_hal_uart.o
 .text.UART_EndRxTransfer
                0x08005a70       0xc6 ./Drivers/STM32F4xx_HAL_Driver/Src/stm32f4xx_hal_uart.o
 *fill*         0x08005b36        0x2 
 .text.UART_SetConfig
                0x08005b38      0x4e8 ./Drivers/STM32F4xx_HAL_Driver/Src/stm32f4xx_hal_uart.o
 .text.FSMC_NORSRAM_Init
                0x08006020       0xd4 ./Drivers/STM32F4xx_HAL_Driver/Src/stm32f4xx_ll_fsmc.o
                0x08006020                FSMC_NORSRAM_Init
 .text.FSMC_NORSRAM_Timing_Init
                0x080060f4       0x6a ./Drivers/STM32F4xx_HAL_Driver/Src/stm32f4xx_ll_fsmc.o
                0x080060f4                FSMC_NORSRAM_Timing_Init
 *fill*         0x0800615e        0x2 
 .text.FSMC_NORSRAM_Extended_Timing_Init
                0x08006160       0x70 ./Drivers/STM32F4xx_HAL_Driver/Src/stm32f4xx_ll_fsmc.o
                0x08006160                FSMC_NORSRAM_Extended_Timing_Init
 .text.sbrk_aligned
                0x080061d0       0x44 C:/ST/STM32CubeIDE_1.16.1/STM32CubeIDE/plugins/com.st.stm32cube.ide.mcu.externaltools.gnu-tools-for-stm32.12.3.rel1.win32_1.0.200.202406191623/tools/bin/../lib/gcc/arm-none-eabi/12.3.1/../../../../arm-none-eabi/lib/thumb/v7e-m+fp/hard\libc_nano.a(libc_a-mallocr.o)
 .text._malloc_r
                0x08006214      0x100 C:/ST/STM32CubeIDE_1.16.1/STM32CubeIDE/plugins/com.st.stm32cube.ide.mcu.externaltools.gnu-tools-for-stm32.12.3.rel1.win32_1.0.200.202406191623/tools/bin/../lib/gcc/arm-none-eabi/12.3.1/../../../../arm-none-eabi/lib/thumb/v7e-m+fp/hard\libc_nano.a(libc_a-mallocr.o)
                0x08006214                _malloc_r
 .text.__malloc_lock
                0x08006314        0xc C:/ST/STM32CubeIDE_1.16.1/STM32CubeIDE/plugins/com.st.stm32cube.ide.mcu.externaltools.gnu-tools-for-stm32.12.3.rel1.win32_1.0.200.202406191623/tools/bin/../lib/gcc/arm-none-eabi/12.3.1/../../../../arm-none-eabi/lib/thumb/v7e-m+fp/hard\libc_nano.a(libc_a-mlock.o)
                0x08006314                __malloc_lock
 .text.__malloc_unlock
                0x08006320        0xc C:/ST/STM32CubeIDE_1.16.1/STM32CubeIDE/plugins/com.st.stm32cube.ide.mcu.externaltools.gnu-tools-for-stm32.12.3.rel1.win32_1.0.200.202406191623/tools/bin/../lib/gcc/arm-none-eabi/12.3.1/../../../../arm-none-eabi/lib/thumb/v7e-m+fp/hard\libc_nano.a(libc_a-mlock.o)
                0x08006320                __malloc_unlock
 .text._realloc_r
                0x0800632c       0x5c C:/ST/STM32CubeIDE_1.16.1/STM32CubeIDE/plugins/com.st.stm32cube.ide.mcu.externaltools.gnu-tools-for-stm32.12.3.rel1.win32_1.0.200.202406191623/tools/bin/../lib/gcc/arm-none-eabi/12.3.1/../../../../arm-none-eabi/lib/thumb/v7e-m+fp/hard\libc_nano.a(libc_a-reallocr.o)
                0x0800632c                _realloc_r
 .text.sprintf  0x08006388       0x40 C:/ST/STM32CubeIDE_1.16.1/STM32CubeIDE/plugins/com.st.stm32cube.ide.mcu.externaltools.gnu-tools-for-stm32.12.3.rel1.win32_1.0.200.202406191623/tools/bin/../lib/gcc/arm-none-eabi/12.3.1/../../../../arm-none-eabi/lib/thumb/v7e-m+fp/hard\libc_nano.a(libc_a-sprintf.o)
                0x08006388                siprintf
                0x08006388                sprintf
 .text._vsprintf_r
                0x080063c8       0x2c C:/ST/STM32CubeIDE_1.16.1/STM32CubeIDE/plugins/com.st.stm32cube.ide.mcu.externaltools.gnu-tools-for-stm32.12.3.rel1.win32_1.0.200.202406191623/tools/bin/../lib/gcc/arm-none-eabi/12.3.1/../../../../arm-none-eabi/lib/thumb/v7e-m+fp/hard\libc_nano.a(libc_a-vsprintf.o)
                0x080063c8                _vsprintf_r
                0x080063c8                _vsiprintf_r
 .text.vsprintf
                0x080063f4       0x14 C:/ST/STM32CubeIDE_1.16.1/STM32CubeIDE/plugins/com.st.stm32cube.ide.mcu.externaltools.gnu-tools-for-stm32.12.3.rel1.win32_1.0.200.202406191623/tools/bin/../lib/gcc/arm-none-eabi/12.3.1/../../../../arm-none-eabi/lib/thumb/v7e-m+fp/hard\libc_nano.a(libc_a-vsprintf.o)
                0x080063f4                vsiprintf
                0x080063f4                vsprintf
 .text.memset   0x08006408       0x10 C:/ST/STM32CubeIDE_1.16.1/STM32CubeIDE/plugins/com.st.stm32cube.ide.mcu.externaltools.gnu-tools-for-stm32.12.3.rel1.win32_1.0.200.202406191623/tools/bin/../lib/gcc/arm-none-eabi/12.3.1/../../../../arm-none-eabi/lib/thumb/v7e-m+fp/hard\libc_nano.a(libc_a-memset.o)
                0x08006408                memset
 .text._sbrk_r  0x08006418       0x20 C:/ST/STM32CubeIDE_1.16.1/STM32CubeIDE/plugins/com.st.stm32cube.ide.mcu.externaltools.gnu-tools-for-stm32.12.3.rel1.win32_1.0.200.202406191623/tools/bin/../lib/gcc/arm-none-eabi/12.3.1/../../../../arm-none-eabi/lib/thumb/v7e-m+fp/hard\libc_nano.a(libc_a-sbrkr.o)
                0x08006418                _sbrk_r
 .text.__errno  0x08006438        0xc C:/ST/STM32CubeIDE_1.16.1/STM32CubeIDE/plugins/com.st.stm32cube.ide.mcu.externaltools.gnu-tools-for-stm32.12.3.rel1.win32_1.0.200.202406191623/tools/bin/../lib/gcc/arm-none-eabi/12.3.1/../../../../arm-none-eabi/lib/thumb/v7e-m+fp/hard\libc_nano.a(libc_a-errno.o)
                0x08006438                __errno
 .text.__libc_init_array
                0x08006444       0x48 C:/ST/STM32CubeIDE_1.16.1/STM32CubeIDE/plugins/com.st.stm32cube.ide.mcu.externaltools.gnu-tools-for-stm32.12.3.rel1.win32_1.0.200.202406191623/tools/bin/../lib/gcc/arm-none-eabi/12.3.1/../../../../arm-none-eabi/lib/thumb/v7e-m+fp/hard\libc_nano.a(libc_a-init.o)
                0x08006444                __libc_init_array
 .text.__retarget_lock_acquire_recursive
                0x0800648c        0x2 C:/ST/STM32CubeIDE_1.16.1/STM32CubeIDE/plugins/com.st.stm32cube.ide.mcu.externaltools.gnu-tools-for-stm32.12.3.rel1.win32_1.0.200.202406191623/tools/bin/../lib/gcc/arm-none-eabi/12.3.1/../../../../arm-none-eabi/lib/thumb/v7e-m+fp/hard\libc_nano.a(libc_a-lock.o)
                0x0800648c                __retarget_lock_acquire_recursive
 .text.__retarget_lock_release_recursive
                0x0800648e        0x2 C:/ST/STM32CubeIDE_1.16.1/STM32CubeIDE/plugins/com.st.stm32cube.ide.mcu.externaltools.gnu-tools-for-stm32.12.3.rel1.win32_1.0.200.202406191623/tools/bin/../lib/gcc/arm-none-eabi/12.3.1/../../../../arm-none-eabi/lib/thumb/v7e-m+fp/hard\libc_nano.a(libc_a-lock.o)
                0x0800648e                __retarget_lock_release_recursive
 .text.memcpy   0x08006490       0x1c C:/ST/STM32CubeIDE_1.16.1/STM32CubeIDE/plugins/com.st.stm32cube.ide.mcu.externaltools.gnu-tools-for-stm32.12.3.rel1.win32_1.0.200.202406191623/tools/bin/../lib/gcc/arm-none-eabi/12.3.1/../../../../arm-none-eabi/lib/thumb/v7e-m+fp/hard\libc_nano.a(libc_a-memcpy-stub.o)
                0x08006490                memcpy
 .text.nanf     0x080064ac        0xc C:/ST/STM32CubeIDE_1.16.1/STM32CubeIDE/plugins/com.st.stm32cube.ide.mcu.externaltools.gnu-tools-for-stm32.12.3.rel1.win32_1.0.200.202406191623/tools/bin/../lib/gcc/arm-none-eabi/12.3.1/../../../../arm-none-eabi/lib/thumb/v7e-m+fp/hard\libc_nano.a(libm_a-sf_nan.o)
                0x080064ac                nanf
 .text._free_r  0x080064b8       0x94 C:/ST/STM32CubeIDE_1.16.1/STM32CubeIDE/plugins/com.st.stm32cube.ide.mcu.externaltools.gnu-tools-for-stm32.12.3.rel1.win32_1.0.200.202406191623/tools/bin/../lib/gcc/arm-none-eabi/12.3.1/../../../../arm-none-eabi/lib/thumb/v7e-m+fp/hard\libc_nano.a(libc_a-freer.o)
                0x080064b8                _free_r
 .text._malloc_usable_size_r
                0x0800654c       0x10 C:/ST/STM32CubeIDE_1.16.1/STM32CubeIDE/plugins/com.st.stm32cube.ide.mcu.externaltools.gnu-tools-for-stm32.12.3.rel1.win32_1.0.200.202406191623/tools/bin/../lib/gcc/arm-none-eabi/12.3.1/../../../../arm-none-eabi/lib/thumb/v7e-m+fp/hard\libc_nano.a(libc_a-msizer.o)
                0x0800654c                _malloc_usable_size_r
 .text.__ssputs_r
                0x0800655c       0xb6 C:/ST/STM32CubeIDE_1.16.1/STM32CubeIDE/plugins/com.st.stm32cube.ide.mcu.externaltools.gnu-tools-for-stm32.12.3.rel1.win32_1.0.200.202406191623/tools/bin/../lib/gcc/arm-none-eabi/12.3.1/../../../../arm-none-eabi/lib/thumb/v7e-m+fp/hard\libc_nano.a(libc_a-nano-svfprintf.o)
                0x0800655c                __ssputs_r
 *fill*         0x08006612        0x2 
 .text._svfprintf_r
                0x08006614      0x1f8 C:/ST/STM32CubeIDE_1.16.1/STM32CubeIDE/plugins/com.st.stm32cube.ide.mcu.externaltools.gnu-tools-for-stm32.12.3.rel1.win32_1.0.200.202406191623/tools/bin/../lib/gcc/arm-none-eabi/12.3.1/../../../../arm-none-eabi/lib/thumb/v7e-m+fp/hard\libc_nano.a(libc_a-nano-svfprintf.o)
                0x08006614                _svfiprintf_r
                0x08006614                _svfprintf_r
 .text._printf_common
                0x0800680c       0xda C:/ST/STM32CubeIDE_1.16.1/STM32CubeIDE/plugins/com.st.stm32cube.ide.mcu.externaltools.gnu-tools-for-stm32.12.3.rel1.win32_1.0.200.202406191623/tools/bin/../lib/gcc/arm-none-eabi/12.3.1/../../../../arm-none-eabi/lib/thumb/v7e-m+fp/hard\libc_nano.a(libc_a-nano-vfprintf_i.o)
                0x0800680c                _printf_common
 *fill*         0x080068e6        0x2 
 .text._printf_i
                0x080068e8      0x240 C:/ST/STM32CubeIDE_1.16.1/STM32CubeIDE/plugins/com.st.stm32cube.ide.mcu.externaltools.gnu-tools-for-stm32.12.3.rel1.win32_1.0.200.202406191623/tools/bin/../lib/gcc/arm-none-eabi/12.3.1/../../../../arm-none-eabi/lib/thumb/v7e-m+fp/hard\libc_nano.a(libc_a-nano-vfprintf_i.o)
                0x080068e8                _printf_i
 .text.memmove  0x08006b28       0x34 C:/ST/STM32CubeIDE_1.16.1/STM32CubeIDE/plugins/com.st.stm32cube.ide.mcu.externaltools.gnu-tools-for-stm32.12.3.rel1.win32_1.0.200.202406191623/tools/bin/../lib/gcc/arm-none-eabi/12.3.1/../../../../arm-none-eabi/lib/thumb/v7e-m+fp/hard\libc_nano.a(libc_a-memmove.o)
                0x08006b28                memmove
 .text.logf     0x08006b5c       0x5c C:/ST/STM32CubeIDE_1.16.1/STM32CubeIDE/plugins/com.st.stm32cube.ide.mcu.externaltools.gnu-tools-for-stm32.12.3.rel1.win32_1.0.200.202406191623/tools/bin/../lib/gcc/arm-none-eabi/12.3.1/../../../../arm-none-eabi/lib/thumb/v7e-m+fp/hard\libm.a(libm_a-wf_log.o)
                0x08006b5c                logf
 .text.__ieee754_logf
                0x08006bb8      0x1e4 C:/ST/STM32CubeIDE_1.16.1/STM32CubeIDE/plugins/com.st.stm32cube.ide.mcu.externaltools.gnu-tools-for-stm32.12.3.rel1.win32_1.0.200.202406191623/tools/bin/../lib/gcc/arm-none-eabi/12.3.1/../../../../arm-none-eabi/lib/thumb/v7e-m+fp/hard\libm.a(libm_a-ef_log.o)
                0x08006bb8                __ieee754_logf
 *(.glue_7)
 .glue_7        0x08006d9c        0x0 linker stubs
 *(.glue_7t)
 .glue_7t       0x08006d9c        0x0 linker stubs
 *(.eh_frame)
 .eh_frame      0x08006d9c        0x0 C:/ST/STM32CubeIDE_1.16.1/STM32CubeIDE/plugins/com.st.stm32cube.ide.mcu.externaltools.gnu-tools-for-stm32.12.3.rel1.win32_1.0.200.202406191623/tools/bin/../lib/gcc/arm-none-eabi/12.3.1/thumb/v7e-m+fp/hard/crtbegin.o
 *(.init)
 .init          0x08006d9c        0x4 C:/ST/STM32CubeIDE_1.16.1/STM32CubeIDE/plugins/com.st.stm32cube.ide.mcu.externaltools.gnu-tools-for-stm32.12.3.rel1.win32_1.0.200.202406191623/tools/bin/../lib/gcc/arm-none-eabi/12.3.1/thumb/v7e-m+fp/hard/crti.o
                0x08006d9c                _init
 .init          0x08006da0        0x8 C:/ST/STM32CubeIDE_1.16.1/STM32CubeIDE/plugins/com.st.stm32cube.ide.mcu.externaltools.gnu-tools-for-stm32.12.3.rel1.win32_1.0.200.202406191623/tools/bin/../lib/gcc/arm-none-eabi/12.3.1/thumb/v7e-m+fp/hard/crtn.o
 *(.fini)
 .fini          0x08006da8        0x4 C:/ST/STM32CubeIDE_1.16.1/STM32CubeIDE/plugins/com.st.stm32cube.ide.mcu.externaltools.gnu-tools-for-stm32.12.3.rel1.win32_1.0.200.202406191623/tools/bin/../lib/gcc/arm-none-eabi/12.3.1/thumb/v7e-m+fp/hard/crti.o
                0x08006da8                _fini
 .fini          0x08006dac        0x8 C:/ST/STM32CubeIDE_1.16.1/STM32CubeIDE/plugins/com.st.stm32cube.ide.mcu.externaltools.gnu-tools-for-stm32.12.3.rel1.win32_1.0.200.202406191623/tools/bin/../lib/gcc/arm-none-eabi/12.3.1/thumb/v7e-m+fp/hard/crtn.o
                0x08006db4                        . = ALIGN (0x4)
                0x08006db4                        _etext = .

.vfp11_veneer   0x08006db4        0x0
 .vfp11_veneer  0x08006db4        0x0 linker stubs

.v4_bx          0x08006db4        0x0
 .v4_bx         0x08006db4        0x0 linker stubs

.iplt           0x08006db4        0x0
 .iplt          0x08006db4        0x0 C:/ST/STM32CubeIDE_1.16.1/STM32CubeIDE/plugins/com.st.stm32cube.ide.mcu.externaltools.gnu-tools-for-stm32.12.3.rel1.win32_1.0.200.202406191623/tools/bin/../lib/gcc/arm-none-eabi/12.3.1/thumb/v7e-m+fp/hard/crtbegin.o

.rodata         0x08006db4     0x11bc
                0x08006db4                        . = ALIGN (0x4)
 *(.rodata)
 .rodata        0x08006db4       0xd7 ./Core/Src/main.o
 *fill*         0x08006e8b        0x1 
 .rodata        0x08006e8c       0x18 ./Core/Src/touch.o
 *(.rodata*)
 .rodata.SpO2Calculator_spO2LUT
                0x08006ea4       0x2b ./Core/Src/MAX30100_SpO2Calculator.o
                0x08006ea4                SpO2Calculator_spO2LUT
 *fill*         0x08006ecf        0x1 
 .rodata.Font12_Table
                0x08006ed0      0x474 ./Core/Src/font12.o
                0x08006ed0                Font12_Table
 .rodata.Font16_Table
                0x08007344      0xbe0 ./Core/Src/font16.o
                0x08007344                Font16_Table
 .rodata.AHBPrescTable
                0x08007f24       0x10 ./Core/Src/system_stm32f4xx.o
                0x08007f24                AHBPrescTable
 .rodata.APBPrescTable
                0x08007f34        0x8 ./Core/Src/system_stm32f4xx.o
                0x08007f34                APBPrescTable
 .rodata._svfprintf_r.str1.1
                0x08007f3c       0x11 C:/ST/STM32CubeIDE_1.16.1/STM32CubeIDE/plugins/com.st.stm32cube.ide.mcu.externaltools.gnu-tools-for-stm32.12.3.rel1.win32_1.0.200.202406191623/tools/bin/../lib/gcc/arm-none-eabi/12.3.1/../../../../arm-none-eabi/lib/thumb/v7e-m+fp/hard\libc_nano.a(libc_a-nano-svfprintf.o)
 .rodata._printf_i.str1.1
                0x08007f4d       0x22 C:/ST/STM32CubeIDE_1.16.1/STM32CubeIDE/plugins/com.st.stm32cube.ide.mcu.externaltools.gnu-tools-for-stm32.12.3.rel1.win32_1.0.200.202406191623/tools/bin/../lib/gcc/arm-none-eabi/12.3.1/../../../../arm-none-eabi/lib/thumb/v7e-m+fp/hard\libc_nano.a(libc_a-nano-vfprintf_i.o)
 .rodata.logf.str1.1
                0x08007f6f       0x22 C:/ST/STM32CubeIDE_1.16.1/STM32CubeIDE/plugins/com.st.stm32cube.ide.mcu.externaltools.gnu-tools-for-stm32.12.3.rel1.win32_1.0.200.202406191623/tools/bin/../lib/gcc/arm-none-eabi/12.3.1/../../../../arm-none-eabi/lib/thumb/v7e-m+fp/hard\libm.a(libm_a-wf_log.o)
                                  0x1 (size before relaxing)
                0x08007f94                        . = ALIGN (0x4)
 *fill*         0x08007f6f        0x1 

.ARM.extab      0x08007f70        0x0
                0x08007f70                        . = ALIGN (0x4)
 *(.ARM.extab* .gnu.linkonce.armextab.*)
                0x08007f70                        . = ALIGN (0x4)

.ARM            0x08007f70        0x8
                0x08007f70                        . = ALIGN (0x4)
                0x08007f70                        __exidx_start = .
 *(.ARM.exidx*)
 .ARM.exidx     0x08007f70        0x8 C:/ST/STM32CubeIDE_1.16.1/STM32CubeIDE/plugins/com.st.stm32cube.ide.mcu.externaltools.gnu-tools-for-stm32.12.3.rel1.win32_1.0.200.202406191623/tools/bin/../lib/gcc/arm-none-eabi/12.3.1/../../../../arm-none-eabi/lib/thumb/v7e-m+fp/hard\libc_nano.a(libc_a-strlen.o)
 .ARM.exidx     0x08007f78        0x0 C:/ST/STM32CubeIDE_1.16.1/STM32CubeIDE/plugins/com.st.stm32cube.ide.mcu.externaltools.gnu-tools-for-stm32.12.3.rel1.win32_1.0.200.202406191623/tools/bin/../lib/gcc/arm-none-eabi/12.3.1/../../../../arm-none-eabi/lib/thumb/v7e-m+fp/hard\libc_nano.a(libc_a-memchr.o)
                                  0x8 (size before relaxing)
 .ARM.exidx     0x08007f78        0x0 C:/ST/STM32CubeIDE_1.16.1/STM32CubeIDE/plugins/com.st.stm32cube.ide.mcu.externaltools.gnu-tools-for-stm32.12.3.rel1.win32_1.0.200.202406191623/tools/bin/../lib/gcc/arm-none-eabi/12.3.1/thumb/v7e-m+fp/hard\libgcc.a(_udivmoddi4.o)
                                  0x8 (size before relaxing)
                0x08007f78                        __exidx_end = .
                0x08007f78                        . = ALIGN (0x4)

.preinit_array  0x08007f78        0x0
                0x08007f78                        . = ALIGN (0x4)
                0x08007f78                        PROVIDE (__preinit_array_start = .)
 *(.preinit_array*)
                0x08007f78                        PROVIDE (__preinit_array_end = .)
                0x08007f78                        . = ALIGN (0x4)

.init_array     0x08007f78        0x4
                0x08007f78                        . = ALIGN (0x4)
                0x08007f78                        PROVIDE (__init_array_start = .)
 *(SORT_BY_NAME(.init_array.*))
 *(.init_array*)
 .init_array    0x08007f78        0x4 C:/ST/STM32CubeIDE_1.16.1/STM32CubeIDE/plugins/com.st.stm32cube.ide.mcu.externaltools.gnu-tools-for-stm32.12.3.rel1.win32_1.0.200.202406191623/tools/bin/../lib/gcc/arm-none-eabi/12.3.1/thumb/v7e-m+fp/hard/crtbegin.o
                0x08007f7c                        PROVIDE (__init_array_end = .)
                0x08007f7c                        . = ALIGN (0x4)

.fini_array     0x08007f7c        0x4
                0x08007f7c                        . = ALIGN (0x4)
                [!provide]                        PROVIDE (__fini_array_start = .)
 *(SORT_BY_NAME(.fini_array.*))
 *(.fini_array*)
 .fini_array    0x08007f7c        0x4 C:/ST/STM32CubeIDE_1.16.1/STM32CubeIDE/plugins/com.st.stm32cube.ide.mcu.externaltools.gnu-tools-for-stm32.12.3.rel1.win32_1.0.200.202406191623/tools/bin/../lib/gcc/arm-none-eabi/12.3.1/thumb/v7e-m+fp/hard/crtbegin.o
                [!provide]                        PROVIDE (__fini_array_end = .)
                0x08007f80                        . = ALIGN (0x4)
                0x08007f80                        _sidata = LOADADDR (.data)

.rel.dyn        0x08007f80        0x0
 .rel.iplt      0x08007f80        0x0 C:/ST/STM32CubeIDE_1.16.1/STM32CubeIDE/plugins/com.st.stm32cube.ide.mcu.externaltools.gnu-tools-for-stm32.12.3.rel1.win32_1.0.200.202406191623/tools/bin/../lib/gcc/arm-none-eabi/12.3.1/thumb/v7e-m+fp/hard/crtbegin.o

.data           0x20000000       0x84 load address 0x08007f80
                0x20000000                        . = ALIGN (0x4)
                0x20000000                        _sdata = .
 *(.data)
 *(.data*)
 .data.Font12   0x20000000        0x8 ./Core/Src/font12.o
                0x20000000                Font12
 .data.Font16   0x20000008        0x8 ./Core/Src/font16.o
                0x20000008                Font16
 .data.lcdProperties
                0x20000010        0x8 ./Core/Src/ili9341.o
 .data.lcdFont  0x20000018       0x10 ./Core/Src/ili9341.o
 .data.SystemCoreClock
                0x20000028        0x4 ./Core/Src/system_stm32f4xx.o
                0x20000028                SystemCoreClock
 .data.uwTickPrio
                0x2000002c        0x4 ./Drivers/STM32F4xx_HAL_Driver/Src/stm32f4xx_hal.o
                0x2000002c                uwTickPrio
 .data.uwTickFreq
                0x20000030        0x1 ./Drivers/STM32F4xx_HAL_Driver/Src/stm32f4xx_hal.o
                0x20000030                uwTickFreq
 *fill*         0x20000031        0x3 
 .data._impure_ptr
                0x20000034        0x4 C:/ST/STM32CubeIDE_1.16.1/STM32CubeIDE/plugins/com.st.stm32cube.ide.mcu.externaltools.gnu-tools-for-stm32.12.3.rel1.win32_1.0.200.202406191623/tools/bin/../lib/gcc/arm-none-eabi/12.3.1/../../../../arm-none-eabi/lib/thumb/v7e-m+fp/hard\libc_nano.a(libc_a-impure.o)
                0x20000034                _impure_ptr
 .data._impure_data
                0x20000038       0x4c C:/ST/STM32CubeIDE_1.16.1/STM32CubeIDE/plugins/com.st.stm32cube.ide.mcu.externaltools.gnu-tools-for-stm32.12.3.rel1.win32_1.0.200.202406191623/tools/bin/../lib/gcc/arm-none-eabi/12.3.1/../../../../arm-none-eabi/lib/thumb/v7e-m+fp/hard\libc_nano.a(libc_a-impure.o)
                0x20000038                _impure_data
 *(.RamFunc)
 *(.RamFunc*)
                0x20000084                        . = ALIGN (0x4)
                0x20000084                        _edata = .
                0x08008004                        _siccmram = LOADADDR (.ccmram)

.igot.plt       0x20000084        0x0 load address 0x08008004
 .igot.plt      0x20000084        0x0 C:/ST/STM32CubeIDE_1.16.1/STM32CubeIDE/plugins/com.st.stm32cube.ide.mcu.externaltools.gnu-tools-for-stm32.12.3.rel1.win32_1.0.200.202406191623/tools/bin/../lib/gcc/arm-none-eabi/12.3.1/thumb/v7e-m+fp/hard/crtbegin.o

.ccmram         0x10000000        0x0 load address 0x08008004
                0x10000000                        . = ALIGN (0x4)
                0x10000000                        _sccmram = .
 *(.ccmram)
 *(.ccmram*)
                0x10000000                        . = ALIGN (0x4)
                0x10000000                        _eccmram = .
                0x10000000                        . = ALIGN (0x4)

.bss            0x20000084      0x914
                0x20000084                        _sbss = .
                0x20000084                        __bss_start__ = _sbss
 *(.bss)
 .bss           0x20000084       0x1c C:/ST/STM32CubeIDE_1.16.1/STM32CubeIDE/plugins/com.st.stm32cube.ide.mcu.externaltools.gnu-tools-for-stm32.12.3.rel1.win32_1.0.200.202406191623/tools/bin/../lib/gcc/arm-none-eabi/12.3.1/thumb/v7e-m+fp/hard/crtbegin.o
 *(.bss*)
 .bss.cursorXY  0x200000a0        0x4 ./Core/Src/ili9341.o
 .bss.lcdPortraitConfig
                0x200000a4        0x1 ./Core/Src/ili9341.o
 .bss.lcdLandscapeConfig
                0x200000a5        0x1 ./Core/Src/ili9341.o
 .bss.lcdPortraitMirrorConfig
                0x200000a6        0x1 ./Core/Src/ili9341.o
 .bss.lcdLandscapeMirrorConfig
                0x200000a7        0x1 ./Core/Src/ili9341.o
 .bss.buf.0     0x200000a8      0x100 ./Core/Src/ili9341.o
 .bss.hadc3     0x200001a8       0x48 ./Core/Src/main.o
                0x200001a8                hadc3
 .bss.hi2c1     0x200001f0       0x54 ./Core/Src/main.o
                0x200001f0                hi2c1
 .bss.hspi2     0x20000244       0x58 ./Core/Src/main.o
                0x20000244                hspi2
 .bss.htim2     0x2000029c       0x48 ./Core/Src/main.o
                0x2000029c                htim2
 .bss.huart1    0x200002e4       0x48 ./Core/Src/main.o
                0x200002e4                huart1
 .bss.hsram1    0x2000032c       0x50 ./Core/Src/main.o
                0x2000032c                hsram1
 .bss.AD8232_value
                0x2000037c        0x4 ./Core/Src/main.o
                0x2000037c                AD8232_value
 .bss.pox       0x20000380       0xa0 ./Core/Src/main.o
                0x20000380                pox
 .bss.tsLastReport
                0x20000420        0x4 ./Core/Src/main.o
                0x20000420                tsLastReport
 .bss.MAX30100_data
                0x20000424      0x400 ./Core/Src/main.o
                0x20000424                MAX30100_data
 .bss.heartRate
                0x20000824        0x1 ./Core/Src/main.o
                0x20000824                heartRate
 .bss.spo2      0x20000825        0x1 ./Core/Src/main.o
                0x20000825                spo2
 *fill*         0x20000826        0x2 
 .bss.FSMC_Initialized
                0x20000828        0x4 ./Core/Src/stm32f4xx_hal_msp.o
 .bss.__sbrk_heap_end
                0x2000082c        0x4 ./Core/Src/sysmem.o
 .bss.matrix    0x20000830       0x1c ./Core/Src/touch.o
 .bss.uwTick    0x2000084c        0x4 ./Drivers/STM32F4xx_HAL_Driver/Src/stm32f4xx_hal.o
                0x2000084c                uwTick
 .bss.__malloc_sbrk_start
                0x20000850        0x4 C:/ST/STM32CubeIDE_1.16.1/STM32CubeIDE/plugins/com.st.stm32cube.ide.mcu.externaltools.gnu-tools-for-stm32.12.3.rel1.win32_1.0.200.202406191623/tools/bin/../lib/gcc/arm-none-eabi/12.3.1/../../../../arm-none-eabi/lib/thumb/v7e-m+fp/hard\libc_nano.a(libc_a-mallocr.o)
                0x20000850                __malloc_sbrk_start
 .bss.__malloc_free_list
                0x20000854        0x4 C:/ST/STM32CubeIDE_1.16.1/STM32CubeIDE/plugins/com.st.stm32cube.ide.mcu.externaltools.gnu-tools-for-stm32.12.3.rel1.win32_1.0.200.202406191623/tools/bin/../lib/gcc/arm-none-eabi/12.3.1/../../../../arm-none-eabi/lib/thumb/v7e-m+fp/hard\libc_nano.a(libc_a-mallocr.o)
                0x20000854                __malloc_free_list
 .bss.__sf      0x20000858      0x138 C:/ST/STM32CubeIDE_1.16.1/STM32CubeIDE/plugins/com.st.stm32cube.ide.mcu.externaltools.gnu-tools-for-stm32.12.3.rel1.win32_1.0.200.202406191623/tools/bin/../lib/gcc/arm-none-eabi/12.3.1/../../../../arm-none-eabi/lib/thumb/v7e-m+fp/hard\libc_nano.a(libc_a-findfp.o)
                0x20000858                __sf
 .bss.errno     0x20000990        0x4 C:/ST/STM32CubeIDE_1.16.1/STM32CubeIDE/plugins/com.st.stm32cube.ide.mcu.externaltools.gnu-tools-for-stm32.12.3.rel1.win32_1.0.200.202406191623/tools/bin/../lib/gcc/arm-none-eabi/12.3.1/../../../../arm-none-eabi/lib/thumb/v7e-m+fp/hard\libc_nano.a(libc_a-reent.o)
                0x20000990                errno
 .bss.__lock___malloc_recursive_mutex
                0x20000994        0x1 C:/ST/STM32CubeIDE_1.16.1/STM32CubeIDE/plugins/com.st.stm32cube.ide.mcu.externaltools.gnu-tools-for-stm32.12.3.rel1.win32_1.0.200.202406191623/tools/bin/../lib/gcc/arm-none-eabi/12.3.1/../../../../arm-none-eabi/lib/thumb/v7e-m+fp/hard\libc_nano.a(libc_a-lock.o)
                0x20000994                __lock___malloc_recursive_mutex
 *(COMMON)
                0x20000998                        . = ALIGN (0x4)
 *fill*         0x20000995        0x3 
                0x20000998                        _ebss = .
                0x20000998                        __bss_end__ = _ebss

._user_heap_stack
                0x20000998      0x600
                0x20000998                        . = ALIGN (0x8)
                [!provide]                        PROVIDE (end = .)
                0x20000998                        PROVIDE (_end = .)
                0x20000b98                        . = (. + _Min_Heap_Size)
 *fill*         0x20000998      0x200 
                0x20000f98                        . = (. + _Min_Stack_Size)
 *fill*         0x20000b98      0x400 
                0x20000f98                        . = ALIGN (0x8)

/DISCARD/
 libc.a(*)
 libm.a(*)
 libgcc.a(*)

.ARM.attributes
                0x00000000       0x30
 *(.ARM.attributes)
 .ARM.attributes
                0x00000000       0x22 C:/ST/STM32CubeIDE_1.16.1/STM32CubeIDE/plugins/com.st.stm32cube.ide.mcu.externaltools.gnu-tools-for-stm32.12.3.rel1.win32_1.0.200.202406191623/tools/bin/../lib/gcc/arm-none-eabi/12.3.1/thumb/v7e-m+fp/hard/crti.o
 .ARM.attributes
                0x00000022       0x34 C:/ST/STM32CubeIDE_1.16.1/STM32CubeIDE/plugins/com.st.stm32cube.ide.mcu.externaltools.gnu-tools-for-stm32.12.3.rel1.win32_1.0.200.202406191623/tools/bin/../lib/gcc/arm-none-eabi/12.3.1/thumb/v7e-m+fp/hard/crtbegin.o
 .ARM.attributes
                0x00000056       0x34 ./Core/Src/CircularBuffer.o
 .ARM.attributes
                0x0000008a       0x34 ./Core/Src/MAX30100.o
 .ARM.attributes
                0x000000be       0x34 ./Core/Src/MAX30100_BeatDetector.o
 .ARM.attributes
                0x000000f2       0x34 ./Core/Src/MAX30100_PulseOximeter.o
 .ARM.attributes
                0x00000126       0x34 ./Core/Src/MAX30100_SpO2Calculator.o
 .ARM.attributes
                0x0000015a       0x34 ./Core/Src/calibrate.o
 .ARM.attributes
                0x0000018e       0x34 ./Core/Src/font12.o
 .ARM.attributes
                0x000001c2       0x34 ./Core/Src/font16.o
 .ARM.attributes
                0x000001f6       0x34 ./Core/Src/ili9341.o
 .ARM.attributes
                0x0000022a       0x34 ./Core/Src/main.o
 .ARM.attributes
                0x0000025e       0x34 ./Core/Src/stm32f4xx_hal_msp.o
 .ARM.attributes
                0x00000292       0x34 ./Core/Src/stm32f4xx_it.o
 .ARM.attributes
                0x000002c6       0x34 ./Core/Src/sysmem.o
 .ARM.attributes
                0x000002fa       0x34 ./Core/Src/system_stm32f4xx.o
 .ARM.attributes
                0x0000032e       0x34 ./Core/Src/touch.o
 .ARM.attributes
                0x00000362       0x21 ./Core/Startup/startup_stm32f407vetx.o
 .ARM.attributes
                0x00000383       0x34 ./Drivers/STM32F4xx_HAL_Driver/Src/stm32f4xx_hal.o
 .ARM.attributes
                0x000003b7       0x34 ./Drivers/STM32F4xx_HAL_Driver/Src/stm32f4xx_hal_adc.o
 .ARM.attributes
                0x000003eb       0x34 ./Drivers/STM32F4xx_HAL_Driver/Src/stm32f4xx_hal_cortex.o
 .ARM.attributes
                0x0000041f       0x34 ./Drivers/STM32F4xx_HAL_Driver/Src/stm32f4xx_hal_gpio.o
 .ARM.attributes
                0x00000453       0x34 ./Drivers/STM32F4xx_HAL_Driver/Src/stm32f4xx_hal_i2c.o
 .ARM.attributes
                0x00000487       0x34 ./Drivers/STM32F4xx_HAL_Driver/Src/stm32f4xx_hal_rcc.o
 .ARM.attributes
                0x000004bb       0x34 ./Drivers/STM32F4xx_HAL_Driver/Src/stm32f4xx_hal_spi.o
 .ARM.attributes
                0x000004ef       0x34 ./Drivers/STM32F4xx_HAL_Driver/Src/stm32f4xx_hal_sram.o
 .ARM.attributes
                0x00000523       0x34 ./Drivers/STM32F4xx_HAL_Driver/Src/stm32f4xx_hal_tim.o
 .ARM.attributes
                0x00000557       0x34 ./Drivers/STM32F4xx_HAL_Driver/Src/stm32f4xx_hal_tim_ex.o
 .ARM.attributes
                0x0000058b       0x34 ./Drivers/STM32F4xx_HAL_Driver/Src/stm32f4xx_hal_uart.o
 .ARM.attributes
                0x000005bf       0x34 ./Drivers/STM32F4xx_HAL_Driver/Src/stm32f4xx_ll_fsmc.o
 .ARM.attributes
                0x000005f3       0x34 C:/ST/STM32CubeIDE_1.16.1/STM32CubeIDE/plugins/com.st.stm32cube.ide.mcu.externaltools.gnu-tools-for-stm32.12.3.rel1.win32_1.0.200.202406191623/tools/bin/../lib/gcc/arm-none-eabi/12.3.1/../../../../arm-none-eabi/lib/thumb/v7e-m+fp/hard\libc_nano.a(libc_a-mallocr.o)
 .ARM.attributes
                0x00000627       0x34 C:/ST/STM32CubeIDE_1.16.1/STM32CubeIDE/plugins/com.st.stm32cube.ide.mcu.externaltools.gnu-tools-for-stm32.12.3.rel1.win32_1.0.200.202406191623/tools/bin/../lib/gcc/arm-none-eabi/12.3.1/../../../../arm-none-eabi/lib/thumb/v7e-m+fp/hard\libc_nano.a(libc_a-mlock.o)
 .ARM.attributes
                0x0000065b       0x34 C:/ST/STM32CubeIDE_1.16.1/STM32CubeIDE/plugins/com.st.stm32cube.ide.mcu.externaltools.gnu-tools-for-stm32.12.3.rel1.win32_1.0.200.202406191623/tools/bin/../lib/gcc/arm-none-eabi/12.3.1/../../../../arm-none-eabi/lib/thumb/v7e-m+fp/hard\libc_nano.a(libc_a-reallocr.o)
 .ARM.attributes
                0x0000068f       0x34 C:/ST/STM32CubeIDE_1.16.1/STM32CubeIDE/plugins/com.st.stm32cube.ide.mcu.externaltools.gnu-tools-for-stm32.12.3.rel1.win32_1.0.200.202406191623/tools/bin/../lib/gcc/arm-none-eabi/12.3.1/../../../../arm-none-eabi/lib/thumb/v7e-m+fp/hard\libc_nano.a(libc_a-findfp.o)
 .ARM.attributes
                0x000006c3       0x34 C:/ST/STM32CubeIDE_1.16.1/STM32CubeIDE/plugins/com.st.stm32cube.ide.mcu.externaltools.gnu-tools-for-stm32.12.3.rel1.win32_1.0.200.202406191623/tools/bin/../lib/gcc/arm-none-eabi/12.3.1/../../../../arm-none-eabi/lib/thumb/v7e-m+fp/hard\libc_nano.a(libc_a-sprintf.o)
 .ARM.attributes
                0x000006f7       0x34 C:/ST/STM32CubeIDE_1.16.1/STM32CubeIDE/plugins/com.st.stm32cube.ide.mcu.externaltools.gnu-tools-for-stm32.12.3.rel1.win32_1.0.200.202406191623/tools/bin/../lib/gcc/arm-none-eabi/12.3.1/../../../../arm-none-eabi/lib/thumb/v7e-m+fp/hard\libc_nano.a(libc_a-vsprintf.o)
 .ARM.attributes
                0x0000072b       0x34 C:/ST/STM32CubeIDE_1.16.1/STM32CubeIDE/plugins/com.st.stm32cube.ide.mcu.externaltools.gnu-tools-for-stm32.12.3.rel1.win32_1.0.200.202406191623/tools/bin/../lib/gcc/arm-none-eabi/12.3.1/../../../../arm-none-eabi/lib/thumb/v7e-m+fp/hard\libc_nano.a(libc_a-memset.o)
 .ARM.attributes
                0x0000075f       0x34 C:/ST/STM32CubeIDE_1.16.1/STM32CubeIDE/plugins/com.st.stm32cube.ide.mcu.externaltools.gnu-tools-for-stm32.12.3.rel1.win32_1.0.200.202406191623/tools/bin/../lib/gcc/arm-none-eabi/12.3.1/../../../../arm-none-eabi/lib/thumb/v7e-m+fp/hard\libc_nano.a(libc_a-reent.o)
 .ARM.attributes
                0x00000793       0x34 C:/ST/STM32CubeIDE_1.16.1/STM32CubeIDE/plugins/com.st.stm32cube.ide.mcu.externaltools.gnu-tools-for-stm32.12.3.rel1.win32_1.0.200.202406191623/tools/bin/../lib/gcc/arm-none-eabi/12.3.1/../../../../arm-none-eabi/lib/thumb/v7e-m+fp/hard\libc_nano.a(libc_a-impure.o)
 .ARM.attributes
                0x000007c7       0x34 C:/ST/STM32CubeIDE_1.16.1/STM32CubeIDE/plugins/com.st.stm32cube.ide.mcu.externaltools.gnu-tools-for-stm32.12.3.rel1.win32_1.0.200.202406191623/tools/bin/../lib/gcc/arm-none-eabi/12.3.1/../../../../arm-none-eabi/lib/thumb/v7e-m+fp/hard\libc_nano.a(libc_a-sbrkr.o)
 .ARM.attributes
                0x000007fb       0x34 C:/ST/STM32CubeIDE_1.16.1/STM32CubeIDE/plugins/com.st.stm32cube.ide.mcu.externaltools.gnu-tools-for-stm32.12.3.rel1.win32_1.0.200.202406191623/tools/bin/../lib/gcc/arm-none-eabi/12.3.1/../../../../arm-none-eabi/lib/thumb/v7e-m+fp/hard\libc_nano.a(libc_a-errno.o)
 .ARM.attributes
                0x0000082f       0x34 C:/ST/STM32CubeIDE_1.16.1/STM32CubeIDE/plugins/com.st.stm32cube.ide.mcu.externaltools.gnu-tools-for-stm32.12.3.rel1.win32_1.0.200.202406191623/tools/bin/../lib/gcc/arm-none-eabi/12.3.1/../../../../arm-none-eabi/lib/thumb/v7e-m+fp/hard\libc_nano.a(libc_a-init.o)
 .ARM.attributes
                0x00000863       0x34 C:/ST/STM32CubeIDE_1.16.1/STM32CubeIDE/plugins/com.st.stm32cube.ide.mcu.externaltools.gnu-tools-for-stm32.12.3.rel1.win32_1.0.200.202406191623/tools/bin/../lib/gcc/arm-none-eabi/12.3.1/../../../../arm-none-eabi/lib/thumb/v7e-m+fp/hard\libc_nano.a(libc_a-lock.o)
 .ARM.attributes
                0x00000897       0x34 C:/ST/STM32CubeIDE_1.16.1/STM32CubeIDE/plugins/com.st.stm32cube.ide.mcu.externaltools.gnu-tools-for-stm32.12.3.rel1.win32_1.0.200.202406191623/tools/bin/../lib/gcc/arm-none-eabi/12.3.1/../../../../arm-none-eabi/lib/thumb/v7e-m+fp/hard\libc_nano.a(libc_a-memcpy-stub.o)
 .ARM.attributes
                0x000008cb       0x17 C:/ST/STM32CubeIDE_1.16.1/STM32CubeIDE/plugins/com.st.stm32cube.ide.mcu.externaltools.gnu-tools-for-stm32.12.3.rel1.win32_1.0.200.202406191623/tools/bin/../lib/gcc/arm-none-eabi/12.3.1/../../../../arm-none-eabi/lib/thumb/v7e-m+fp/hard\libc_nano.a(libc_a-strlen.o)
 .ARM.attributes
                0x000008e2       0x34 C:/ST/STM32CubeIDE_1.16.1/STM32CubeIDE/plugins/com.st.stm32cube.ide.mcu.externaltools.gnu-tools-for-stm32.12.3.rel1.win32_1.0.200.202406191623/tools/bin/../lib/gcc/arm-none-eabi/12.3.1/../../../../arm-none-eabi/lib/thumb/v7e-m+fp/hard\libc_nano.a(libm_a-sf_nan.o)
 .ARM.attributes
                0x00000916       0x34 C:/ST/STM32CubeIDE_1.16.1/STM32CubeIDE/plugins/com.st.stm32cube.ide.mcu.externaltools.gnu-tools-for-stm32.12.3.rel1.win32_1.0.200.202406191623/tools/bin/../lib/gcc/arm-none-eabi/12.3.1/../../../../arm-none-eabi/lib/thumb/v7e-m+fp/hard\libc_nano.a(libc_a-freer.o)
 .ARM.attributes
                0x0000094a       0x34 C:/ST/STM32CubeIDE_1.16.1/STM32CubeIDE/plugins/com.st.stm32cube.ide.mcu.externaltools.gnu-tools-for-stm32.12.3.rel1.win32_1.0.200.202406191623/tools/bin/../lib/gcc/arm-none-eabi/12.3.1/../../../../arm-none-eabi/lib/thumb/v7e-m+fp/hard\libc_nano.a(libc_a-msizer.o)
 .ARM.attributes
                0x0000097e       0x34 C:/ST/STM32CubeIDE_1.16.1/STM32CubeIDE/plugins/com.st.stm32cube.ide.mcu.externaltools.gnu-tools-for-stm32.12.3.rel1.win32_1.0.200.202406191623/tools/bin/../lib/gcc/arm-none-eabi/12.3.1/../../../../arm-none-eabi/lib/thumb/v7e-m+fp/hard\libc_nano.a(libc_a-nano-svfprintf.o)
 .ARM.attributes
                0x000009b2       0x34 C:/ST/STM32CubeIDE_1.16.1/STM32CubeIDE/plugins/com.st.stm32cube.ide.mcu.externaltools.gnu-tools-for-stm32.12.3.rel1.win32_1.0.200.202406191623/tools/bin/../lib/gcc/arm-none-eabi/12.3.1/../../../../arm-none-eabi/lib/thumb/v7e-m+fp/hard\libc_nano.a(libc_a-nano-vfprintf_i.o)
 .ARM.attributes
                0x000009e6       0x34 C:/ST/STM32CubeIDE_1.16.1/STM32CubeIDE/plugins/com.st.stm32cube.ide.mcu.externaltools.gnu-tools-for-stm32.12.3.rel1.win32_1.0.200.202406191623/tools/bin/../lib/gcc/arm-none-eabi/12.3.1/../../../../arm-none-eabi/lib/thumb/v7e-m+fp/hard\libc_nano.a(libc_a-memmove.o)
 .ARM.attributes
                0x00000a1a       0x1c C:/ST/STM32CubeIDE_1.16.1/STM32CubeIDE/plugins/com.st.stm32cube.ide.mcu.externaltools.gnu-tools-for-stm32.12.3.rel1.win32_1.0.200.202406191623/tools/bin/../lib/gcc/arm-none-eabi/12.3.1/../../../../arm-none-eabi/lib/thumb/v7e-m+fp/hard\libc_nano.a(libc_a-memchr.o)
 .ARM.attributes
                0x00000a36       0x34 C:/ST/STM32CubeIDE_1.16.1/STM32CubeIDE/plugins/com.st.stm32cube.ide.mcu.externaltools.gnu-tools-for-stm32.12.3.rel1.win32_1.0.200.202406191623/tools/bin/../lib/gcc/arm-none-eabi/12.3.1/../../../../arm-none-eabi/lib/thumb/v7e-m+fp/hard\libm.a(libm_a-wf_log.o)
 .ARM.attributes
                0x00000a6a       0x34 C:/ST/STM32CubeIDE_1.16.1/STM32CubeIDE/plugins/com.st.stm32cube.ide.mcu.externaltools.gnu-tools-for-stm32.12.3.rel1.win32_1.0.200.202406191623/tools/bin/../lib/gcc/arm-none-eabi/12.3.1/../../../../arm-none-eabi/lib/thumb/v7e-m+fp/hard\libm.a(libm_a-ef_log.o)
 .ARM.attributes
                0x00000a9e       0x22 C:/ST/STM32CubeIDE_1.16.1/STM32CubeIDE/plugins/com.st.stm32cube.ide.mcu.externaltools.gnu-tools-for-stm32.12.3.rel1.win32_1.0.200.202406191623/tools/bin/../lib/gcc/arm-none-eabi/12.3.1/thumb/v7e-m+fp/hard\libgcc.a(_aeabi_uldivmod.o)
 .ARM.attributes
                0x00000ac0       0x34 C:/ST/STM32CubeIDE_1.16.1/STM32CubeIDE/plugins/com.st.stm32cube.ide.mcu.externaltools.gnu-tools-for-stm32.12.3.rel1.win32_1.0.200.202406191623/tools/bin/../lib/gcc/arm-none-eabi/12.3.1/thumb/v7e-m+fp/hard\libgcc.a(_udivmoddi4.o)
 .ARM.attributes
                0x00000af4       0x22 C:/ST/STM32CubeIDE_1.16.1/STM32CubeIDE/plugins/com.st.stm32cube.ide.mcu.externaltools.gnu-tools-for-stm32.12.3.rel1.win32_1.0.200.202406191623/tools/bin/../lib/gcc/arm-none-eabi/12.3.1/thumb/v7e-m+fp/hard\libgcc.a(_dvmd_tls.o)
 .ARM.attributes
                0x00000b16       0x22 C:/ST/STM32CubeIDE_1.16.1/STM32CubeIDE/plugins/com.st.stm32cube.ide.mcu.externaltools.gnu-tools-for-stm32.12.3.rel1.win32_1.0.200.202406191623/tools/bin/../lib/gcc/arm-none-eabi/12.3.1/thumb/v7e-m+fp/hard/crtn.o
OUTPUT(ProjectFinal2.elf elf32-littlearm)
LOAD linker stubs
LOAD C:/ST/STM32CubeIDE_1.16.1/STM32CubeIDE/plugins/com.st.stm32cube.ide.mcu.externaltools.gnu-tools-for-stm32.12.3.rel1.win32_1.0.200.202406191623/tools/bin/../lib/gcc/arm-none-eabi/12.3.1/../../../../arm-none-eabi/lib/thumb/v7e-m+fp/hard\libc.a
LOAD C:/ST/STM32CubeIDE_1.16.1/STM32CubeIDE/plugins/com.st.stm32cube.ide.mcu.externaltools.gnu-tools-for-stm32.12.3.rel1.win32_1.0.200.202406191623/tools/bin/../lib/gcc/arm-none-eabi/12.3.1/../../../../arm-none-eabi/lib/thumb/v7e-m+fp/hard\libm.a
LOAD C:/ST/STM32CubeIDE_1.16.1/STM32CubeIDE/plugins/com.st.stm32cube.ide.mcu.externaltools.gnu-tools-for-stm32.12.3.rel1.win32_1.0.200.202406191623/tools/bin/../lib/gcc/arm-none-eabi/12.3.1/thumb/v7e-m+fp/hard\libgcc.a

.debug_info     0x00000000    0x1797d
 .debug_info    0x00000000      0x3a7 ./Core/Src/CircularBuffer.o
 .debug_info    0x000003a7      0xb9b ./Core/Src/MAX30100.o
 .debug_info    0x00000f42      0x22e ./Core/Src/MAX30100_BeatDetector.o
 .debug_info    0x00001170      0x9c7 ./Core/Src/MAX30100_PulseOximeter.o
 .debug_info    0x00001b37      0x222 ./Core/Src/MAX30100_SpO2Calculator.o
 .debug_info    0x00001d59      0x174 ./Core/Src/calibrate.o
 .debug_info    0x00001ecd      0x125 ./Core/Src/font12.o
 .debug_info    0x00001ff2      0x125 ./Core/Src/font16.o
 .debug_info    0x00002117     0x13d3 ./Core/Src/ili9341.o
 .debug_info    0x000034ea     0x295b ./Core/Src/main.o
 .debug_info    0x00005e45     0x188f ./Core/Src/stm32f4xx_hal_msp.o
 .debug_info    0x000076d4      0x14a ./Core/Src/stm32f4xx_it.o
 .debug_info    0x0000781e      0x168 ./Core/Src/sysmem.o
 .debug_info    0x00007986      0x512 ./Core/Src/system_stm32f4xx.o
 .debug_info    0x00007e98      0x9db ./Core/Src/touch.o
 .debug_info    0x00008873       0x30 ./Core/Startup/startup_stm32f407vetx.o
 .debug_info    0x000088a3      0x944 ./Drivers/STM32F4xx_HAL_Driver/Src/stm32f4xx_hal.o
 .debug_info    0x000091e7      0xcd4 ./Drivers/STM32F4xx_HAL_Driver/Src/stm32f4xx_hal_adc.o
 .debug_info    0x00009ebb      0xd8c ./Drivers/STM32F4xx_HAL_Driver/Src/stm32f4xx_hal_cortex.o
 .debug_info    0x0000ac47      0x6c3 ./Drivers/STM32F4xx_HAL_Driver/Src/stm32f4xx_hal_gpio.o
 .debug_info    0x0000b30a     0x2415 ./Drivers/STM32F4xx_HAL_Driver/Src/stm32f4xx_hal_i2c.o
 .debug_info    0x0000d71f      0x8af ./Drivers/STM32F4xx_HAL_Driver/Src/stm32f4xx_hal_rcc.o
 .debug_info    0x0000dfce     0x1525 ./Drivers/STM32F4xx_HAL_Driver/Src/stm32f4xx_hal_spi.o
 .debug_info    0x0000f4f3      0xd39 ./Drivers/STM32F4xx_HAL_Driver/Src/stm32f4xx_hal_sram.o
 .debug_info    0x0001022c     0x299d ./Drivers/STM32F4xx_HAL_Driver/Src/stm32f4xx_hal_tim.o
 .debug_info    0x00012bc9     0x14db ./Drivers/STM32F4xx_HAL_Driver/Src/stm32f4xx_hal_tim_ex.o
 .debug_info    0x000140a4     0x2f4f ./Drivers/STM32F4xx_HAL_Driver/Src/stm32f4xx_hal_uart.o
 .debug_info    0x00016ff3      0x98a ./Drivers/STM32F4xx_HAL_Driver/Src/stm32f4xx_ll_fsmc.o

.debug_abbrev   0x00000000     0x3520
 .debug_abbrev  0x00000000      0x14a ./Core/Src/CircularBuffer.o
 .debug_abbrev  0x0000014a      0x21a ./Core/Src/MAX30100.o
 .debug_abbrev  0x00000364      0x12f ./Core/Src/MAX30100_BeatDetector.o
 .debug_abbrev  0x00000493      0x1f8 ./Core/Src/MAX30100_PulseOximeter.o
 .debug_abbrev  0x0000068b      0x13a ./Core/Src/MAX30100_SpO2Calculator.o
 .debug_abbrev  0x000007c5       0xd9 ./Core/Src/calibrate.o
 .debug_abbrev  0x0000089e       0xb1 ./Core/Src/font12.o
 .debug_abbrev  0x0000094f       0xb1 ./Core/Src/font16.o
 .debug_abbrev  0x00000a00      0x398 ./Core/Src/ili9341.o
 .debug_abbrev  0x00000d98      0x383 ./Core/Src/main.o
 .debug_abbrev  0x0000111b      0x24d ./Core/Src/stm32f4xx_hal_msp.o
 .debug_abbrev  0x00001368       0xa0 ./Core/Src/stm32f4xx_it.o
 .debug_abbrev  0x00001408       0xbc ./Core/Src/sysmem.o
 .debug_abbrev  0x000014c4      0x11a ./Core/Src/system_stm32f4xx.o
 .debug_abbrev  0x000015de      0x231 ./Core/Src/touch.o
 .debug_abbrev  0x0000180f       0x24 ./Core/Startup/startup_stm32f407vetx.o
 .debug_abbrev  0x00001833      0x214 ./Drivers/STM32F4xx_HAL_Driver/Src/stm32f4xx_hal.o
 .debug_abbrev  0x00001a47      0x252 ./Drivers/STM32F4xx_HAL_Driver/Src/stm32f4xx_hal_adc.o
 .debug_abbrev  0x00001c99      0x31d ./Drivers/STM32F4xx_HAL_Driver/Src/stm32f4xx_hal_cortex.o
 .debug_abbrev  0x00001fb6      0x1d4 ./Drivers/STM32F4xx_HAL_Driver/Src/stm32f4xx_hal_gpio.o
 .debug_abbrev  0x0000218a      0x2ad ./Drivers/STM32F4xx_HAL_Driver/Src/stm32f4xx_hal_i2c.o
 .debug_abbrev  0x00002437      0x2b7 ./Drivers/STM32F4xx_HAL_Driver/Src/stm32f4xx_hal_rcc.o
 .debug_abbrev  0x000026ee      0x27a ./Drivers/STM32F4xx_HAL_Driver/Src/stm32f4xx_hal_spi.o
 .debug_abbrev  0x00002968      0x20c ./Drivers/STM32F4xx_HAL_Driver/Src/stm32f4xx_hal_sram.o
 .debug_abbrev  0x00002b74      0x278 ./Drivers/STM32F4xx_HAL_Driver/Src/stm32f4xx_hal_tim.o
 .debug_abbrev  0x00002dec      0x283 ./Drivers/STM32F4xx_HAL_Driver/Src/stm32f4xx_hal_tim_ex.o
 .debug_abbrev  0x0000306f      0x30e ./Drivers/STM32F4xx_HAL_Driver/Src/stm32f4xx_hal_uart.o
 .debug_abbrev  0x0000337d      0x1a3 ./Drivers/STM32F4xx_HAL_Driver/Src/stm32f4xx_ll_fsmc.o

.debug_aranges  0x00000000     0x1750
 .debug_aranges
                0x00000000       0x78 ./Core/Src/CircularBuffer.o
 .debug_aranges
                0x00000078       0x88 ./Core/Src/MAX30100.o
 .debug_aranges
                0x00000100       0x40 ./Core/Src/MAX30100_BeatDetector.o
 .debug_aranges
                0x00000140       0x98 ./Core/Src/MAX30100_PulseOximeter.o
 .debug_aranges
                0x000001d8       0x30 ./Core/Src/MAX30100_SpO2Calculator.o
 .debug_aranges
                0x00000208       0x28 ./Core/Src/calibrate.o
 .debug_aranges
                0x00000230       0x18 ./Core/Src/font12.o
 .debug_aranges
                0x00000248       0x18 ./Core/Src/font16.o
 .debug_aranges
                0x00000260      0x1a0 ./Core/Src/ili9341.o
 .debug_aranges
                0x00000400       0xa8 ./Core/Src/main.o
 .debug_aranges
                0x000004a8       0x90 ./Core/Src/stm32f4xx_hal_msp.o
 .debug_aranges
                0x00000538       0x68 ./Core/Src/stm32f4xx_it.o
 .debug_aranges
                0x000005a0       0x20 ./Core/Src/sysmem.o
 .debug_aranges
                0x000005c0       0x28 ./Core/Src/system_stm32f4xx.o
 .debug_aranges
                0x000005e8       0x40 ./Core/Src/touch.o
 .debug_aranges
                0x00000628       0x28 ./Core/Startup/startup_stm32f407vetx.o
 .debug_aranges
                0x00000650       0xf0 ./Drivers/STM32F4xx_HAL_Driver/Src/stm32f4xx_hal.o
 .debug_aranges
                0x00000740       0xe8 ./Drivers/STM32F4xx_HAL_Driver/Src/stm32f4xx_hal_adc.o
 .debug_aranges
                0x00000828      0x130 ./Drivers/STM32F4xx_HAL_Driver/Src/stm32f4xx_hal_cortex.o
 .debug_aranges
                0x00000958       0x58 ./Drivers/STM32F4xx_HAL_Driver/Src/stm32f4xx_hal_gpio.o
 .debug_aranges
                0x000009b0      0x2a8 ./Drivers/STM32F4xx_HAL_Driver/Src/stm32f4xx_hal_i2c.o
 .debug_aranges
                0x00000c58       0x88 ./Drivers/STM32F4xx_HAL_Driver/Src/stm32f4xx_hal_rcc.o
 .debug_aranges
                0x00000ce0      0x1d0 ./Drivers/STM32F4xx_HAL_Driver/Src/stm32f4xx_hal_spi.o
 .debug_aranges
                0x00000eb0       0xb8 ./Drivers/STM32F4xx_HAL_Driver/Src/stm32f4xx_hal_sram.o
 .debug_aranges
                0x00000f68      0x3d0 ./Drivers/STM32F4xx_HAL_Driver/Src/stm32f4xx_hal_tim.o
 .debug_aranges
                0x00001338      0x168 ./Drivers/STM32F4xx_HAL_Driver/Src/stm32f4xx_hal_tim_ex.o
 .debug_aranges
                0x000014a0      0x208 ./Drivers/STM32F4xx_HAL_Driver/Src/stm32f4xx_hal_uart.o
 .debug_aranges
                0x000016a8       0xa8 ./Drivers/STM32F4xx_HAL_Driver/Src/stm32f4xx_ll_fsmc.o

.debug_rnglists
                0x00000000     0x1227
 .debug_rnglists
                0x00000000       0x56 ./Core/Src/CircularBuffer.o
 .debug_rnglists
                0x00000056       0x61 ./Core/Src/MAX30100.o
 .debug_rnglists
                0x000000b7       0x2d ./Core/Src/MAX30100_BeatDetector.o
 .debug_rnglists
                0x000000e4       0x70 ./Core/Src/MAX30100_PulseOximeter.o
 .debug_rnglists
                0x00000154       0x2f ./Core/Src/MAX30100_SpO2Calculator.o
 .debug_rnglists
                0x00000183       0x1b ./Core/Src/calibrate.o
 .debug_rnglists
                0x0000019e      0x147 ./Core/Src/ili9341.o
 .debug_rnglists
                0x000002e5       0x82 ./Core/Src/main.o
 .debug_rnglists
                0x00000367       0x6c ./Core/Src/stm32f4xx_hal_msp.o
 .debug_rnglists
                0x000003d3       0x49 ./Core/Src/stm32f4xx_it.o
 .debug_rnglists
                0x0000041c       0x13 ./Core/Src/sysmem.o
 .debug_rnglists
                0x0000042f       0x1a ./Core/Src/system_stm32f4xx.o
 .debug_rnglists
                0x00000449       0x2d ./Core/Src/touch.o
 .debug_rnglists
                0x00000476       0x19 ./Core/Startup/startup_stm32f407vetx.o
 .debug_rnglists
                0x0000048f       0xaf ./Drivers/STM32F4xx_HAL_Driver/Src/stm32f4xx_hal.o
 .debug_rnglists
                0x0000053e       0xb5 ./Drivers/STM32F4xx_HAL_Driver/Src/stm32f4xx_hal_adc.o
 .debug_rnglists
                0x000005f3       0xe0 ./Drivers/STM32F4xx_HAL_Driver/Src/stm32f4xx_hal_cortex.o
 .debug_rnglists
                0x000006d3       0x3f ./Drivers/STM32F4xx_HAL_Driver/Src/stm32f4xx_hal_gpio.o
 .debug_rnglists
                0x00000712      0x23c ./Drivers/STM32F4xx_HAL_Driver/Src/stm32f4xx_hal_i2c.o
 .debug_rnglists
                0x0000094e       0x66 ./Drivers/STM32F4xx_HAL_Driver/Src/stm32f4xx_hal_rcc.o
 .debug_rnglists
                0x000009b4      0x16f ./Drivers/STM32F4xx_HAL_Driver/Src/stm32f4xx_hal_spi.o
 .debug_rnglists
                0x00000b23       0x8d ./Drivers/STM32F4xx_HAL_Driver/Src/stm32f4xx_hal_sram.o
 .debug_rnglists
                0x00000bb0      0x31a ./Drivers/STM32F4xx_HAL_Driver/Src/stm32f4xx_hal_tim.o
 .debug_rnglists
                0x00000eca      0x125 ./Drivers/STM32F4xx_HAL_Driver/Src/stm32f4xx_hal_tim_ex.o
 .debug_rnglists
                0x00000fef      0x1bc ./Drivers/STM32F4xx_HAL_Driver/Src/stm32f4xx_hal_uart.o
 .debug_rnglists
                0x000011ab       0x7c ./Drivers/STM32F4xx_HAL_Driver/Src/stm32f4xx_ll_fsmc.o

.debug_macro    0x00000000     0x4e6e
 .debug_macro   0x00000000      0x14f ./Core/Src/CircularBuffer.o
 .debug_macro   0x0000014f       0x22 ./Core/Src/CircularBuffer.o
 .debug_macro   0x00000171       0x61 ./Core/Src/CircularBuffer.o
 .debug_macro   0x000001d2       0x2a ./Core/Src/CircularBuffer.o
 .debug_macro   0x000001fc       0x43 ./Core/Src/CircularBuffer.o
 .debug_macro   0x0000023f       0x34 ./Core/Src/CircularBuffer.o
 .debug_macro   0x00000273       0x16 ./Core/Src/CircularBuffer.o
 .debug_macro   0x00000289       0x43 ./Core/Src/CircularBuffer.o
 .debug_macro   0x000002cc       0x34 ./Core/Src/CircularBuffer.o
 .debug_macro   0x00000300       0x10 ./Core/Src/CircularBuffer.o
 .debug_macro   0x00000310       0x58 ./Core/Src/CircularBuffer.o
 .debug_macro   0x00000368       0x8e ./Core/Src/CircularBuffer.o
 .debug_macro   0x000003f6       0x1c ./Core/Src/CircularBuffer.o
 .debug_macro   0x00000412      0x177 ./Core/Src/CircularBuffer.o
 .debug_macro   0x00000589      0x369 ./Core/Src/CircularBuffer.o
 .debug_macro   0x000008f2       0x10 ./Core/Src/CircularBuffer.o
 .debug_macro   0x00000902       0x35 ./Core/Src/CircularBuffer.o
 .debug_macro   0x00000937       0x20 ./Core/Src/CircularBuffer.o
 .debug_macro   0x00000957      0x29b ./Core/Src/MAX30100.o
 .debug_macro   0x00000bf2       0x10 ./Core/Src/MAX30100.o
 .debug_macro   0x00000c02       0xb2 ./Core/Src/MAX30100.o
 .debug_macro   0x00000cb4       0x28 ./Core/Src/MAX30100.o
 .debug_macro   0x00000cdc       0x2e ./Core/Src/MAX30100.o
 .debug_macro   0x00000d0a      0x148 ./Core/Src/MAX30100.o
 .debug_macro   0x00000e52      0x1f6 ./Core/Src/MAX30100.o
 .debug_macro   0x00001048       0x10 ./Core/Src/MAX30100.o
 .debug_macro   0x00001058       0x16 ./Core/Src/MAX30100.o
 .debug_macro   0x0000106e       0x4c ./Core/Src/MAX30100.o
 .debug_macro   0x000010ba      0x154 ./Core/Src/MAX30100_BeatDetector.o
 .debug_macro   0x0000120e       0x40 ./Core/Src/MAX30100_BeatDetector.o
 .debug_macro   0x0000124e      0x284 ./Core/Src/MAX30100_PulseOximeter.o
 .debug_macro   0x000014d2       0x28 ./Core/Src/MAX30100_PulseOximeter.o
 .debug_macro   0x000014fa       0x46 ./Core/Src/MAX30100_PulseOximeter.o
 .debug_macro   0x00001540       0x10 ./Core/Src/MAX30100_PulseOximeter.o
 .debug_macro   0x00001550      0x126 ./Core/Src/MAX30100_SpO2Calculator.o
 .debug_macro   0x00001676       0x5b ./Core/Src/MAX30100_SpO2Calculator.o
 .debug_macro   0x000016d1       0x94 ./Core/Src/MAX30100_SpO2Calculator.o
 .debug_macro   0x00001765       0x57 ./Core/Src/MAX30100_SpO2Calculator.o
 .debug_macro   0x000017bc      0x19b ./Core/Src/MAX30100_SpO2Calculator.o
 .debug_macro   0x00001957       0x1a ./Core/Src/calibrate.o
 .debug_macro   0x00001971       0x22 ./Core/Src/calibrate.o
 .debug_macro   0x00001993       0x73 ./Core/Src/font12.o
 .debug_macro   0x00001a06       0x73 ./Core/Src/font16.o
 .debug_macro   0x00001a79      0x374 ./Core/Src/ili9341.o
 .debug_macro   0x00001ded      0x11c ./Core/Src/ili9341.o
 .debug_macro   0x00001f09       0x94 ./Core/Src/ili9341.o
 .debug_macro   0x00001f9d       0x58 ./Core/Src/ili9341.o
 .debug_macro   0x00001ff5       0x1c ./Core/Src/ili9341.o
 .debug_macro   0x00002011       0x56 ./Core/Src/ili9341.o
 .debug_macro   0x00002067      0x483 ./Core/Src/main.o
 .debug_macro   0x000024ea       0x16 ./Core/Src/main.o
 .debug_macro   0x00002500       0x16 ./Core/Src/main.o
 .debug_macro   0x00002516       0x16 ./Core/Src/main.o
 .debug_macro   0x0000252c       0x10 ./Core/Src/main.o
 .debug_macro   0x0000253c      0x244 ./Core/Src/stm32f4xx_hal_msp.o
 .debug_macro   0x00002780      0x24e ./Core/Src/stm32f4xx_it.o
 .debug_macro   0x000029ce       0xff ./Core/Src/sysmem.o
 .debug_macro   0x00002acd      0x23c ./Core/Src/sysmem.o
 .debug_macro   0x00002d09      0x235 ./Core/Src/system_stm32f4xx.o
 .debug_macro   0x00002f3e      0x38f ./Core/Src/touch.o
 .debug_macro   0x000032cd      0x295 ./Drivers/STM32F4xx_HAL_Driver/Src/stm32f4xx_hal.o
 .debug_macro   0x00003562      0x236 ./Drivers/STM32F4xx_HAL_Driver/Src/stm32f4xx_hal_adc.o
 .debug_macro   0x00003798      0x235 ./Drivers/STM32F4xx_HAL_Driver/Src/stm32f4xx_hal_cortex.o
 .debug_macro   0x000039cd      0x23b ./Drivers/STM32F4xx_HAL_Driver/Src/stm32f4xx_hal_gpio.o
 .debug_macro   0x00003c08      0x283 ./Drivers/STM32F4xx_HAL_Driver/Src/stm32f4xx_hal_i2c.o
 .debug_macro   0x00003e8b      0x259 ./Drivers/STM32F4xx_HAL_Driver/Src/stm32f4xx_hal_rcc.o
 .debug_macro   0x000040e4      0x244 ./Drivers/STM32F4xx_HAL_Driver/Src/stm32f4xx_hal_spi.o
 .debug_macro   0x00004328      0x235 ./Drivers/STM32F4xx_HAL_Driver/Src/stm32f4xx_hal_sram.o
 .debug_macro   0x0000455d      0x236 ./Drivers/STM32F4xx_HAL_Driver/Src/stm32f4xx_hal_tim.o
 .debug_macro   0x00004793      0x235 ./Drivers/STM32F4xx_HAL_Driver/Src/stm32f4xx_hal_tim_ex.o
 .debug_macro   0x000049c8      0x236 ./Drivers/STM32F4xx_HAL_Driver/Src/stm32f4xx_hal_uart.o
 .debug_macro   0x00004bfe      0x270 ./Drivers/STM32F4xx_HAL_Driver/Src/stm32f4xx_ll_fsmc.o

.debug_line     0x00000000    0x1c1f0
 .debug_line    0x00000000      0x782 ./Core/Src/CircularBuffer.o
 .debug_line    0x00000782      0xa3e ./Core/Src/MAX30100.o
 .debug_line    0x000011c0      0x738 ./Core/Src/MAX30100_BeatDetector.o
 .debug_line    0x000018f8      0xb42 ./Core/Src/MAX30100_PulseOximeter.o
 .debug_line    0x0000243a      0x63f ./Core/Src/MAX30100_SpO2Calculator.o
 .debug_line    0x00002a79      0x31c ./Core/Src/calibrate.o
 .debug_line    0x00002d95      0x413 ./Core/Src/font12.o
 .debug_line    0x000031a8      0x413 ./Core/Src/font16.o
 .debug_line    0x000035bb     0x177b ./Core/Src/ili9341.o
 .debug_line    0x00004d36      0xef7 ./Core/Src/main.o
 .debug_line    0x00005c2d      0xa1d ./Core/Src/stm32f4xx_hal_msp.o
 .debug_line    0x0000664a      0x8e1 ./Core/Src/stm32f4xx_it.o
 .debug_line    0x00006f2b      0x583 ./Core/Src/sysmem.o
 .debug_line    0x000074ae      0x891 ./Core/Src/system_stm32f4xx.o
 .debug_line    0x00007d3f      0xbeb ./Core/Src/touch.o
 .debug_line    0x0000892a       0x7a ./Core/Startup/startup_stm32f407vetx.o
 .debug_line    0x000089a4      0xafa ./Drivers/STM32F4xx_HAL_Driver/Src/stm32f4xx_hal.o
 .debug_line    0x0000949e     0x1382 ./Drivers/STM32F4xx_HAL_Driver/Src/stm32f4xx_hal_adc.o
 .debug_line    0x0000a820      0xdec ./Drivers/STM32F4xx_HAL_Driver/Src/stm32f4xx_hal_cortex.o
 .debug_line    0x0000b60c      0xc86 ./Drivers/STM32F4xx_HAL_Driver/Src/stm32f4xx_hal_gpio.o
 .debug_line    0x0000c292     0x3c40 ./Drivers/STM32F4xx_HAL_Driver/Src/stm32f4xx_hal_i2c.o
 .debug_line    0x0000fed2      0xe85 ./Drivers/STM32F4xx_HAL_Driver/Src/stm32f4xx_hal_rcc.o
 .debug_line    0x00010d57     0x1e18 ./Drivers/STM32F4xx_HAL_Driver/Src/stm32f4xx_hal_spi.o
 .debug_line    0x00012b6f      0xe0f ./Drivers/STM32F4xx_HAL_Driver/Src/stm32f4xx_hal_sram.o
 .debug_line    0x0001397e     0x389e ./Drivers/STM32F4xx_HAL_Driver/Src/stm32f4xx_hal_tim.o
 .debug_line    0x0001721c     0x1af0 ./Drivers/STM32F4xx_HAL_Driver/Src/stm32f4xx_hal_tim_ex.o
 .debug_line    0x00018d0c     0x29cc ./Drivers/STM32F4xx_HAL_Driver/Src/stm32f4xx_hal_uart.o
 .debug_line    0x0001b6d8      0xb18 ./Drivers/STM32F4xx_HAL_Driver/Src/stm32f4xx_ll_fsmc.o

.debug_str      0x00000000    0xe3626
 .debug_str     0x00000000     0x71ba ./Core/Src/CircularBuffer.o
                               0x73d8 (size before relaxing)
 .debug_str     0x000071ba    0xd3fd8 ./Core/Src/MAX30100.o
                              0xd82f5 (size before relaxing)
 .debug_str     0x000db192      0x33c ./Core/Src/MAX30100_BeatDetector.o
                               0x7575 (size before relaxing)
 .debug_str     0x000db4ce      0x54b ./Core/Src/MAX30100_PulseOximeter.o
                              0xd707e (size before relaxing)
 .debug_str     0x000dba19      0x85f ./Core/Src/MAX30100_SpO2Calculator.o
                               0x7b18 (size before relaxing)
 .debug_str     0x000dc278       0xa6 ./Core/Src/calibrate.o
                               0x2eb1 (size before relaxing)
 .debug_str     0x000dc31e       0x3c ./Core/Src/font12.o
                               0x3db0 (size before relaxing)
 .debug_str     0x000dc35a       0x29 ./Core/Src/font16.o
                               0x3db0 (size before relaxing)
 .debug_str     0x000dc383      0xe98 ./Core/Src/ili9341.o
                              0xdb433 (size before relaxing)
 .debug_str     0x000dd21b     0x1a13 ./Core/Src/main.o
                              0xde401 (size before relaxing)
 .debug_str     0x000dec2e      0x17d ./Core/Src/stm32f4xx_hal_msp.o
                              0xd714f (size before relaxing)
 .debug_str     0x000dedab       0xf3 ./Core/Src/stm32f4xx_it.o
                              0xd60c5 (size before relaxing)
 .debug_str     0x000dee9e      0x4dc ./Core/Src/sysmem.o
                               0x60d2 (size before relaxing)
 .debug_str     0x000df37a       0xdb ./Core/Src/system_stm32f4xx.o
                              0xd6125 (size before relaxing)
 .debug_str     0x000df455      0x216 ./Core/Src/touch.o
                              0xdb294 (size before relaxing)
 .debug_str     0x000df66b       0x84 ./Core/Startup/startup_stm32f407vetx.o
 .debug_str     0x000df6ef      0x5f7 ./Drivers/STM32F4xx_HAL_Driver/Src/stm32f4xx_hal.o
                              0xd6ca9 (size before relaxing)
 .debug_str     0x000dfce6      0x2bb ./Drivers/STM32F4xx_HAL_Driver/Src/stm32f4xx_hal_adc.o
                              0xd6712 (size before relaxing)
 .debug_str     0x000dffa1      0x375 ./Drivers/STM32F4xx_HAL_Driver/Src/stm32f4xx_hal_cortex.o
                              0xd6a25 (size before relaxing)
 .debug_str     0x000e0316       0xf2 ./Drivers/STM32F4xx_HAL_Driver/Src/stm32f4xx_hal_gpio.o
                              0xd62a0 (size before relaxing)
 .debug_str     0x000e0408      0xb19 ./Drivers/STM32F4xx_HAL_Driver/Src/stm32f4xx_hal_i2c.o
                              0xd7143 (size before relaxing)
 .debug_str     0x000e0f21      0x213 ./Drivers/STM32F4xx_HAL_Driver/Src/stm32f4xx_hal_rcc.o
                              0xd6559 (size before relaxing)
 .debug_str     0x000e1134      0x53a ./Drivers/STM32F4xx_HAL_Driver/Src/stm32f4xx_hal_spi.o
                              0xd69e3 (size before relaxing)
 .debug_str     0x000e166e      0x1ee ./Drivers/STM32F4xx_HAL_Driver/Src/stm32f4xx_hal_sram.o
                              0xd6723 (size before relaxing)
 .debug_str     0x000e185c      0xdb3 ./Drivers/STM32F4xx_HAL_Driver/Src/stm32f4xx_hal_tim.o
                              0xd74af (size before relaxing)
 .debug_str     0x000e260f      0x493 ./Drivers/STM32F4xx_HAL_Driver/Src/stm32f4xx_hal_tim_ex.o
                              0xd6cbb (size before relaxing)
 .debug_str     0x000e2aa2      0x5c3 ./Drivers/STM32F4xx_HAL_Driver/Src/stm32f4xx_hal_uart.o
                              0xd6b3a (size before relaxing)
 .debug_str     0x000e3065      0x5c1 ./Drivers/STM32F4xx_HAL_Driver/Src/stm32f4xx_ll_fsmc.o
                              0xd6990 (size before relaxing)

.comment        0x00000000       0x43