Archive member included to satisfy reference by file (symbol)

C:/ST/STM32CubeIDE_1.16.1/STM32CubeIDE/plugins/com.st.stm32cube.ide.mcu.externaltools.gnu-tools-for-stm32.12.3.rel1.win32_1.0.200.202406191623/tools/bin/../lib/gcc/arm-none-eabi/12.3.1/../../../../arm-none-eabi/lib/thumb/v7e-m+fp/hard\libc_nano.a(libc_a-exit.o)
                              C:/ST/STM32CubeIDE_1.16.1/STM32CubeIDE/plugins/com.st.stm32cube.ide.mcu.externaltools.gnu-tools-for-stm32.12.3.rel1.win32_1.0.200.202406191623/tools/bin/../lib/gcc/arm-none-eabi/12.3.1/../../../../arm-none-eabi/lib/thumb/v7e-m+fp/hard/crt0.o (exit)
C:/ST/STM32CubeIDE_1.16.1/STM32CubeIDE/plugins/com.st.stm32cube.ide.mcu.externaltools.gnu-tools-for-stm32.12.3.rel1.win32_1.0.200.202406191623/tools/bin/../lib/gcc/arm-none-eabi/12.3.1/../../../../arm-none-eabi/lib/thumb/v7e-m+fp/hard\libc_nano.a(libc_a-malloc.o)
                              ./Core/Src/cJSON.o (malloc)
C:/ST/STM32CubeIDE_1.16.1/STM32CubeIDE/plugins/com.st.stm32cube.ide.mcu.externaltools.gnu-tools-for-stm32.12.3.rel1.win32_1.0.200.202406191623/tools/bin/../lib/gcc/arm-none-eabi/12.3.1/../../../../arm-none-eabi/lib/thumb/v7e-m+fp/hard\libc_nano.a(libc_a-mallocr.o)
                              C:/ST/STM32CubeIDE_1.16.1/STM32CubeIDE/plugins/com.st.stm32cube.ide.mcu.externaltools.gnu-tools-for-stm32.12.3.rel1.win32_1.0.200.202406191623/tools/bin/../lib/gcc/arm-none-eabi/12.3.1/../../../../arm-none-eabi/lib/thumb/v7e-m+fp/hard\libc_nano.a(libc_a-malloc.o) (_malloc_r)
C:/ST/STM32CubeIDE_1.16.1/STM32CubeIDE/plugins/com.st.stm32cube.ide.mcu.externaltools.gnu-tools-for-stm32.12.3.rel1.win32_1.0.200.202406191623/tools/bin/../lib/gcc/arm-none-eabi/12.3.1/../../../../arm-none-eabi/lib/thumb/v7e-m+fp/hard\libc_nano.a(libc_a-mlock.o)
                              C:/ST/STM32CubeIDE_1.16.1/STM32CubeIDE/plugins/com.st.stm32cube.ide.mcu.externaltools.gnu-tools-for-stm32.12.3.rel1.win32_1.0.200.202406191623/tools/bin/../lib/gcc/arm-none-eabi/12.3.1/../../../../arm-none-eabi/lib/thumb/v7e-m+fp/hard\libc_nano.a(libc_a-mallocr.o) (__malloc_lock)
C:/ST/STM32CubeIDE_1.16.1/STM32CubeIDE/plugins/com.st.stm32cube.ide.mcu.externaltools.gnu-tools-for-stm32.12.3.rel1.win32_1.0.200.202406191623/tools/bin/../lib/gcc/arm-none-eabi/12.3.1/../../../../arm-none-eabi/lib/thumb/v7e-m+fp/hard\libc_nano.a(libc_a-realloc.o)
                              ./Core/Src/cJSON.o (realloc)
C:/ST/STM32CubeIDE_1.16.1/STM32CubeIDE/plugins/com.st.stm32cube.ide.mcu.externaltools.gnu-tools-for-stm32.12.3.rel1.win32_1.0.200.202406191623/tools/bin/../lib/gcc/arm-none-eabi/12.3.1/../../../../arm-none-eabi/lib/thumb/v7e-m+fp/hard\libc_nano.a(libc_a-reallocr.o)
                              C:/ST/STM32CubeIDE_1.16.1/STM32CubeIDE/plugins/com.st.stm32cube.ide.mcu.externaltools.gnu-tools-for-stm32.12.3.rel1.win32_1.0.200.202406191623/tools/bin/../lib/gcc/arm-none-eabi/12.3.1/../../../../arm-none-eabi/lib/thumb/v7e-m+fp/hard\libc_nano.a(libc_a-realloc.o) (_realloc_r)
C:/ST/STM32CubeIDE_1.16.1/STM32CubeIDE/plugins/com.st.stm32cube.ide.mcu.externaltools.gnu-tools-for-stm32.12.3.rel1.win32_1.0.200.202406191623/tools/bin/../lib/gcc/arm-none-eabi/12.3.1/../../../../arm-none-eabi/lib/thumb/v7e-m+fp/hard\libc_nano.a(libc_a-strtod.o)
                              ./Core/Src/cJSON.o (strtod)
C:/ST/STM32CubeIDE_1.16.1/STM32CubeIDE/plugins/com.st.stm32cube.ide.mcu.externaltools.gnu-tools-for-stm32.12.3.rel1.win32_1.0.200.202406191623/tools/bin/../lib/gcc/arm-none-eabi/12.3.1/../../../../arm-none-eabi/lib/thumb/v7e-m+fp/hard\libc_nano.a(libc_a-ctype_.o)
                              ./Core/Src/cJSON.o (_ctype_)
C:/ST/STM32CubeIDE_1.16.1/STM32CubeIDE/plugins/com.st.stm32cube.ide.mcu.externaltools.gnu-tools-for-stm32.12.3.rel1.win32_1.0.200.202406191623/tools/bin/../lib/gcc/arm-none-eabi/12.3.1/../../../../arm-none-eabi/lib/thumb/v7e-m+fp/hard\libc_nano.a(libc_a-findfp.o)
                              C:/ST/STM32CubeIDE_1.16.1/STM32CubeIDE/plugins/com.st.stm32cube.ide.mcu.externaltools.gnu-tools-for-stm32.12.3.rel1.win32_1.0.200.202406191623/tools/bin/../lib/gcc/arm-none-eabi/12.3.1/../../../../arm-none-eabi/lib/thumb/v7e-m+fp/hard\libc_nano.a(libc_a-exit.o) (__stdio_exit_handler)
C:/ST/STM32CubeIDE_1.16.1/STM32CubeIDE/plugins/com.st.stm32cube.ide.mcu.externaltools.gnu-tools-for-stm32.12.3.rel1.win32_1.0.200.202406191623/tools/bin/../lib/gcc/arm-none-eabi/12.3.1/../../../../arm-none-eabi/lib/thumb/v7e-m+fp/hard\libc_nano.a(libc_a-fwalk.o)
                              C:/ST/STM32CubeIDE_1.16.1/STM32CubeIDE/plugins/com.st.stm32cube.ide.mcu.externaltools.gnu-tools-for-stm32.12.3.rel1.win32_1.0.200.202406191623/tools/bin/../lib/gcc/arm-none-eabi/12.3.1/../../../../arm-none-eabi/lib/thumb/v7e-m+fp/hard\libc_nano.a(libc_a-findfp.o) (_fwalk_sglue)
[...]
Memory Configuration

Name             Origin             Length             Attributes
CCMRAM           0x10000000         0x00010000         xrw
RAM              0x20000000         0x00020000         xrw
FLASH            0x08000000         0x00080000         xr
*default*        0x00000000         0xffffffff

Linker script and memory map

LOAD C:/ST/STM32CubeIDE_1.16.1/STM32CubeIDE/plugins/com.st.stm32cube.ide.mcu.externaltools.gnu-tools-for-stm32.12.3.rel1.win32_1.0.200.202406191623/tools/bin/../lib/gcc/arm-none-eabi/12.3.1/thumb/v7e-m+fp/hard/crti.o
LOAD C:/ST/STM32CubeIDE_1.16.1/STM32CubeIDE/plugins/com.st.stm32cube.ide.mcu.externaltools.gnu-tools-for-stm32.12.3.rel1.win32_1.0.200.202406191623/tools/bin/../lib/gcc/arm-none-eabi/12.3.1/thumb/v7e-m+fp/hard/crtbegin.o
LOAD C:/ST/STM32CubeIDE_1.16.1/STM32CubeIDE/plugins/com.st.stm32cube.ide.mcu.externaltools.gnu-tools-for-stm32.12.3.rel1.win32_1.0.200.202406191623/tools/bin/../lib/gcc/arm-none-eabi/12.3.1/../../../../arm-none-eabi/lib/thumb/v7e-m+fp/hard/crt0.o
LOAD ./Core/Src/A.o
LOAD ./Core/Src/Back.o
LOAD ./Core/Src/BackGround.o
LOAD ./Core/Src/BackGround2.o
LOAD ./Core/Src/City.o
LOAD ./Core/Src/Cloud1.o
LOAD ./Core/Src/Cloud2.o
LOAD ./Core/Src/DHT.o
LOAD ./Core/Src/Loading.o
LOAD ./Core/Src/OK.o
LOAD ./Core/Src/STLogo.o
LOAD ./Core/Src/Tem.o
LOAD ./Core/Src/abc.o
LOAD ./Core/Src/cJSON.o
LOAD ./Core/Src/calibrate.o
LOAD ./Core/Src/clockhumi.o
LOAD ./Core/Src/clocktem.o
LOAD ./Core/Src/cloudrate.o
LOAD ./Core/Src/confirm.o
LOAD ./Core/Src/doC.o
LOAD ./Core/Src/font12.o
LOAD ./Core/Src/font16.o
LOAD ./Core/Src/font20.o
LOAD ./Core/Src/font24.o
LOAD ./Core/Src/font8.o
LOAD ./Core/Src/front_end.o
LOAD ./Core/Src/hot.o
LOAD ./Core/Src/humi.o
LOAD ./Core/Src/ice.o
LOAD ./Core/Src/icon1.o
LOAD ./Core/Src/icon2.o
LOAD ./Core/Src/icon3.o
LOAD ./Core/Src/ili9341.o
LOAD ./Core/Src/location.o
LOAD ./Core/Src/main.o
LOAD ./Core/Src/max30100_for_stm32_hal.o
LOAD ./Core/Src/next.o
LOAD ./Core/Src/next1.o
LOAD ./Core/Src/stm32f4xx_hal_msp.o
LOAD ./Core/Src/stm32f4xx_it.o
LOAD ./Core/Src/syscalls.o
LOAD ./Core/Src/sysmem.o
LOAD ./Core/Src/system_stm32f4xx.o
LOAD ./Core/Src/touch.o
LOAD ./Core/Src/tree.o
LOAD ./Core/Src/tree1.o
LOAD ./Core/Src/water.o
LOAD ./Core/Src/weather.o
LOAD ./Core/Src/wether.o
LOAD ./Core/Src/wind.o
LOAD ./Core/Src/yourname5.1.o
LOAD ./Core/Src/z6030061336714_5dbe1c34090d7e2346532e65515815be.o
LOAD ./Core/Startup/startup_stm32f407vetx.o
LOAD ./Drivers/STM32F4xx_HAL_Driver/Src/stm32f4xx_hal.o
LOAD ./Drivers/STM32F4xx_HAL_Driver/Src/stm32f4xx_hal_cortex.o
LOAD ./Drivers/STM32F4xx_HAL_Driver/Src/stm32f4xx_hal_dma.o
LOAD ./Drivers/STM32F4xx_HAL_Driver/Src/stm32f4xx_hal_dma_ex.o
LOAD ./Drivers/STM32F4xx_HAL_Driver/Src/stm32f4xx_hal_exti.o
LOAD ./Drivers/STM32F4xx_HAL_Driver/Src/stm32f4xx_hal_flash.o
LOAD ./Drivers/STM32F4xx_HAL_Driver/Src/stm32f4xx_hal_flash_ex.o
LOAD ./Drivers/STM32F4xx_HAL_Driver/Src/stm32f4xx_hal_flash_ramfunc.o
LOAD ./Drivers/STM32F4xx_HAL_Driver/Src/stm32f4xx_hal_gpio.o
LOAD ./Drivers/STM32F4xx_HAL_Driver/Src/stm32f4xx_hal_i2c.o
LOAD ./Drivers/STM32F4xx_HAL_Driver/Src/stm32f4xx_hal_i2c_ex.o
LOAD ./Drivers/STM32F4xx_HAL_Driver/Src/stm32f4xx_hal_pwr.o
LOAD ./Drivers/STM32F4xx_HAL_Driver/Src/stm32f4xx_hal_pwr_ex.o
LOAD ./Drivers/STM32F4xx_HAL_Driver/Src/stm32f4xx_hal_rcc.o
LOAD ./Drivers/STM32F4xx_HAL_Driver/Src/stm32f4xx_hal_rcc_ex.o
LOAD ./Drivers/STM32F4xx_HAL_Driver/Src/stm32f4xx_hal_spi.o
LOAD ./Drivers/STM32F4xx_HAL_Driver/Src/stm32f4xx_hal_sram.o
LOAD ./Drivers/STM32F4xx_HAL_Driver/Src/stm32f4xx_hal_tim.o
LOAD ./Drivers/STM32F4xx_HAL_Driver/Src/stm32f4xx_hal_tim_ex.o
LOAD ./Drivers/STM32F4xx_HAL_Driver/Src/stm32f4xx_hal_uart.o
LOAD ./Drivers/STM32F4xx_HAL_Driver/Src/stm32f4xx_ll_fsmc.o
START GROUP
LOAD C:/ST/STM32CubeIDE_1.16.1/STM32CubeIDE/plugins/com.st.stm32cube.ide.mcu.externaltools.gnu-tools-for-stm32.12.3.rel1.win32_1.0.200.202406191623/tools/bin/../lib/gcc/arm-none-eabi/12.3.1/../../../../arm-none-eabi/lib/thumb/v7e-m+fp/hard\libc_nano.a
LOAD C:/ST/STM32CubeIDE_1.16.1/STM32CubeIDE/plugins/com.st.stm32cube.ide.mcu.externaltools.gnu-tools-for-stm32.12.3.rel1.win32_1.0.200.202406191623/tools/bin/../lib/gcc/arm-none-eabi/12.3.1/../../../../arm-none-eabi/lib/thumb/v7e-m+fp/hard\libm.a
END GROUP
START GROUP
LOAD C:/ST/STM32CubeIDE_1.16.1/STM32CubeIDE/plugins/com.st.stm32cube.ide.mcu.externaltools.gnu-tools-for-stm32.12.3.rel1.win32_1.0.200.202406191623/tools/bin/../lib/gcc/arm-none-eabi/12.3.1/thumb/v7e-m+fp/hard\libgcc.a
LOAD C:/ST/STM32CubeIDE_1.16.1/STM32CubeIDE/plugins/com.st.stm32cube.ide.mcu.externaltools.gnu-tools-for-stm32.12.3.rel1.win32_1.0.200.202406191623/tools/bin/../lib/gcc/arm-none-eabi/12.3.1/../../../../arm-none-eabi/lib/thumb/v7e-m+fp/hard\libc_nano.a
END GROUP
START GROUP
LOAD C:/ST/STM32CubeIDE_1.16.1/STM32CubeIDE/plugins/com.st.stm32cube.ide.mcu.externaltools.gnu-tools-for-stm32.12.3.rel1.win32_1.0.200.202406191623/tools/bin/../lib/gcc/arm-none-eabi/12.3.1/thumb/v7e-m+fp/hard\libgcc.a
LOAD C:/ST/STM32CubeIDE_1.16.1/STM32CubeIDE/plugins/com.st.stm32cube.ide.mcu.externaltools.gnu-tools-for-stm32.12.3.rel1.win32_1.0.200.202406191623/tools/bin/../lib/gcc/arm-none-eabi/12.3.1/../../../../arm-none-eabi/lib/thumb/v7e-m+fp/hard\libc_nano.a
LOAD C:/ST/STM32CubeIDE_1.16.1/STM32CubeIDE/plugins/com.st.stm32cube.ide.mcu.externaltools.gnu-tools-for-stm32.12.3.rel1.win32_1.0.200.202406191623/tools/bin/../lib/gcc/arm-none-eabi/12.3.1/../../../../arm-none-eabi/lib/thumb/v7e-m+fp/hard\libnosys.a
END GROUP
START GROUP
LOAD C:/ST/STM32CubeIDE_1.16.1/STM32CubeIDE/plugins/com.st.stm32cube.ide.mcu.externaltools.gnu-tools-for-stm32.12.3.rel1.win32_1.0.200.202406191623/tools/bin/../lib/gcc/arm-none-eabi/12.3.1/thumb/v7e-m+fp/hard\libgcc.a
LOAD C:/ST/STM32CubeIDE_1.16.1/STM32CubeIDE/plugins/com.st.stm32cube.ide.mcu.externaltools.gnu-tools-for-stm32.12.3.rel1.win32_1.0.200.202406191623/tools/bin/../lib/gcc/arm-none-eabi/12.3.1/../../../../arm-none-eabi/lib/thumb/v7e-m+fp/hard\libc_nano.a
LOAD C:/ST/STM32CubeIDE_1.16.1/STM32CubeIDE/plugins/com.st.stm32cube.ide.mcu.externaltools.gnu-tools-for-stm32.12.3.rel1.win32_1.0.200.202406191623/tools/bin/../lib/gcc/arm-none-eabi/12.3.1/../../../../arm-none-eabi/lib/thumb/v7e-m+fp/hard\libnosys.a
END GROUP
LOAD C:/ST/STM32CubeIDE_1.16.1/STM32CubeIDE/plugins/com.st.stm32cube.ide.mcu.externaltools.gnu-tools-for-stm32.12.3.rel1.win32_1.0.200.202406191623/tools/bin/../lib/gcc/arm-none-eabi/12.3.1/thumb/v7e-m+fp/hard/crtend.o
LOAD C:/ST/STM32CubeIDE_1.16.1/STM32CubeIDE/plugins/com.st.stm32cube.ide.mcu.externaltools.gnu-tools-for-stm32.12.3.rel1.win32_1.0.200.202406191623/tools/bin/../lib/gcc/arm-none-eabi/12.3.1/thumb/v7e-m+fp/hard/crtn.o
                0x20020000                        _estack = (ORIGIN (RAM) + LENGTH (RAM))
                0x00000200                        _Min_Heap_Size = 0x200
                0x00000400                        _Min_Stack_Size = 0x400

.isr_vector     0x08000000      0x188
                0x08000000                        . = ALIGN (0x4)
 *(.isr_vector)
 .isr_vector    0x08000000      0x188 ./Core/Startup/startup_stm32f407vetx.o
                0x08000000                g_pfnVectors
                0x08000188                        . = ALIGN (0x4)

.text           0x08000190     0x6304
                0x08000190                        . = ALIGN (0x4)
 *(.text)
 .text          0x08000190       0x40 C:/ST/STM32CubeIDE_1.16.1/STM32CubeIDE/plugins/com.st.stm32cube.ide.mcu.externaltools.gnu-tools-for-stm32.12.3.rel1.win32_1.0.200.202406191623/tools/bin/../lib/gcc/arm-none-eabi/12.3.1/thumb/v7e-m+fp/hard/crtbegin.o
 .text          0x080001d0       0x10 C:/ST/STM32CubeIDE_1.16.1/STM32CubeIDE/plugins/com.st.stm32cube.ide.mcu.externaltools.gnu-tools-for-stm32.12.3.rel1.win32_1.0.200.202406191623/tools/bin/../lib/gcc/arm-none-eabi/12.3.1/../../../../arm-none-eabi/lib/thumb/v7e-m+fp/hard\libc_nano.a(libc_a-strlen.o)
                0x080001d0                strlen
 .text          0x080001e0       0xa0 C:/ST/STM32CubeIDE_1.16.1/STM32CubeIDE/plugins/com.st.stm32cube.ide.mcu.externaltools.gnu-tools-for-stm32.12.3.rel1.win32_1.0.200.202406191623/tools/bin/../lib/gcc/arm-none-eabi/12.3.1/../../../../arm-none-eabi/lib/thumb/v7e-m+fp/hard\libc_nano.a(libc_a-memchr.o)
                0x080001e0                memchr
 .text          0x08000280      0x378 C:/ST/STM32CubeIDE_1.16.1/STM32CubeIDE/plugins/com.st.stm32cube.ide.mcu.externaltools.gnu-tools-for-stm32.12.3.rel1.win32_1.0.200.202406191623/tools/bin/../lib/gcc/arm-none-eabi/12.3.1/thumb/v7e-m+fp/hard\libgcc.a(_arm_addsubdf3.o)
                0x08000280                __aeabi_drsub
                0x08000288                __aeabi_dsub
                0x08000288                __subdf3
                0x0800028c                __aeabi_dadd
                0x0800028c                __adddf3
                0x08000504                __floatunsidf
                0x08000504                __aeabi_ui2d
                0x08000524                __floatsidf
                0x08000524                __aeabi_i2d
                0x08000548                __aeabi_f2d
                0x08000548                __extendsfdf2
                0x0800058c                __floatundidf
                0x0800058c                __aeabi_ul2d
                0x0800059c                __floatdidf
                0x0800059c                __aeabi_l2d
 .text          0x080005f8      0x424 C:/ST/STM32CubeIDE_1.16.1/STM32CubeIDE/plugins/com.st.stm32cube.ide.mcu.externaltools.gnu-tools-for-stm32.12.3.rel1.win32_1.0.200.202406191623/tools/bin/../lib/gcc/arm-none-eabi/12.3.1/thumb/v7e-m+fp/hard\libgcc.a(_arm_muldivdf3.o)
                0x080005f8                __aeabi_dmul
                0x080005f8                __muldf3
                0x0800084c                __divdf3
                0x0800084c                __aeabi_ddiv
 .text          0x08000a1c       0xa0 C:/ST/STM32CubeIDE_1.16.1/STM32CubeIDE/plugins/com.st.stm32cube.ide.mcu.externaltools.gnu-tools-for-stm32.12.3.rel1.win32_1.0.200.202406191623/tools/bin/../lib/gcc/arm-none-eabi/12.3.1/thumb/v7e-m+fp/hard\libgcc.a(_arm_truncdfsf2.o)
                0x08000a1c                __truncdfsf2
                0x08000a1c                __aeabi_d2f
 .text          0x08000abc       0x30 C:/ST/STM32CubeIDE_1.16.1/STM32CubeIDE/plugins/com.st.stm32cube.ide.mcu.externaltools.gnu-tools-for-stm32.12.3.rel1.win32_1.0.200.202406191623/tools/bin/../lib/gcc/arm-none-eabi/12.3.1/thumb/v7e-m+fp/hard\libgcc.a(_aeabi_uldivmod.o)
                0x08000abc                __aeabi_uldivmod
 .text          0x08000aec      0x2bc C:/ST/STM32CubeIDE_1.16.1/STM32CubeIDE/plugins/com.st.stm32cube.ide.mcu.externaltools.gnu-tools-for-stm32.12.3.rel1.win32_1.0.200.202406191623/tools/bin/../lib/gcc/arm-none-eabi/12.3.1/thumb/v7e-m+fp/hard\libgcc.a(_udivmoddi4.o)
                0x08000aec                __udivmoddi4
 .text          0x08000da8        0x4 C:/ST/STM32CubeIDE_1.16.1/STM32CubeIDE/plugins/com.st.stm32cube.ide.mcu.externaltools.gnu-tools-for-stm32.12.3.rel1.win32_1.0.200.202406191623/tools/bin/../lib/gcc/arm-none-eabi/12.3.1/thumb/v7e-m+fp/hard\libgcc.a(_dvmd_tls.o)
                0x08000da8                __aeabi_idiv0
                0x08000da8                __aeabi_ldiv0
 *(.text*)
 .text.setCalibrationMatrix
                0x08000dac      0x27c ./Core/Src/calibrate.o
                0x08000dac                setCalibrationMatrix
 .text.lcdInit  0x08001028      0x2e8 ./Core/Src/ili9341.o
                0x08001028                lcdInit
 .text.lcdFillRGB
                0x08001310       0x54 ./Core/Src/ili9341.o
                0x08001310                lcdFillRGB
 .text.lcdDrawPixel
                0x08001364       0x48 ./Core/Src/ili9341.o
                0x08001364                lcdDrawPixel
 .text.lcdDrawChar
                0x080013ac      0x154 ./Core/Src/ili9341.o
                0x080013ac                lcdDrawChar
 .text.lcdPrintf
                0x08001500      0x118 ./Core/Src/ili9341.o
                0x08001500                lcdPrintf
 .text.lcdSetTextFont
                0x08001618       0x20 ./Core/Src/ili9341.o
                0x08001618                lcdSetTextFont
 .text.lcdSetTextColor
                0x08001638       0x2c ./Core/Src/ili9341.o
                0x08001638                lcdSetTextColor
 .text.lcdSetOrientation
                0x08001664       0xd4 ./Core/Src/ili9341.o
                0x08001664                lcdSetOrientation
 .text.lcdSetCursor
                0x08001738       0x34 ./Core/Src/ili9341.o
                0x08001738                lcdSetCursor
 .text.lcdSetWindow
                0x0800176c       0x98 ./Core/Src/ili9341.o
                0x0800176c                lcdSetWindow
 .text.lcdReset
                0x08001804       0x14 ./Core/Src/ili9341.o
 .text.lcdWriteCommand
                0x08001818       0x20 ./Core/Src/ili9341.o
 .text.lcdWriteData
                0x08001838       0x20 ./Core/Src/ili9341.o
 .text.lcdBuildMemoryAccessControlConfig
                0x08001858       0x82 ./Core/Src/ili9341.o
 *fill*         0x080018da        0x2 
 .text.main     0x080018dc       0xa4 ./Core/Src/main.o
                0x080018dc                main
 .text.SystemClock_Config
                0x08001980       0xd4 ./Core/Src/main.o
                0x08001980                SystemClock_Config
 .text.MX_I2C1_Init
                0x08001a54       0x5c ./Core/Src/main.o
 .text.MX_SPI2_Init
                0x08001ab0       0x6c ./Core/Src/main.o
 .text.MX_TIM2_Init
                0x08001b1c       0x9c ./Core/Src/main.o
 .text.MX_USART1_UART_Init
                0x08001bb8       0x54 ./Core/Src/main.o
 .text.MX_GPIO_Init
                0x08001c0c      0x140 ./Core/Src/main.o
 .text.MX_FSMC_Init
                0x08001d4c       0xc0 ./Core/Src/main.o
 .text.HAL_GPIO_EXTI_Callback
                0x08001e0c       0x48 ./Core/Src/main.o
                0x08001e0c                HAL_GPIO_EXTI_Callback
 .text.Max30100
                0x08001e54       0x44 ./Core/Src/main.o
                0x08001e54                Max30100
 .text.Error_Handler
                0x08001e98        0xc ./Core/Src/main.o
                0x08001e98                Error_Handler
 .text.MAX30100_Init
                0x08001ea4       0x30 ./Core/Src/max30100_for_stm32_hal.o
                0x08001ea4                MAX30100_Init
 .text.MAX30100_ReadReg
                0x08001ed4       0x48 ./Core/Src/max30100_for_stm32_hal.o
                0x08001ed4                MAX30100_ReadReg
 .text.MAX30100_WriteReg
                0x08001f1c       0x3c ./Core/Src/max30100_for_stm32_hal.o
                0x08001f1c                MAX30100_WriteReg
 .text.MAX30100_EnableInterrupt
                0x08001f58       0x68 ./Core/Src/max30100_for_stm32_hal.o
                0x08001f58                MAX30100_EnableInterrupt
 .text.MAX30100_InterruptHandler
                0x08001fc0       0xb0 ./Core/Src/max30100_for_stm32_hal.o
                0x08001fc0                MAX30100_InterruptHandler
 .text.MAX30100_SetMode
                0x08002070       0x98 ./Core/Src/max30100_for_stm32_hal.o
                0x08002070                MAX30100_SetMode
 .text.MAX30100_SetSpO2SampleRate
                0x08002108       0x42 ./Core/Src/max30100_for_stm32_hal.o
                0x08002108                MAX30100_SetSpO2SampleRate
 .text.MAX30100_SetLEDPulseWidth
                0x0800214a       0x40 ./Core/Src/max30100_for_stm32_hal.o
                0x0800214a                MAX30100_SetLEDPulseWidth
 *fill*         0x0800218a        0x2 
 .text.MAX30100_SetLEDCurrent
                0x0800218c       0x44 ./Core/Src/max30100_for_stm32_hal.o
                0x0800218c                MAX30100_SetLEDCurrent
 .text.MAX30100_ClearFIFO
                0x080021d0       0x20 ./Core/Src/max30100_for_stm32_hal.o
                0x080021d0                MAX30100_ClearFIFO
 .text.MAX30100_ReadFIFO
                0x080021f0       0xf0 ./Core/Src/max30100_for_stm32_hal.o
                0x080021f0                MAX30100_ReadFIFO
 .text.MAX30100_ReadTemperature
                0x080022e0       0x68 ./Core/Src/max30100_for_stm32_hal.o
                0x080022e0                MAX30100_ReadTemperature
 .text.MAX30100_PlotIrToUART
                0x08002348       0x64 ./Core/Src/max30100_for_stm32_hal.o
                0x08002348                MAX30100_PlotIrToUART
 .text.MAX30100_PlotBothToUART
                0x080023ac       0x7c ./Core/Src/max30100_for_stm32_hal.o
                0x080023ac                MAX30100_PlotBothToUART
 .text.MAX30100_Stop
                0x08002428       0x24 ./Core/Src/max30100_for_stm32_hal.o
                0x08002428                MAX30100_Stop
 .text.HAL_MspInit
                0x0800244c       0x50 ./Core/Src/stm32f4xx_hal_msp.o
                0x0800244c                HAL_MspInit
 .text.HAL_I2C_MspInit
                0x0800249c       0x90 ./Core/Src/stm32f4xx_hal_msp.o
                0x0800249c                HAL_I2C_MspInit
 .text.HAL_SPI_MspInit
                0x0800252c       0x90 ./Core/Src/stm32f4xx_hal_msp.o
                0x0800252c                HAL_SPI_MspInit
 .text.HAL_TIM_Base_MspInit
                0x080025bc       0x40 ./Core/Src/stm32f4xx_hal_msp.o
                0x080025bc                HAL_TIM_Base_MspInit
 .text.HAL_UART_MspInit
                0x080025fc       0x90 ./Core/Src/stm32f4xx_hal_msp.o
                0x080025fc                HAL_UART_MspInit
 .text.HAL_FSMC_MspInit
                0x0800268c       0x98 ./Core/Src/stm32f4xx_hal_msp.o
 .text.HAL_SRAM_MspInit
                0x08002724       0x14 ./Core/Src/stm32f4xx_hal_msp.o
                0x08002724                HAL_SRAM_MspInit
 .text.NMI_Handler
                0x08002738        0xe ./Core/Src/stm32f4xx_it.o
                0x08002738                NMI_Handler
 .text.HardFault_Handler
                0x08002746        0x8 ./Core/Src/stm32f4xx_it.o
                0x08002746                HardFault_Handler
 .text.MemManage_Handler
                0x0800274e        0x8 ./Core/Src/stm32f4xx_it.o
                0x0800274e                MemManage_Handler
 .text.BusFault_Handler
                0x08002756        0x8 ./Core/Src/stm32f4xx_it.o
                0x08002756                BusFault_Handler
 .text.UsageFault_Handler
                0x0800275e        0x8 ./Core/Src/stm32f4xx_it.o
                0x0800275e                UsageFault_Handler
 .text.SVC_Handler
                0x08002766        0xe ./Core/Src/stm32f4xx_it.o
                0x08002766                SVC_Handler
 .text.DebugMon_Handler
                0x08002774        0xe ./Core/Src/stm32f4xx_it.o
                0x08002774                DebugMon_Handler
 .text.PendSV_Handler
                0x08002782        0xe ./Core/Src/stm32f4xx_it.o
                0x08002782                PendSV_Handler
 .text.SysTick_Handler
                0x08002790        0xc ./Core/Src/stm32f4xx_it.o
                0x08002790                SysTick_Handler
 .text.EXTI0_IRQHandler
                0x0800279c       0x12 ./Core/Src/stm32f4xx_it.o
                0x0800279c                EXTI0_IRQHandler
 *fill*         0x080027ae        0x2 
 .text._sbrk    0x080027b0       0x6c ./Core/Src/sysmem.o
                0x080027b0                _sbrk
 .text.SystemInit
                0x0800281c       0x24 ./Core/Src/system_stm32f4xx.o
                0x0800281c                SystemInit
 .text.TouchCalibrate
                0x08002840       0x5c ./Core/Src/touch.o
                0x08002840                TouchCalibrate
 .text.Reset_Handler
                0x0800289c       0x50 ./Core/Startup/startup_stm32f407vetx.o
                0x0800289c                Reset_Handler
 .text.Default_Handler
                0x080028ec        0x2 ./Core/Startup/startup_stm32f407vetx.o
                0x080028ec                RTC_Alarm_IRQHandler
                0x080028ec                HASH_RNG_IRQHandler
                0x080028ec                EXTI2_IRQHandler
                0x080028ec                TIM8_CC_IRQHandler
                0x080028ec                TIM1_CC_IRQHandler
                0x080028ec                DMA2_Stream5_IRQHandler
                0x080028ec                DMA1_Stream5_IRQHandler
                0x080028ec                PVD_IRQHandler
                0x080028ec                SDIO_IRQHandler
                0x080028ec                TAMP_STAMP_IRQHandler
                0x080028ec                CAN2_RX1_IRQHandler
                0x080028ec                EXTI3_IRQHandler
                0x080028ec                TIM8_TRG_COM_TIM14_IRQHandler
                0x080028ec                TIM1_UP_TIM10_IRQHandler
                0x080028ec                TIM8_UP_TIM13_IRQHandler
                0x080028ec                I2C3_ER_IRQHandler
                0x080028ec                I2C2_EV_IRQHandler
                0x080028ec                DMA1_Stream2_IRQHandler
                0x080028ec                CAN1_RX0_IRQHandler
                0x080028ec                FPU_IRQHandler
                0x080028ec                OTG_HS_WKUP_IRQHandler
                0x080028ec                CAN2_SCE_IRQHandler
                0x080028ec                DMA2_Stream2_IRQHandler
                0x080028ec                SPI1_IRQHandler
                0x080028ec                TIM6_DAC_IRQHandler
                0x080028ec                TIM1_BRK_TIM9_IRQHandler
                0x080028ec                DCMI_IRQHandler
                0x080028ec                CAN2_RX0_IRQHandler
                0x080028ec                DMA2_Stream3_IRQHandler
                0x080028ec                USART6_IRQHandler
                0x080028ec                USART3_IRQHandler
                0x080028ec                CAN1_RX1_IRQHandler
                0x080028ec                UART5_IRQHandler
                0x080028ec                DMA2_Stream0_IRQHandler
                0x080028ec                TIM4_IRQHandler
                0x080028ec                I2C1_EV_IRQHandler
                0x080028ec                DMA1_Stream6_IRQHandler
                0x080028ec                DMA1_Stream1_IRQHandler
                0x080028ec                UART4_IRQHandler
                0x080028ec                TIM3_IRQHandler
                0x080028ec                RCC_IRQHandler
                0x080028ec                TIM8_BRK_TIM12_IRQHandler
                0x080028ec                Default_Handler
                0x080028ec                EXTI15_10_IRQHandler
                0x080028ec                ADC_IRQHandler
                0x080028ec                DMA1_Stream7_IRQHandler
                0x080028ec                TIM7_IRQHandler
                0x080028ec                CAN2_TX_IRQHandler
                0x080028ec                TIM5_IRQHandler
                0x080028ec                DMA2_Stream7_IRQHandler
                0x080028ec                I2C3_EV_IRQHandler
                0x080028ec                EXTI9_5_IRQHandler
                0x080028ec                RTC_WKUP_IRQHandler
                0x080028ec                ETH_WKUP_IRQHandler
                0x080028ec                SPI2_IRQHandler
                0x080028ec                OTG_HS_EP1_IN_IRQHandler
                0x080028ec                DMA1_Stream0_IRQHandler
                0x080028ec                CAN1_TX_IRQHandler
                0x080028ec                EXTI4_IRQHandler
                0x080028ec                FSMC_IRQHandler
                0x080028ec                ETH_IRQHandler
                0x080028ec                OTG_HS_EP1_OUT_IRQHandler
                0x080028ec                WWDG_IRQHandler
                0x080028ec                TIM2_IRQHandler
                0x080028ec                OTG_FS_WKUP_IRQHandler
                0x080028ec                TIM1_TRG_COM_TIM11_IRQHandler
                0x080028ec                OTG_HS_IRQHandler
                0x080028ec                EXTI1_IRQHandler
                0x080028ec                USART2_IRQHandler
                0x080028ec                I2C2_ER_IRQHandler
                0x080028ec                DMA2_Stream1_IRQHandler
                0x080028ec                CAN1_SCE_IRQHandler
                0x080028ec                FLASH_IRQHandler
                0x080028ec                DMA2_Stream4_IRQHandler
                0x080028ec                USART1_IRQHandler
                0x080028ec                OTG_FS_IRQHandler
                0x080028ec                SPI3_IRQHandler
                0x080028ec                DMA1_Stream4_IRQHandler
                0x080028ec                I2C1_ER_IRQHandler
                0x080028ec                DMA2_Stream6_IRQHandler
                0x080028ec                DMA1_Stream3_IRQHandler
 *fill*         0x080028ee        0x2 
 .text.HAL_Init
                0x080028f0       0x44 ./Drivers/STM32F4xx_HAL_Driver/Src/stm32f4xx_hal.o
                0x080028f0                HAL_Init
 .text.HAL_InitTick
                0x08002934       0x60 ./Drivers/STM32F4xx_HAL_Driver/Src/stm32f4xx_hal.o
                0x08002934                HAL_InitTick
 .text.HAL_IncTick
                0x08002994       0x28 ./Drivers/STM32F4xx_HAL_Driver/Src/stm32f4xx_hal.o
                0x08002994                HAL_IncTick
 .text.HAL_GetTick
                0x080029bc       0x18 ./Drivers/STM32F4xx_HAL_Driver/Src/stm32f4xx_hal.o
                0x080029bc                HAL_GetTick
 .text.HAL_Delay
                0x080029d4       0x48 ./Drivers/STM32F4xx_HAL_Driver/Src/stm32f4xx_hal.o
                0x080029d4                HAL_Delay
 .text.__NVIC_SetPriorityGrouping
                0x08002a1c       0x48 ./Drivers/STM32F4xx_HAL_Driver/Src/stm32f4xx_hal_cortex.o
 .text.__NVIC_GetPriorityGrouping
                0x08002a64       0x1c ./Drivers/STM32F4xx_HAL_Driver/Src/stm32f4xx_hal_cortex.o
 .text.__NVIC_EnableIRQ
                0x08002a80       0x3c ./Drivers/STM32F4xx_HAL_Driver/Src/stm32f4xx_hal_cortex.o
 .text.__NVIC_SetPriority
                0x08002abc       0x54 ./Drivers/STM32F4xx_HAL_Driver/Src/stm32f4xx_hal_cortex.o
 .text.NVIC_EncodePriority
                0x08002b10       0x66 ./Drivers/STM32F4xx_HAL_Driver/Src/stm32f4xx_hal_cortex.o
 *fill*         0x08002b76        0x2 
 .text.SysTick_Config
                0x08002b78       0x44 ./Drivers/STM32F4xx_HAL_Driver/Src/stm32f4xx_hal_cortex.o
 .text.HAL_NVIC_SetPriorityGrouping
                0x08002bbc       0x16 ./Drivers/STM32F4xx_HAL_Driver/Src/stm32f4xx_hal_cortex.o
                0x08002bbc                HAL_NVIC_SetPriorityGrouping
 .text.HAL_NVIC_SetPriority
                0x08002bd2       0x38 ./Drivers/STM32F4xx_HAL_Driver/Src/stm32f4xx_hal_cortex.o
                0x08002bd2                HAL_NVIC_SetPriority
 .text.HAL_NVIC_EnableIRQ
                0x08002c0a       0x1c ./Drivers/STM32F4xx_HAL_Driver/Src/stm32f4xx_hal_cortex.o
                0x08002c0a                HAL_NVIC_EnableIRQ
 .text.HAL_SYSTICK_Config
                0x08002c26       0x18 ./Drivers/STM32F4xx_HAL_Driver/Src/stm32f4xx_hal_cortex.o
                0x08002c26                HAL_SYSTICK_Config
 *fill*         0x08002c3e        0x2 
 .text.HAL_GPIO_Init
                0x08002c40      0x338 ./Drivers/STM32F4xx_HAL_Driver/Src/stm32f4xx_hal_gpio.o
                0x08002c40                HAL_GPIO_Init
 .text.HAL_GPIO_WritePin
                0x08002f78       0x32 ./Drivers/STM32F4xx_HAL_Driver/Src/stm32f4xx_hal_gpio.o
                0x08002f78                HAL_GPIO_WritePin
 *fill*         0x08002faa        0x2 
 .text.HAL_GPIO_EXTI_IRQHandler
                0x08002fac       0x30 ./Drivers/STM32F4xx_HAL_Driver/Src/stm32f4xx_hal_gpio.o
                0x08002fac                HAL_GPIO_EXTI_IRQHandler
 .text.HAL_I2C_Init
                0x08002fdc      0x288 ./Drivers/STM32F4xx_HAL_Driver/Src/stm32f4xx_hal_i2c.o
                0x08002fdc                HAL_I2C_Init
 .text.HAL_I2C_Master_Transmit
                0x08003264      0x1fc ./Drivers/STM32F4xx_HAL_Driver/Src/stm32f4xx_hal_i2c.o
                0x08003264                HAL_I2C_Master_Transmit
 .text.HAL_I2C_Master_Receive
                0x08003460      0x464 ./Drivers/STM32F4xx_HAL_Driver/Src/stm32f4xx_hal_i2c.o
                0x08003460                HAL_I2C_Master_Receive
 .text.I2C_MasterRequestWrite
                0x080038c4      0x104 ./Drivers/STM32F4xx_HAL_Driver/Src/stm32f4xx_hal_i2c.o
 .text.I2C_MasterRequestRead
                0x080039c8      0x19c ./Drivers/STM32F4xx_HAL_Driver/Src/stm32f4xx_hal_i2c.o
 .text.I2C_WaitOnFlagUntilTimeout
                0x08003b64       0xf4 ./Drivers/STM32F4xx_HAL_Driver/Src/stm32f4xx_hal_i2c.o
 .text.I2C_WaitOnMasterAddressFlagUntilTimeout
                0x08003c58      0x140 ./Drivers/STM32F4xx_HAL_Driver/Src/stm32f4xx_hal_i2c.o
 .text.I2C_WaitOnTXEFlagUntilTimeout
                0x08003d98       0x90 ./Drivers/STM32F4xx_HAL_Driver/Src/stm32f4xx_hal_i2c.o
 .text.I2C_WaitOnBTFFlagUntilTimeout
                0x08003e28       0x90 ./Drivers/STM32F4xx_HAL_Driver/Src/stm32f4xx_hal_i2c.o
 .text.I2C_WaitOnRXNEFlagUntilTimeout
                0x08003eb8       0xba ./Drivers/STM32F4xx_HAL_Driver/Src/stm32f4xx_hal_i2c.o
 .text.I2C_IsAcknowledgeFailed
                0x08003f72       0x5e ./Drivers/STM32F4xx_HAL_Driver/Src/stm32f4xx_hal_i2c.o
 .text.HAL_RCC_OscConfig
                0x08003fd0      0x4f0 ./Drivers/STM32F4xx_HAL_Driver/Src/stm32f4xx_hal_rcc.o
                0x08003fd0                HAL_RCC_OscConfig
 .text.HAL_RCC_ClockConfig
                0x080044c0      0x1cc ./Drivers/STM32F4xx_HAL_Driver/Src/stm32f4xx_hal_rcc.o
                0x080044c0                HAL_RCC_ClockConfig
 .text.HAL_RCC_GetSysClockFreq
                0x0800468c      0x20c ./Drivers/STM32F4xx_HAL_Driver/Src/stm32f4xx_hal_rcc.o
                0x0800468c                HAL_RCC_GetSysClockFreq
 .text.HAL_RCC_GetHCLKFreq
                0x08004898       0x18 ./Drivers/STM32F4xx_HAL_Driver/Src/stm32f4xx_hal_rcc.o
                0x08004898                HAL_RCC_GetHCLKFreq
 .text.HAL_RCC_GetPCLK1Freq
                0x080048b0       0x28 ./Drivers/STM32F4xx_HAL_Driver/Src/stm32f4xx_hal_rcc.o
                0x080048b0                HAL_RCC_GetPCLK1Freq
 .text.HAL_RCC_GetPCLK2Freq
                0x080048d8       0x28 ./Drivers/STM32F4xx_HAL_Driver/Src/stm32f4xx_hal_rcc.o
                0x080048d8                HAL_RCC_GetPCLK2Freq
 .text.HAL_SPI_Init
                0x08004900      0x112 ./Drivers/STM32F4xx_HAL_Driver/Src/stm32f4xx_hal_spi.o
                0x08004900                HAL_SPI_Init
 .text.HAL_SRAM_Init
                0x08004a12       0x90 ./Drivers/STM32F4xx_HAL_Driver/Src/stm32f4xx_hal_sram.o
                0x08004a12                HAL_SRAM_Init
 .text.HAL_TIM_Base_Init
                0x08004aa2       0x9e ./Drivers/STM32F4xx_HAL_Driver/Src/stm32f4xx_hal_tim.o
                0x08004aa2                HAL_TIM_Base_Init
 .text.HAL_TIM_Base_Start_IT
                0x08004b40       0xe0 ./Drivers/STM32F4xx_HAL_Driver/Src/stm32f4xx_hal_tim.o
                0x08004b40                HAL_TIM_Base_Start_IT
 .text.HAL_TIM_ConfigClockSource
                0x08004c20      0x18e ./Drivers/STM32F4xx_HAL_Driver/Src/stm32f4xx_hal_tim.o
                0x08004c20                HAL_TIM_ConfigClockSource
 *fill*         0x08004dae        0x2 
 .text.TIM_Base_SetConfig
                0x08004db0      0x158 ./Drivers/STM32F4xx_HAL_Driver/Src/stm32f4xx_hal_tim.o
                0x08004db0                TIM_Base_SetConfig
 .text.TIM_TI1_ConfigInputStage
                0x08004f08       0x5e ./Drivers/STM32F4xx_HAL_Driver/Src/stm32f4xx_hal_tim.o
 .text.TIM_TI2_ConfigInputStage
                0x08004f66       0x60 ./Drivers/STM32F4xx_HAL_Driver/Src/stm32f4xx_hal_tim.o
 .text.TIM_ITRx_SetConfig
                0x08004fc6       0x36 ./Drivers/STM32F4xx_HAL_Driver/Src/stm32f4xx_hal_tim.o
 .text.TIM_ETR_SetConfig
                0x08004ffc       0x40 ./Drivers/STM32F4xx_HAL_Driver/Src/stm32f4xx_hal_tim.o
                0x08004ffc                TIM_ETR_SetConfig
 .text.HAL_TIMEx_MasterConfigSynchronization
                0x0800503c       0xf8 ./Drivers/STM32F4xx_HAL_Driver/Src/stm32f4xx_hal_tim_ex.o
                0x0800503c                HAL_TIMEx_MasterConfigSynchronization
 .text.HAL_UART_Init
                0x08005134       0xa0 ./Drivers/STM32F4xx_HAL_Driver/Src/stm32f4xx_hal_uart.o
                0x08005134                HAL_UART_Init
 .text.HAL_UART_Transmit
                0x080051d4      0x116 ./Drivers/STM32F4xx_HAL_Driver/Src/stm32f4xx_hal_uart.o
                0x080051d4                HAL_UART_Transmit
 .text.UART_WaitOnFlagUntilTimeout
                0x080052ea       0xb2 ./Drivers/STM32F4xx_HAL_Driver/Src/stm32f4xx_hal_uart.o
 .text.UART_EndRxTransfer
                0x0800539c       0xc6 ./Drivers/STM32F4xx_HAL_Driver/Src/stm32f4xx_hal_uart.o
 *fill*         0x08005462        0x2 
 .text.UART_SetConfig
                0x08005464      0x4e8 ./Drivers/STM32F4xx_HAL_Driver/Src/stm32f4xx_hal_uart.o
 .text.FSMC_NORSRAM_Init
                0x0800594c       0xd4 ./Drivers/STM32F4xx_HAL_Driver/Src/stm32f4xx_ll_fsmc.o
                0x0800594c                FSMC_NORSRAM_Init
 .text.FSMC_NORSRAM_Timing_Init
                0x08005a20       0x6a ./Drivers/STM32F4xx_HAL_Driver/Src/stm32f4xx_ll_fsmc.o
                0x08005a20                FSMC_NORSRAM_Timing_Init
 *fill*         0x08005a8a        0x2 
 .text.FSMC_NORSRAM_Extended_Timing_Init
                0x08005a8c       0x70 ./Drivers/STM32F4xx_HAL_Driver/Src/stm32f4xx_ll_fsmc.o
                0x08005a8c                FSMC_NORSRAM_Extended_Timing_Init
 .text.sbrk_aligned
                0x08005afc       0x44 C:/ST/STM32CubeIDE_1.16.1/STM32CubeIDE/plugins/com.st.stm32cube.ide.mcu.externaltools.gnu-tools-for-stm32.12.3.rel1.win32_1.0.200.202406191623/tools/bin/../lib/gcc/arm-none-eabi/12.3.1/../../../../arm-none-eabi/lib/thumb/v7e-m+fp/hard\libc_nano.a(libc_a-mallocr.o)
 .text._malloc_r
                0x08005b40      0x100 C:/ST/STM32CubeIDE_1.16.1/STM32CubeIDE/plugins/com.st.stm32cube.ide.mcu.externaltools.gnu-tools-for-stm32.12.3.rel1.win32_1.0.200.202406191623/tools/bin/../lib/gcc/arm-none-eabi/12.3.1/../../../../arm-none-eabi/lib/thumb/v7e-m+fp/hard\libc_nano.a(libc_a-mallocr.o)
                0x08005b40                _malloc_r
 .text.__malloc_lock
                0x08005c40        0xc C:/ST/STM32CubeIDE_1.16.1/STM32CubeIDE/plugins/com.st.stm32cube.ide.mcu.externaltools.gnu-tools-for-stm32.12.3.rel1.win32_1.0.200.202406191623/tools/bin/../lib/gcc/arm-none-eabi/12.3.1/../../../../arm-none-eabi/lib/thumb/v7e-m+fp/hard\libc_nano.a(libc_a-mlock.o)
                0x08005c40                __malloc_lock
 .text.__malloc_unlock
                0x08005c4c        0xc C:/ST/STM32CubeIDE_1.16.1/STM32CubeIDE/plugins/com.st.stm32cube.ide.mcu.externaltools.gnu-tools-for-stm32.12.3.rel1.win32_1.0.200.202406191623/tools/bin/../lib/gcc/arm-none-eabi/12.3.1/../../../../arm-none-eabi/lib/thumb/v7e-m+fp/hard\libc_nano.a(libc_a-mlock.o)
                0x08005c4c                __malloc_unlock
 .text._realloc_r
                0x08005c58       0x5c C:/ST/STM32CubeIDE_1.16.1/STM32CubeIDE/plugins/com.st.stm32cube.ide.mcu.externaltools.gnu-tools-for-stm32.12.3.rel1.win32_1.0.200.202406191623/tools/bin/../lib/gcc/arm-none-eabi/12.3.1/../../../../arm-none-eabi/lib/thumb/v7e-m+fp/hard\libc_nano.a(libc_a-reallocr.o)
                0x08005c58                _realloc_r
 .text.sprintf  0x08005cb4       0x40 C:/ST/STM32CubeIDE_1.16.1/STM32CubeIDE/plugins/com.st.stm32cube.ide.mcu.externaltools.gnu-tools-for-stm32.12.3.rel1.win32_1.0.200.202406191623/tools/bin/../lib/gcc/arm-none-eabi/12.3.1/../../../../arm-none-eabi/lib/thumb/v7e-m+fp/hard\libc_nano.a(libc_a-sprintf.o)
                0x08005cb4                siprintf
                0x08005cb4                sprintf
 .text._vsprintf_r
                0x08005cf4       0x2c C:/ST/STM32CubeIDE_1.16.1/STM32CubeIDE/plugins/com.st.stm32cube.ide.mcu.externaltools.gnu-tools-for-stm32.12.3.rel1.win32_1.0.200.202406191623/tools/bin/../lib/gcc/arm-none-eabi/12.3.1/../../../../arm-none-eabi/lib/thumb/v7e-m+fp/hard\libc_nano.a(libc_a-vsprintf.o)
                0x08005cf4                _vsprintf_r
                0x08005cf4                _vsiprintf_r
 .text.vsprintf
                0x08005d20       0x14 C:/ST/STM32CubeIDE_1.16.1/STM32CubeIDE/plugins/com.st.stm32cube.ide.mcu.externaltools.gnu-tools-for-stm32.12.3.rel1.win32_1.0.200.202406191623/tools/bin/../lib/gcc/arm-none-eabi/12.3.1/../../../../arm-none-eabi/lib/thumb/v7e-m+fp/hard\libc_nano.a(libc_a-vsprintf.o)
                0x08005d20                vsiprintf
                0x08005d20                vsprintf
 .text.memset   0x08005d34       0x10 C:/ST/STM32CubeIDE_1.16.1/STM32CubeIDE/plugins/com.st.stm32cube.ide.mcu.externaltools.gnu-tools-for-stm32.12.3.rel1.win32_1.0.200.202406191623/tools/bin/../lib/gcc/arm-none-eabi/12.3.1/../../../../arm-none-eabi/lib/thumb/v7e-m+fp/hard\libc_nano.a(libc_a-memset.o)
                0x08005d34                memset
 .text._sbrk_r  0x08005d44       0x20 C:/ST/STM32CubeIDE_1.16.1/STM32CubeIDE/plugins/com.st.stm32cube.ide.mcu.externaltools.gnu-tools-for-stm32.12.3.rel1.win32_1.0.200.202406191623/tools/bin/../lib/gcc/arm-none-eabi/12.3.1/../../../../arm-none-eabi/lib/thumb/v7e-m+fp/hard\libc_nano.a(libc_a-sbrkr.o)
                0x08005d44                _sbrk_r
 .text.__errno  0x08005d64        0xc C:/ST/STM32CubeIDE_1.16.1/STM32CubeIDE/plugins/com.st.stm32cube.ide.mcu.externaltools.gnu-tools-for-stm32.12.3.rel1.win32_1.0.200.202406191623/tools/bin/../lib/gcc/arm-none-eabi/12.3.1/../../../../arm-none-eabi/lib/thumb/v7e-m+fp/hard\libc_nano.a(libc_a-errno.o)
                0x08005d64                __errno
 .text.__libc_init_array
                0x08005d70       0x48 C:/ST/STM32CubeIDE_1.16.1/STM32CubeIDE/plugins/com.st.stm32cube.ide.mcu.externaltools.gnu-tools-for-stm32.12.3.rel1.win32_1.0.200.202406191623/tools/bin/../lib/gcc/arm-none-eabi/12.3.1/../../../../arm-none-eabi/lib/thumb/v7e-m+fp/hard\libc_nano.a(libc_a-init.o)
                0x08005d70                __libc_init_array
 .text.__retarget_lock_acquire_recursive
                0x08005db8        0x2 C:/ST/STM32CubeIDE_1.16.1/STM32CubeIDE/plugins/com.st.stm32cube.ide.mcu.externaltools.gnu-tools-for-stm32.12.3.rel1.win32_1.0.200.202406191623/tools/bin/../lib/gcc/arm-none-eabi/12.3.1/../../../../arm-none-eabi/lib/thumb/v7e-m+fp/hard\libc_nano.a(libc_a-lock.o)
                0x08005db8                __retarget_lock_acquire_recursive
 .text.__retarget_lock_release_recursive
                0x08005dba        0x2 C:/ST/STM32CubeIDE_1.16.1/STM32CubeIDE/plugins/com.st.stm32cube.ide.mcu.externaltools.gnu-tools-for-stm32.12.3.rel1.win32_1.0.200.202406191623/tools/bin/../lib/gcc/arm-none-eabi/12.3.1/../../../../arm-none-eabi/lib/thumb/v7e-m+fp/hard\libc_nano.a(libc_a-lock.o)
                0x08005dba                __retarget_lock_release_recursive
 .text.memcpy   0x08005dbc       0x1c C:/ST/STM32CubeIDE_1.16.1/STM32CubeIDE/plugins/com.st.stm32cube.ide.mcu.externaltools.gnu-tools-for-stm32.12.3.rel1.win32_1.0.200.202406191623/tools/bin/../lib/gcc/arm-none-eabi/12.3.1/../../../../arm-none-eabi/lib/thumb/v7e-m+fp/hard\libc_nano.a(libc_a-memcpy-stub.o)
                0x08005dbc                memcpy
 .text._free_r  0x08005dd8       0x94 C:/ST/STM32CubeIDE_1.16.1/STM32CubeIDE/plugins/com.st.stm32cube.ide.mcu.externaltools.gnu-tools-for-stm32.12.3.rel1.win32_1.0.200.202406191623/tools/bin/../lib/gcc/arm-none-eabi/12.3.1/../../../../arm-none-eabi/lib/thumb/v7e-m+fp/hard\libc_nano.a(libc_a-freer.o)
                0x08005dd8                _free_r
 .text._malloc_usable_size_r
                0x08005e6c       0x10 C:/ST/STM32CubeIDE_1.16.1/STM32CubeIDE/plugins/com.st.stm32cube.ide.mcu.externaltools.gnu-tools-for-stm32.12.3.rel1.win32_1.0.200.202406191623/tools/bin/../lib/gcc/arm-none-eabi/12.3.1/../../../../arm-none-eabi/lib/thumb/v7e-m+fp/hard\libc_nano.a(libc_a-msizer.o)
                0x08005e6c                _malloc_usable_size_r
 .text.__ssputs_r
                0x08005e7c       0xb6 C:/ST/STM32CubeIDE_1.16.1/STM32CubeIDE/plugins/com.st.stm32cube.ide.mcu.externaltools.gnu-tools-for-stm32.12.3.rel1.win32_1.0.200.202406191623/tools/bin/../lib/gcc/arm-none-eabi/12.3.1/../../../../arm-none-eabi/lib/thumb/v7e-m+fp/hard\libc_nano.a(libc_a-nano-svfprintf.o)
                0x08005e7c                __ssputs_r
 *fill*         0x08005f32        0x2 
 .text._svfprintf_r
                0x08005f34      0x1f8 C:/ST/STM32CubeIDE_1.16.1/STM32CubeIDE/plugins/com.st.stm32cube.ide.mcu.externaltools.gnu-tools-for-stm32.12.3.rel1.win32_1.0.200.202406191623/tools/bin/../lib/gcc/arm-none-eabi/12.3.1/../../../../arm-none-eabi/lib/thumb/v7e-m+fp/hard\libc_nano.a(libc_a-nano-svfprintf.o)
                0x08005f34                _svfiprintf_r
                0x08005f34                _svfprintf_r
 .text._printf_common
                0x0800612c       0xda C:/ST/STM32CubeIDE_1.16.1/STM32CubeIDE/plugins/com.st.stm32cube.ide.mcu.externaltools.gnu-tools-for-stm32.12.3.rel1.win32_1.0.200.202406191623/tools/bin/../lib/gcc/arm-none-eabi/12.3.1/../../../../arm-none-eabi/lib/thumb/v7e-m+fp/hard\libc_nano.a(libc_a-nano-vfprintf_i.o)
                0x0800612c                _printf_common
 *fill*         0x08006206        0x2 
 .text._printf_i
                0x08006208      0x240 C:/ST/STM32CubeIDE_1.16.1/STM32CubeIDE/plugins/com.st.stm32cube.ide.mcu.externaltools.gnu-tools-for-stm32.12.3.rel1.win32_1.0.200.202406191623/tools/bin/../lib/gcc/arm-none-eabi/12.3.1/../../../../arm-none-eabi/lib/thumb/v7e-m+fp/hard\libc_nano.a(libc_a-nano-vfprintf_i.o)
                0x08006208                _printf_i
 .text.memmove  0x08006448       0x34 C:/ST/STM32CubeIDE_1.16.1/STM32CubeIDE/plugins/com.st.stm32cube.ide.mcu.externaltools.gnu-tools-for-stm32.12.3.rel1.win32_1.0.200.202406191623/tools/bin/../lib/gcc/arm-none-eabi/12.3.1/../../../../arm-none-eabi/lib/thumb/v7e-m+fp/hard\libc_nano.a(libc_a-memmove.o)
                0x08006448                memmove
 *(.glue_7)
 .glue_7        0x0800647c        0x0 linker stubs
 *(.glue_7t)
 .glue_7t       0x0800647c        0x0 linker stubs
 *(.eh_frame)
 .eh_frame      0x0800647c        0x0 C:/ST/STM32CubeIDE_1.16.1/STM32CubeIDE/plugins/com.st.stm32cube.ide.mcu.externaltools.gnu-tools-for-stm32.12.3.rel1.win32_1.0.200.202406191623/tools/bin/../lib/gcc/arm-none-eabi/12.3.1/thumb/v7e-m+fp/hard/crtbegin.o
 *(.init)
 .init          0x0800647c        0x4 C:/ST/STM32CubeIDE_1.16.1/STM32CubeIDE/plugins/com.st.stm32cube.ide.mcu.externaltools.gnu-tools-for-stm32.12.3.rel1.win32_1.0.200.202406191623/tools/bin/../lib/gcc/arm-none-eabi/12.3.1/thumb/v7e-m+fp/hard/crti.o
                0x0800647c                _init
 .init          0x08006480        0x8 C:/ST/STM32CubeIDE_1.16.1/STM32CubeIDE/plugins/com.st.stm32cube.ide.mcu.externaltools.gnu-tools-for-stm32.12.3.rel1.win32_1.0.200.202406191623/tools/bin/../lib/gcc/arm-none-eabi/12.3.1/thumb/v7e-m+fp/hard/crtn.o
 *(.fini)
 .fini          0x08006488        0x4 C:/ST/STM32CubeIDE_1.16.1/STM32CubeIDE/plugins/com.st.stm32cube.ide.mcu.externaltools.gnu-tools-for-stm32.12.3.rel1.win32_1.0.200.202406191623/tools/bin/../lib/gcc/arm-none-eabi/12.3.1/thumb/v7e-m+fp/hard/crti.o
                0x08006488                _fini
 .fini          0x0800648c        0x8 C:/ST/STM32CubeIDE_1.16.1/STM32CubeIDE/plugins/com.st.stm32cube.ide.mcu.externaltools.gnu-tools-for-stm32.12.3.rel1.win32_1.0.200.202406191623/tools/bin/../lib/gcc/arm-none-eabi/12.3.1/thumb/v7e-m+fp/hard/crtn.o
                0x08006494                        . = ALIGN (0x4)
                0x08006494                        _etext = .

.vfp11_veneer   0x08006494        0x0
 .vfp11_veneer  0x08006494        0x0 linker stubs

.v4_bx          0x08006494        0x0
 .v4_bx         0x08006494        0x0 linker stubs

.iplt           0x08006494        0x0
 .iplt          0x08006494        0x0 C:/ST/STM32CubeIDE_1.16.1/STM32CubeIDE/plugins/com.st.stm32cube.ide.mcu.externaltools.gnu-tools-for-stm32.12.3.rel1.win32_1.0.200.202406191623/tools/bin/../lib/gcc/arm-none-eabi/12.3.1/thumb/v7e-m+fp/hard/crtbegin.o

.rodata         0x08006494     0x132c
                0x08006494                        . = ALIGN (0x4)
 *(.rodata)
 .rodata        0x08006494      0x24f ./Core/Src/main.o
 *fill*         0x080066e3        0x1 
 .rodata        0x080066e4       0x22 ./Core/Src/max30100_for_stm32_hal.o
 *fill*         0x08006706        0x2 
 .rodata        0x08006708       0x18 ./Core/Src/touch.o
 *(.rodata*)
 .rodata.Font12_Table
                0x08006720      0x474 ./Core/Src/font12.o
                0x08006720                Font12_Table
 .rodata.Font16_Table
                0x08006b94      0xbe0 ./Core/Src/font16.o
                0x08006b94                Font16_Table
 .rodata.AHBPrescTable
                0x08007774       0x10 ./Core/Src/system_stm32f4xx.o
                0x08007774                AHBPrescTable
 .rodata.APBPrescTable
                0x08007784        0x8 ./Core/Src/system_stm32f4xx.o
                0x08007784                APBPrescTable
 .rodata._svfprintf_r.str1.1
                0x0800778c       0x11 C:/ST/STM32CubeIDE_1.16.1/STM32CubeIDE/plugins/com.st.stm32cube.ide.mcu.externaltools.gnu-tools-for-stm32.12.3.rel1.win32_1.0.200.202406191623/tools/bin/../lib/gcc/arm-none-eabi/12.3.1/../../../../arm-none-eabi/lib/thumb/v7e-m+fp/hard\libc_nano.a(libc_a-nano-svfprintf.o)
 .rodata._printf_i.str1.1
                0x0800779d       0x22 C:/ST/STM32CubeIDE_1.16.1/STM32CubeIDE/plugins/com.st.stm32cube.ide.mcu.externaltools.gnu-tools-for-stm32.12.3.rel1.win32_1.0.200.202406191623/tools/bin/../lib/gcc/arm-none-eabi/12.3.1/../../../../arm-none-eabi/lib/thumb/v7e-m+fp/hard\libc_nano.a(libc_a-nano-vfprintf_i.o)
                0x080077c0                        . = ALIGN (0x4)
 *fill*         0x080077bf        0x1 

.ARM.extab      0x080077c0        0x0
                0x080077c0                        . = ALIGN (0x4)
 *(.ARM.extab* .gnu.linkonce.armextab.*)
                0x080077c0                        . = ALIGN (0x4)

.ARM            0x080077c0        0x8
                0x080077c0                        . = ALIGN (0x4)
                0x080077c0                        __exidx_start = .
 *(.ARM.exidx*)
 .ARM.exidx     0x080077c0        0x8 C:/ST/STM32CubeIDE_1.16.1/STM32CubeIDE/plugins/com.st.stm32cube.ide.mcu.externaltools.gnu-tools-for-stm32.12.3.rel1.win32_1.0.200.202406191623/tools/bin/../lib/gcc/arm-none-eabi/12.3.1/../../../../arm-none-eabi/lib/thumb/v7e-m+fp/hard\libc_nano.a(libc_a-strlen.o)
 .ARM.exidx     0x080077c8        0x0 C:/ST/STM32CubeIDE_1.16.1/STM32CubeIDE/plugins/com.st.stm32cube.ide.mcu.externaltools.gnu-tools-for-stm32.12.3.rel1.win32_1.0.200.202406191623/tools/bin/../lib/gcc/arm-none-eabi/12.3.1/../../../../arm-none-eabi/lib/thumb/v7e-m+fp/hard\libc_nano.a(libc_a-memchr.o)
                                  0x8 (size before relaxing)
 .ARM.exidx     0x080077c8        0x0 C:/ST/STM32CubeIDE_1.16.1/STM32CubeIDE/plugins/com.st.stm32cube.ide.mcu.externaltools.gnu-tools-for-stm32.12.3.rel1.win32_1.0.200.202406191623/tools/bin/../lib/gcc/arm-none-eabi/12.3.1/thumb/v7e-m+fp/hard\libgcc.a(_udivmoddi4.o)
                                  0x8 (size before relaxing)
                0x080077c8                        __exidx_end = .
                0x080077c8                        . = ALIGN (0x4)

.preinit_array  0x080077c8        0x0
                0x080077c8                        . = ALIGN (0x4)
                0x080077c8                        PROVIDE (__preinit_array_start = .)
 *(.preinit_array*)
                0x080077c8                        PROVIDE (__preinit_array_end = .)
                0x080077c8                        . = ALIGN (0x4)

.init_array     0x080077c8        0x4
                0x080077c8                        . = ALIGN (0x4)
                0x080077c8                        PROVIDE (__init_array_start = .)
 *(SORT_BY_NAME(.init_array.*))
 *(.init_array*)
 .init_array    0x080077c8        0x4 C:/ST/STM32CubeIDE_1.16.1/STM32CubeIDE/plugins/com.st.stm32cube.ide.mcu.externaltools.gnu-tools-for-stm32.12.3.rel1.win32_1.0.200.202406191623/tools/bin/../lib/gcc/arm-none-eabi/12.3.1/thumb/v7e-m+fp/hard/crtbegin.o
                0x080077cc                        PROVIDE (__init_array_end = .)
                0x080077cc                        . = ALIGN (0x4)

.fini_array     0x080077cc        0x4
                0x080077cc                        . = ALIGN (0x4)
                [!provide]                        PROVIDE (__fini_array_start = .)
 *(SORT_BY_NAME(.fini_array.*))
 *(.fini_array*)
 .fini_array    0x080077cc        0x4 C:/ST/STM32CubeIDE_1.16.1/STM32CubeIDE/plugins/com.st.stm32cube.ide.mcu.externaltools.gnu-tools-for-stm32.12.3.rel1.win32_1.0.200.202406191623/tools/bin/../lib/gcc/arm-none-eabi/12.3.1/thumb/v7e-m+fp/hard/crtbegin.o
                [!provide]                        PROVIDE (__fini_array_end = .)
                0x080077d0                        . = ALIGN (0x4)
                0x080077d0                        _sidata = LOADADDR (.data)

.rel.dyn        0x080077d0        0x0
 .rel.iplt      0x080077d0        0x0 C:/ST/STM32CubeIDE_1.16.1/STM32CubeIDE/plugins/com.st.stm32cube.ide.mcu.externaltools.gnu-tools-for-stm32.12.3.rel1.win32_1.0.200.202406191623/tools/bin/../lib/gcc/arm-none-eabi/12.3.1/thumb/v7e-m+fp/hard/crtbegin.o

.data           0x20000000       0x84 load address 0x080077d0
                0x20000000                        . = ALIGN (0x4)
                0x20000000                        _sdata = .
 *(.data)
 *(.data*)
 .data.Font12   0x20000000        0x8 ./Core/Src/font12.o
                0x20000000                Font12
 .data.Font16   0x20000008        0x8 ./Core/Src/font16.o
                0x20000008                Font16
 .data.lcdProperties
                0x20000010        0x8 ./Core/Src/ili9341.o
 .data.lcdFont  0x20000018       0x10 ./Core/Src/ili9341.o
 .data.SystemCoreClock
                0x20000028        0x4 ./Core/Src/system_stm32f4xx.o
                0x20000028                SystemCoreClock
 .data.uwTickPrio
                0x2000002c        0x4 ./Drivers/STM32F4xx_HAL_Driver/Src/stm32f4xx_hal.o
                0x2000002c                uwTickPrio
 .data.uwTickFreq
                0x20000030        0x1 ./Drivers/STM32F4xx_HAL_Driver/Src/stm32f4xx_hal.o
                0x20000030                uwTickFreq
 *fill*         0x20000031        0x3 
 .data._impure_ptr
                0x20000034        0x4 C:/ST/STM32CubeIDE_1.16.1/STM32CubeIDE/plugins/com.st.stm32cube.ide.mcu.externaltools.gnu-tools-for-stm32.12.3.rel1.win32_1.0.200.202406191623/tools/bin/../lib/gcc/arm-none-eabi/12.3.1/../../../../arm-none-eabi/lib/thumb/v7e-m+fp/hard\libc_nano.a(libc_a-impure.o)
                0x20000034                _impure_ptr
 .data._impure_data
                0x20000038       0x4c C:/ST/STM32CubeIDE_1.16.1/STM32CubeIDE/plugins/com.st.stm32cube.ide.mcu.externaltools.gnu-tools-for-stm32.12.3.rel1.win32_1.0.200.202406191623/tools/bin/../lib/gcc/arm-none-eabi/12.3.1/../../../../arm-none-eabi/lib/thumb/v7e-m+fp/hard\libc_nano.a(libc_a-impure.o)
                0x20000038                _impure_data
 *(.RamFunc)
 *(.RamFunc*)
                0x20000084                        . = ALIGN (0x4)
                0x20000084                        _edata = .
                0x08007854                        _siccmram = LOADADDR (.ccmram)

.igot.plt       0x20000084        0x0 load address 0x08007854
 .igot.plt      0x20000084        0x0 C:/ST/STM32CubeIDE_1.16.1/STM32CubeIDE/plugins/com.st.stm32cube.ide.mcu.externaltools.gnu-tools-for-stm32.12.3.rel1.win32_1.0.200.202406191623/tools/bin/../lib/gcc/arm-none-eabi/12.3.1/thumb/v7e-m+fp/hard/crtbegin.o

.ccmram         0x10000000        0x0 load address 0x08007854
                0x10000000                        . = ALIGN (0x4)
                0x10000000                        _sccmram = .
 *(.ccmram)
 *(.ccmram*)
                0x10000000                        . = ALIGN (0x4)
                0x10000000                        _eccmram = .
                0x10000000                        . = ALIGN (0x4)

.bss            0x20000084      0x478
                0x20000084                        _sbss = .
                0x20000084                        __bss_start__ = _sbss
 *(.bss)
 .bss           0x20000084       0x1c C:/ST/STM32CubeIDE_1.16.1/STM32CubeIDE/plugins/com.st.stm32cube.ide.mcu.externaltools.gnu-tools-for-stm32.12.3.rel1.win32_1.0.200.202406191623/tools/bin/../lib/gcc/arm-none-eabi/12.3.1/thumb/v7e-m+fp/hard/crtbegin.o
 *(.bss*)
 .bss.cursorXY  0x200000a0        0x4 ./Core/Src/ili9341.o
 .bss.lcdPortraitConfig
                0x200000a4        0x1 ./Core/Src/ili9341.o
 .bss.lcdLandscapeConfig
                0x200000a5        0x1 ./Core/Src/ili9341.o
 .bss.lcdPortraitMirrorConfig
                0x200000a6        0x1 ./Core/Src/ili9341.o
 .bss.lcdLandscapeMirrorConfig
                0x200000a7        0x1 ./Core/Src/ili9341.o
 .bss.buf.0     0x200000a8      0x100 ./Core/Src/ili9341.o
 .bss.hi2c1     0x200001a8       0x54 ./Core/Src/main.o
                0x200001a8                hi2c1
 .bss.hspi2     0x200001fc       0x58 ./Core/Src/main.o
                0x200001fc                hspi2
 .bss.htim2     0x20000254       0x48 ./Core/Src/main.o
                0x20000254                htim2
 .bss.huart1    0x2000029c       0x48 ./Core/Src/main.o
                0x2000029c                huart1
 .bss.hsram1    0x200002e4       0x50 ./Core/Src/main.o
                0x200002e4                hsram1
 .bss.i         0x20000334        0x4 ./Core/Src/main.o
                0x20000334                i
 .bss._max30100_ui2c
                0x20000338        0x4 ./Core/Src/max30100_for_stm32_hal.o
                0x20000338                _max30100_ui2c
 .bss._max30100_uuart
                0x2000033c        0x4 ./Core/Src/max30100_for_stm32_hal.o
                0x2000033c                _max30100_uuart
 .bss._max30100_mode
                0x20000340        0x1 ./Core/Src/max30100_for_stm32_hal.o
                0x20000340                _max30100_mode
 *fill*         0x20000341        0x3 
 .bss._max30100_ir_sample
                0x20000344       0x20 ./Core/Src/max30100_for_stm32_hal.o
                0x20000344                _max30100_ir_sample
 .bss._max30100_red_sample
                0x20000364       0x20 ./Core/Src/max30100_for_stm32_hal.o
                0x20000364                _max30100_red_sample
 .bss._max30100_ir_current
                0x20000384        0x1 ./Core/Src/max30100_for_stm32_hal.o
                0x20000384                _max30100_ir_current
 .bss._max30100_red_current
                0x20000385        0x1 ./Core/Src/max30100_for_stm32_hal.o
                0x20000385                _max30100_red_current
 *fill*         0x20000386        0x2 
 .bss._max30100_temp
                0x20000388        0x4 ./Core/Src/max30100_for_stm32_hal.o
                0x20000388                _max30100_temp
 .bss.FSMC_Initialized
                0x2000038c        0x4 ./Core/Src/stm32f4xx_hal_msp.o
 .bss.__sbrk_heap_end
                0x20000390        0x4 ./Core/Src/sysmem.o
 .bss.matrix    0x20000394       0x1c ./Core/Src/touch.o
 .bss.uwTick    0x200003b0        0x4 ./Drivers/STM32F4xx_HAL_Driver/Src/stm32f4xx_hal.o
                0x200003b0                uwTick
 .bss.__malloc_sbrk_start
                0x200003b4        0x4 C:/ST/STM32CubeIDE_1.16.1/STM32CubeIDE/plugins/com.st.stm32cube.ide.mcu.externaltools.gnu-tools-for-stm32.12.3.rel1.win32_1.0.200.202406191623/tools/bin/../lib/gcc/arm-none-eabi/12.3.1/../../../../arm-none-eabi/lib/thumb/v7e-m+fp/hard\libc_nano.a(libc_a-mallocr.o)
                0x200003b4                __malloc_sbrk_start
 .bss.__malloc_free_list
                0x200003b8        0x4 C:/ST/STM32CubeIDE_1.16.1/STM32CubeIDE/plugins/com.st.stm32cube.ide.mcu.externaltools.gnu-tools-for-stm32.12.3.rel1.win32_1.0.200.202406191623/tools/bin/../lib/gcc/arm-none-eabi/12.3.1/../../../../arm-none-eabi/lib/thumb/v7e-m+fp/hard\libc_nano.a(libc_a-mallocr.o)
                0x200003b8                __malloc_free_list
 .bss.__sf      0x200003bc      0x138 C:/ST/STM32CubeIDE_1.16.1/STM32CubeIDE/plugins/com.st.stm32cube.ide.mcu.externaltools.gnu-tools-for-stm32.12.3.rel1.win32_1.0.200.202406191623/tools/bin/../lib/gcc/arm-none-eabi/12.3.1/../../../../arm-none-eabi/lib/thumb/v7e-m+fp/hard\libc_nano.a(libc_a-findfp.o)
                0x200003bc                __sf
 .bss.errno     0x200004f4        0x4 C:/ST/STM32CubeIDE_1.16.1/STM32CubeIDE/plugins/com.st.stm32cube.ide.mcu.externaltools.gnu-tools-for-stm32.12.3.rel1.win32_1.0.200.202406191623/tools/bin/../lib/gcc/arm-none-eabi/12.3.1/../../../../arm-none-eabi/lib/thumb/v7e-m+fp/hard\libc_nano.a(libc_a-reent.o)
                0x200004f4                errno
 .bss.__lock___malloc_recursive_mutex
                0x200004f8        0x1 C:/ST/STM32CubeIDE_1.16.1/STM32CubeIDE/plugins/com.st.stm32cube.ide.mcu.externaltools.gnu-tools-for-stm32.12.3.rel1.win32_1.0.200.202406191623/tools/bin/../lib/gcc/arm-none-eabi/12.3.1/../../../../arm-none-eabi/lib/thumb/v7e-m+fp/hard\libc_nano.a(libc_a-lock.o)
                0x200004f8                __lock___malloc_recursive_mutex
 *(COMMON)
                0x200004fc                        . = ALIGN (0x4)
 *fill*         0x200004f9        0x3 
                0x200004fc                        _ebss = .
                0x200004fc                        __bss_end__ = _ebss

._user_heap_stack
                0x200004fc      0x604
                0x20000500                        . = ALIGN (0x8)
 *fill*         0x200004fc        0x4 
                [!provide]                        PROVIDE (end = .)
                0x20000500                        PROVIDE (_end = .)
                0x20000700                        . = (. + _Min_Heap_Size)
 *fill*         0x20000500      0x200 
                0x20000b00                        . = (. + _Min_Stack_Size)
 *fill*         0x20000700      0x400 
                0x20000b00                        . = ALIGN (0x8)

/DISCARD/
 libc.a(*)
 libm.a(*)
 libgcc.a(*)

.ARM.attributes
                0x00000000       0x30
 *(.ARM.attributes)
 .ARM.attributes
                0x00000000       0x22 C:/ST/STM32CubeIDE_1.16.1/STM32CubeIDE/plugins/com.st.stm32cube.ide.mcu.externaltools.gnu-tools-for-stm32.12.3.rel1.win32_1.0.200.202406191623/tools/bin/../lib/gcc/arm-none-eabi/12.3.1/thumb/v7e-m+fp/hard/crti.o
 .ARM.attributes
                0x00000022       0x34 C:/ST/STM32CubeIDE_1.16.1/STM32CubeIDE/plugins/com.st.stm32cube.ide.mcu.externaltools.gnu-tools-for-stm32.12.3.rel1.win32_1.0.200.202406191623/tools/bin/../lib/gcc/arm-none-eabi/12.3.1/thumb/v7e-m+fp/hard/crtbegin.o
 .ARM.attributes
                0x00000056       0x34 ./Core/Src/calibrate.o
 .ARM.attributes
                0x0000008a       0x34 ./Core/Src/font12.o
 .ARM.attributes
                0x000000be       0x34 ./Core/Src/font16.o
 .ARM.attributes
                0x000000f2       0x34 ./Core/Src/ili9341.o
 .ARM.attributes
                0x00000126       0x34 ./Core/Src/main.o
 .ARM.attributes
                0x0000015a       0x34 ./Core/Src/max30100_for_stm32_hal.o
 .ARM.attributes
                0x0000018e       0x34 ./Core/Src/stm32f4xx_hal_msp.o
 .ARM.attributes
                0x000001c2       0x34 ./Core/Src/stm32f4xx_it.o
 .ARM.attributes
                0x000001f6       0x34 ./Core/Src/sysmem.o
 .ARM.attributes
                0x0000022a       0x34 ./Core/Src/system_stm32f4xx.o
 .ARM.attributes
                0x0000025e       0x34 ./Core/Src/touch.o
 .ARM.attributes
                0x00000292       0x21 ./Core/Startup/startup_stm32f407vetx.o
 .ARM.attributes
                0x000002b3       0x34 ./Drivers/STM32F4xx_HAL_Driver/Src/stm32f4xx_hal.o
 .ARM.attributes
                0x000002e7       0x34 ./Drivers/STM32F4xx_HAL_Driver/Src/stm32f4xx_hal_cortex.o
 .ARM.attributes
                0x0000031b       0x34 ./Drivers/STM32F4xx_HAL_Driver/Src/stm32f4xx_hal_gpio.o
 .ARM.attributes
                0x0000034f       0x34 ./Drivers/STM32F4xx_HAL_Driver/Src/stm32f4xx_hal_i2c.o
 .ARM.attributes
                0x00000383       0x34 ./Drivers/STM32F4xx_HAL_Driver/Src/stm32f4xx_hal_rcc.o
 .ARM.attributes
                0x000003b7       0x34 ./Drivers/STM32F4xx_HAL_Driver/Src/stm32f4xx_hal_spi.o
 .ARM.attributes
                0x000003eb       0x34 ./Drivers/STM32F4xx_HAL_Driver/Src/stm32f4xx_hal_sram.o
 .ARM.attributes
                0x0000041f       0x34 ./Drivers/STM32F4xx_HAL_Driver/Src/stm32f4xx_hal_tim.o
 .ARM.attributes
                0x00000453       0x34 ./Drivers/STM32F4xx_HAL_Driver/Src/stm32f4xx_hal_tim_ex.o
 .ARM.attributes
                0x00000487       0x34 ./Drivers/STM32F4xx_HAL_Driver/Src/stm32f4xx_hal_uart.o
 .ARM.attributes
                0x000004bb       0x34 ./Drivers/STM32F4xx_HAL_Driver/Src/stm32f4xx_ll_fsmc.o
 .ARM.attributes
                0x000004ef       0x34 C:/ST/STM32CubeIDE_1.16.1/STM32CubeIDE/plugins/com.st.stm32cube.ide.mcu.externaltools.gnu-tools-for-stm32.12.3.rel1.win32_1.0.200.202406191623/tools/bin/../lib/gcc/arm-none-eabi/12.3.1/../../../../arm-none-eabi/lib/thumb/v7e-m+fp/hard\libc_nano.a(libc_a-mallocr.o)
 .ARM.attributes
                0x00000523       0x34 C:/ST/STM32CubeIDE_1.16.1/STM32CubeIDE/plugins/com.st.stm32cube.ide.mcu.externaltools.gnu-tools-for-stm32.12.3.rel1.win32_1.0.200.202406191623/tools/bin/../lib/gcc/arm-none-eabi/12.3.1/../../../../arm-none-eabi/lib/thumb/v7e-m+fp/hard\libc_nano.a(libc_a-mlock.o)
 .ARM.attributes
                0x00000557       0x34 C:/ST/STM32CubeIDE_1.16.1/STM32CubeIDE/plugins/com.st.stm32cube.ide.mcu.externaltools.gnu-tools-for-stm32.12.3.rel1.win32_1.0.200.202406191623/tools/bin/../lib/gcc/arm-none-eabi/12.3.1/../../../../arm-none-eabi/lib/thumb/v7e-m+fp/hard\libc_nano.a(libc_a-reallocr.o)
 .ARM.attributes
                0x0000058b       0x34 C:/ST/STM32CubeIDE_1.16.1/STM32CubeIDE/plugins/com.st.stm32cube.ide.mcu.externaltools.gnu-tools-for-stm32.12.3.rel1.win32_1.0.200.202406191623/tools/bin/../lib/gcc/arm-none-eabi/12.3.1/../../../../arm-none-eabi/lib/thumb/v7e-m+fp/hard\libc_nano.a(libc_a-findfp.o)
 .ARM.attributes
                0x000005bf       0x34 C:/ST/STM32CubeIDE_1.16.1/STM32CubeIDE/plugins/com.st.stm32cube.ide.mcu.externaltools.gnu-tools-for-stm32.12.3.rel1.win32_1.0.200.202406191623/tools/bin/../lib/gcc/arm-none-eabi/12.3.1/../../../../arm-none-eabi/lib/thumb/v7e-m+fp/hard\libc_nano.a(libc_a-sprintf.o)
 .ARM.attributes
                0x000005f3       0x34 C:/ST/STM32CubeIDE_1.16.1/STM32CubeIDE/plugins/com.st.stm32cube.ide.mcu.externaltools.gnu-tools-for-stm32.12.3.rel1.win32_1.0.200.202406191623/tools/bin/../lib/gcc/arm-none-eabi/12.3.1/../../../../arm-none-eabi/lib/thumb/v7e-m+fp/hard\libc_nano.a(libc_a-vsprintf.o)
 .ARM.attributes
                0x00000627       0x34 C:/ST/STM32CubeIDE_1.16.1/STM32CubeIDE/plugins/com.st.stm32cube.ide.mcu.externaltools.gnu-tools-for-stm32.12.3.rel1.win32_1.0.200.202406191623/tools/bin/../lib/gcc/arm-none-eabi/12.3.1/../../../../arm-none-eabi/lib/thumb/v7e-m+fp/hard\libc_nano.a(libc_a-memset.o)
 .ARM.attributes
                0x0000065b       0x34 C:/ST/STM32CubeIDE_1.16.1/STM32CubeIDE/plugins/com.st.stm32cube.ide.mcu.externaltools.gnu-tools-for-stm32.12.3.rel1.win32_1.0.200.202406191623/tools/bin/../lib/gcc/arm-none-eabi/12.3.1/../../../../arm-none-eabi/lib/thumb/v7e-m+fp/hard\libc_nano.a(libc_a-reent.o)
 .ARM.attributes
                0x0000068f       0x34 C:/ST/STM32CubeIDE_1.16.1/STM32CubeIDE/plugins/com.st.stm32cube.ide.mcu.externaltools.gnu-tools-for-stm32.12.3.rel1.win32_1.0.200.202406191623/tools/bin/../lib/gcc/arm-none-eabi/12.3.1/../../../../arm-none-eabi/lib/thumb/v7e-m+fp/hard\libc_nano.a(libc_a-impure.o)
 .ARM.attributes
                0x000006c3       0x34 C:/ST/STM32CubeIDE_1.16.1/STM32CubeIDE/plugins/com.st.stm32cube.ide.mcu.externaltools.gnu-tools-for-stm32.12.3.rel1.win32_1.0.200.202406191623/tools/bin/../lib/gcc/arm-none-eabi/12.3.1/../../../../arm-none-eabi/lib/thumb/v7e-m+fp/hard\libc_nano.a(libc_a-sbrkr.o)
 .ARM.attributes
                0x000006f7       0x34 C:/ST/STM32CubeIDE_1.16.1/STM32CubeIDE/plugins/com.st.stm32cube.ide.mcu.externaltools.gnu-tools-for-stm32.12.3.rel1.win32_1.0.200.202406191623/tools/bin/../lib/gcc/arm-none-eabi/12.3.1/../../../../arm-none-eabi/lib/thumb/v7e-m+fp/hard\libc_nano.a(libc_a-errno.o)
 .ARM.attributes
                0x0000072b       0x34 C:/ST/STM32CubeIDE_1.16.1/STM32CubeIDE/plugins/com.st.stm32cube.ide.mcu.externaltools.gnu-tools-for-stm32.12.3.rel1.win32_1.0.200.202406191623/tools/bin/../lib/gcc/arm-none-eabi/12.3.1/../../../../arm-none-eabi/lib/thumb/v7e-m+fp/hard\libc_nano.a(libc_a-init.o)
 .ARM.attributes
                0x0000075f       0x34 C:/ST/STM32CubeIDE_1.16.1/STM32CubeIDE/plugins/com.st.stm32cube.ide.mcu.externaltools.gnu-tools-for-stm32.12.3.rel1.win32_1.0.200.202406191623/tools/bin/../lib/gcc/arm-none-eabi/12.3.1/../../../../arm-none-eabi/lib/thumb/v7e-m+fp/hard\libc_nano.a(libc_a-lock.o)
 .ARM.attributes
                0x00000793       0x34 C:/ST/STM32CubeIDE_1.16.1/STM32CubeIDE/plugins/com.st.stm32cube.ide.mcu.externaltools.gnu-tools-for-stm32.12.3.rel1.win32_1.0.200.202406191623/tools/bin/../lib/gcc/arm-none-eabi/12.3.1/../../../../arm-none-eabi/lib/thumb/v7e-m+fp/hard\libc_nano.a(libc_a-memcpy-stub.o)
 .ARM.attributes
                0x000007c7       0x17 C:/ST/STM32CubeIDE_1.16.1/STM32CubeIDE/plugins/com.st.stm32cube.ide.mcu.externaltools.gnu-tools-for-stm32.12.3.rel1.win32_1.0.200.202406191623/tools/bin/../lib/gcc/arm-none-eabi/12.3.1/../../../../arm-none-eabi/lib/thumb/v7e-m+fp/hard\libc_nano.a(libc_a-strlen.o)
 .ARM.attributes
                0x000007de       0x34 C:/ST/STM32CubeIDE_1.16.1/STM32CubeIDE/plugins/com.st.stm32cube.ide.mcu.externaltools.gnu-tools-for-stm32.12.3.rel1.win32_1.0.200.202406191623/tools/bin/../lib/gcc/arm-none-eabi/12.3.1/../../../../arm-none-eabi/lib/thumb/v7e-m+fp/hard\libc_nano.a(libc_a-freer.o)
 .ARM.attributes
                0x00000812       0x34 C:/ST/STM32CubeIDE_1.16.1/STM32CubeIDE/plugins/com.st.stm32cube.ide.mcu.externaltools.gnu-tools-for-stm32.12.3.rel1.win32_1.0.200.202406191623/tools/bin/../lib/gcc/arm-none-eabi/12.3.1/../../../../arm-none-eabi/lib/thumb/v7e-m+fp/hard\libc_nano.a(libc_a-msizer.o)
 .ARM.attributes
                0x00000846       0x34 C:/ST/STM32CubeIDE_1.16.1/STM32CubeIDE/plugins/com.st.stm32cube.ide.mcu.externaltools.gnu-tools-for-stm32.12.3.rel1.win32_1.0.200.202406191623/tools/bin/../lib/gcc/arm-none-eabi/12.3.1/../../../../arm-none-eabi/lib/thumb/v7e-m+fp/hard\libc_nano.a(libc_a-nano-svfprintf.o)
 .ARM.attributes
                0x0000087a       0x34 C:/ST/STM32CubeIDE_1.16.1/STM32CubeIDE/plugins/com.st.stm32cube.ide.mcu.externaltools.gnu-tools-for-stm32.12.3.rel1.win32_1.0.200.202406191623/tools/bin/../lib/gcc/arm-none-eabi/12.3.1/../../../../arm-none-eabi/lib/thumb/v7e-m+fp/hard\libc_nano.a(libc_a-nano-vfprintf_i.o)
 .ARM.attributes
                0x000008ae       0x34 C:/ST/STM32CubeIDE_1.16.1/STM32CubeIDE/plugins/com.st.stm32cube.ide.mcu.externaltools.gnu-tools-for-stm32.12.3.rel1.win32_1.0.200.202406191623/tools/bin/../lib/gcc/arm-none-eabi/12.3.1/../../../../arm-none-eabi/lib/thumb/v7e-m+fp/hard\libc_nano.a(libc_a-memmove.o)
 .ARM.attributes
                0x000008e2       0x1c C:/ST/STM32CubeIDE_1.16.1/STM32CubeIDE/plugins/com.st.stm32cube.ide.mcu.externaltools.gnu-tools-for-stm32.12.3.rel1.win32_1.0.200.202406191623/tools/bin/../lib/gcc/arm-none-eabi/12.3.1/../../../../arm-none-eabi/lib/thumb/v7e-m+fp/hard\libc_nano.a(libc_a-memchr.o)
 .ARM.attributes
                0x000008fe       0x22 C:/ST/STM32CubeIDE_1.16.1/STM32CubeIDE/plugins/com.st.stm32cube.ide.mcu.externaltools.gnu-tools-for-stm32.12.3.rel1.win32_1.0.200.202406191623/tools/bin/../lib/gcc/arm-none-eabi/12.3.1/thumb/v7e-m+fp/hard\libgcc.a(_arm_addsubdf3.o)
 .ARM.attributes
                0x00000920       0x22 C:/ST/STM32CubeIDE_1.16.1/STM32CubeIDE/plugins/com.st.stm32cube.ide.mcu.externaltools.gnu-tools-for-stm32.12.3.rel1.win32_1.0.200.202406191623/tools/bin/../lib/gcc/arm-none-eabi/12.3.1/thumb/v7e-m+fp/hard\libgcc.a(_arm_muldivdf3.o)
 .ARM.attributes
                0x00000942       0x22 C:/ST/STM32CubeIDE_1.16.1/STM32CubeIDE/plugins/com.st.stm32cube.ide.mcu.externaltools.gnu-tools-for-stm32.12.3.rel1.win32_1.0.200.202406191623/tools/bin/../lib/gcc/arm-none-eabi/12.3.1/thumb/v7e-m+fp/hard\libgcc.a(_arm_truncdfsf2.o)
 .ARM.attributes
                0x00000964       0x22 C:/ST/STM32CubeIDE_1.16.1/STM32CubeIDE/plugins/com.st.stm32cube.ide.mcu.externaltools.gnu-tools-for-stm32.12.3.rel1.win32_1.0.200.202406191623/tools/bin/../lib/gcc/arm-none-eabi/12.3.1/thumb/v7e-m+fp/hard\libgcc.a(_aeabi_uldivmod.o)
 .ARM.attributes
                0x00000986       0x34 C:/ST/STM32CubeIDE_1.16.1/STM32CubeIDE/plugins/com.st.stm32cube.ide.mcu.externaltools.gnu-tools-for-stm32.12.3.rel1.win32_1.0.200.202406191623/tools/bin/../lib/gcc/arm-none-eabi/12.3.1/thumb/v7e-m+fp/hard\libgcc.a(_udivmoddi4.o)
 .ARM.attributes
                0x000009ba       0x22 C:/ST/STM32CubeIDE_1.16.1/STM32CubeIDE/plugins/com.st.stm32cube.ide.mcu.externaltools.gnu-tools-for-stm32.12.3.rel1.win32_1.0.200.202406191623/tools/bin/../lib/gcc/arm-none-eabi/12.3.1/thumb/v7e-m+fp/hard\libgcc.a(_dvmd_tls.o)
 .ARM.attributes
                0x000009dc       0x22 C:/ST/STM32CubeIDE_1.16.1/STM32CubeIDE/plugins/com.st.stm32cube.ide.mcu.externaltools.gnu-tools-for-stm32.12.3.rel1.win32_1.0.200.202406191623/tools/bin/../lib/gcc/arm-none-eabi/12.3.1/thumb/v7e-m+fp/hard/crtn.o
OUTPUT(ProjectFinal2.elf elf32-littlearm)
LOAD linker stubs
LOAD C:/ST/STM32CubeIDE_1.16.1/STM32CubeIDE/plugins/com.st.stm32cube.ide.mcu.externaltools.gnu-tools-for-stm32.12.3.rel1.win32_1.0.200.202406191623/tools/bin/../lib/gcc/arm-none-eabi/12.3.1/../../../../arm-none-eabi/lib/thumb/v7e-m+fp/hard\libc.a
LOAD C:/ST/STM32CubeIDE_1.16.1/STM32CubeIDE/plugins/com.st.stm32cube.ide.mcu.externaltools.gnu-tools-for-stm32.12.3.rel1.win32_1.0.200.202406191623/tools/bin/../lib/gcc/arm-none-eabi/12.3.1/../../../../arm-none-eabi/lib/thumb/v7e-m+fp/hard\libm.a
LOAD C:/ST/STM32CubeIDE_1.16.1/STM32CubeIDE/plugins/com.st.stm32cube.ide.mcu.externaltools.gnu-tools-for-stm32.12.3.rel1.win32_1.0.200.202406191623/tools/bin/../lib/gcc/arm-none-eabi/12.3.1/thumb/v7e-m+fp/hard\libgcc.a

.debug_info     0x00000000    0x15b22
 .debug_info    0x00000000      0x174 ./Core/Src/calibrate.o
 .debug_info    0x00000174      0x125 ./Core/Src/font12.o
 .debug_info    0x00000299      0x125 ./Core/Src/font16.o
 .debug_info    0x000003be     0x13d3 ./Core/Src/ili9341.o
 .debug_info    0x00001791     0x284c ./Core/Src/main.o
 .debug_info    0x00003fdd      0xfc0 ./Core/Src/max30100_for_stm32_hal.o
 .debug_info    0x00004f9d     0x159a ./Core/Src/stm32f4xx_hal_msp.o
 .debug_info    0x00006537      0x160 ./Core/Src/stm32f4xx_it.o
 .debug_info    0x00006697      0x168 ./Core/Src/sysmem.o
 .debug_info    0x000067ff      0x512 ./Core/Src/system_stm32f4xx.o
 .debug_info    0x00006d11      0x9db ./Core/Src/touch.o
 .debug_info    0x000076ec       0x30 ./Core/Startup/startup_stm32f407vetx.o
 .debug_info    0x0000771c      0x944 ./Drivers/STM32F4xx_HAL_Driver/Src/stm32f4xx_hal.o
 .debug_info    0x00008060      0xd8c ./Drivers/STM32F4xx_HAL_Driver/Src/stm32f4xx_hal_cortex.o
 .debug_info    0x00008dec      0x6c3 ./Drivers/STM32F4xx_HAL_Driver/Src/stm32f4xx_hal_gpio.o
 .debug_info    0x000094af     0x2415 ./Drivers/STM32F4xx_HAL_Driver/Src/stm32f4xx_hal_i2c.o
 .debug_info    0x0000b8c4      0x8af ./Drivers/STM32F4xx_HAL_Driver/Src/stm32f4xx_hal_rcc.o
 .debug_info    0x0000c173     0x1525 ./Drivers/STM32F4xx_HAL_Driver/Src/stm32f4xx_hal_spi.o
 .debug_info    0x0000d698      0xd39 ./Drivers/STM32F4xx_HAL_Driver/Src/stm32f4xx_hal_sram.o
 .debug_info    0x0000e3d1     0x299d ./Drivers/STM32F4xx_HAL_Driver/Src/stm32f4xx_hal_tim.o
 .debug_info    0x00010d6e     0x14db ./Drivers/STM32F4xx_HAL_Driver/Src/stm32f4xx_hal_tim_ex.o
 .debug_info    0x00012249     0x2f4f ./Drivers/STM32F4xx_HAL_Driver/Src/stm32f4xx_hal_uart.o
 .debug_info    0x00015198      0x98a ./Drivers/STM32F4xx_HAL_Driver/Src/stm32f4xx_ll_fsmc.o

.debug_abbrev   0x00000000     0x2da3
 .debug_abbrev  0x00000000       0xd9 ./Core/Src/calibrate.o
 .debug_abbrev  0x000000d9       0xb1 ./Core/Src/font12.o
 .debug_abbrev  0x0000018a       0xb1 ./Core/Src/font16.o
 .debug_abbrev  0x0000023b      0x398 ./Core/Src/ili9341.o
 .debug_abbrev  0x000005d3      0x3a6 ./Core/Src/main.o
 .debug_abbrev  0x00000979      0x276 ./Core/Src/max30100_for_stm32_hal.o
 .debug_abbrev  0x00000bef      0x24e ./Core/Src/stm32f4xx_hal_msp.o
 .debug_abbrev  0x00000e3d       0xa0 ./Core/Src/stm32f4xx_it.o
 .debug_abbrev  0x00000edd       0xbc ./Core/Src/sysmem.o
 .debug_abbrev  0x00000f99      0x11a ./Core/Src/system_stm32f4xx.o
 .debug_abbrev  0x000010b3      0x231 ./Core/Src/touch.o
 .debug_abbrev  0x000012e4       0x24 ./Core/Startup/startup_stm32f407vetx.o
 .debug_abbrev  0x00001308      0x214 ./Drivers/STM32F4xx_HAL_Driver/Src/stm32f4xx_hal.o
 .debug_abbrev  0x0000151c      0x31d ./Drivers/STM32F4xx_HAL_Driver/Src/stm32f4xx_hal_cortex.o
 .debug_abbrev  0x00001839      0x1d4 ./Drivers/STM32F4xx_HAL_Driver/Src/stm32f4xx_hal_gpio.o
 .debug_abbrev  0x00001a0d      0x2ad ./Drivers/STM32F4xx_HAL_Driver/Src/stm32f4xx_hal_i2c.o
 .debug_abbrev  0x00001cba      0x2b7 ./Drivers/STM32F4xx_HAL_Driver/Src/stm32f4xx_hal_rcc.o
 .debug_abbrev  0x00001f71      0x27a ./Drivers/STM32F4xx_HAL_Driver/Src/stm32f4xx_hal_spi.o
 .debug_abbrev  0x000021eb      0x20c ./Drivers/STM32F4xx_HAL_Driver/Src/stm32f4xx_hal_sram.o
 .debug_abbrev  0x000023f7      0x278 ./Drivers/STM32F4xx_HAL_Driver/Src/stm32f4xx_hal_tim.o
 .debug_abbrev  0x0000266f      0x283 ./Drivers/STM32F4xx_HAL_Driver/Src/stm32f4xx_hal_tim_ex.o
 .debug_abbrev  0x000028f2      0x30e ./Drivers/STM32F4xx_HAL_Driver/Src/stm32f4xx_hal_uart.o
 .debug_abbrev  0x00002c00      0x1a3 ./Drivers/STM32F4xx_HAL_Driver/Src/stm32f4xx_ll_fsmc.o

.debug_aranges  0x00000000     0x1508
 .debug_aranges
                0x00000000       0x28 ./Core/Src/calibrate.o
 .debug_aranges
                0x00000028       0x18 ./Core/Src/font12.o
 .debug_aranges
                0x00000040       0x18 ./Core/Src/font16.o
 .debug_aranges
                0x00000058      0x1a0 ./Core/Src/ili9341.o
 .debug_aranges
                0x000001f8       0xb8 ./Core/Src/main.o
 .debug_aranges
                0x000002b0       0xa8 ./Core/Src/max30100_for_stm32_hal.o
 .debug_aranges
                0x00000358       0x80 ./Core/Src/stm32f4xx_hal_msp.o
 .debug_aranges
                0x000003d8       0x68 ./Core/Src/stm32f4xx_it.o
 .debug_aranges
                0x00000440       0x20 ./Core/Src/sysmem.o
 .debug_aranges
                0x00000460       0x28 ./Core/Src/system_stm32f4xx.o
 .debug_aranges
                0x00000488       0x40 ./Core/Src/touch.o
 .debug_aranges
                0x000004c8       0x28 ./Core/Startup/startup_stm32f407vetx.o
 .debug_aranges
                0x000004f0       0xf0 ./Drivers/STM32F4xx_HAL_Driver/Src/stm32f4xx_hal.o
 .debug_aranges
                0x000005e0      0x130 ./Drivers/STM32F4xx_HAL_Driver/Src/stm32f4xx_hal_cortex.o
 .debug_aranges
                0x00000710       0x58 ./Drivers/STM32F4xx_HAL_Driver/Src/stm32f4xx_hal_gpio.o
 .debug_aranges
                0x00000768      0x2a8 ./Drivers/STM32F4xx_HAL_Driver/Src/stm32f4xx_hal_i2c.o
 .debug_aranges
                0x00000a10       0x88 ./Drivers/STM32F4xx_HAL_Driver/Src/stm32f4xx_hal_rcc.o
 .debug_aranges
                0x00000a98      0x1d0 ./Drivers/STM32F4xx_HAL_Driver/Src/stm32f4xx_hal_spi.o
 .debug_aranges
                0x00000c68       0xb8 ./Drivers/STM32F4xx_HAL_Driver/Src/stm32f4xx_hal_sram.o
 .debug_aranges
                0x00000d20      0x3d0 ./Drivers/STM32F4xx_HAL_Driver/Src/stm32f4xx_hal_tim.o
 .debug_aranges
                0x000010f0      0x168 ./Drivers/STM32F4xx_HAL_Driver/Src/stm32f4xx_hal_tim_ex.o
 .debug_aranges
                0x00001258      0x208 ./Drivers/STM32F4xx_HAL_Driver/Src/stm32f4xx_hal_uart.o
 .debug_aranges
                0x00001460       0xa8 ./Drivers/STM32F4xx_HAL_Driver/Src/stm32f4xx_ll_fsmc.o

.debug_rnglists
                0x00000000     0x106b
 .debug_rnglists
                0x00000000       0x1b ./Core/Src/calibrate.o
 .debug_rnglists
                0x0000001b      0x147 ./Core/Src/ili9341.o
 .debug_rnglists
                0x00000162       0x8f ./Core/Src/main.o
 .debug_rnglists
                0x000001f1       0x7c ./Core/Src/max30100_for_stm32_hal.o
 .debug_rnglists
                0x0000026d       0x5f ./Core/Src/stm32f4xx_hal_msp.o
 .debug_rnglists
                0x000002cc       0x49 ./Core/Src/stm32f4xx_it.o
 .debug_rnglists
                0x00000315       0x13 ./Core/Src/sysmem.o
 .debug_rnglists
                0x00000328       0x1a ./Core/Src/system_stm32f4xx.o
 .debug_rnglists
                0x00000342       0x2d ./Core/Src/touch.o
 .debug_rnglists
                0x0000036f       0x19 ./Core/Startup/startup_stm32f407vetx.o
 .debug_rnglists
                0x00000388       0xaf ./Drivers/STM32F4xx_HAL_Driver/Src/stm32f4xx_hal.o
 .debug_rnglists
                0x00000437       0xe0 ./Drivers/STM32F4xx_HAL_Driver/Src/stm32f4xx_hal_cortex.o
 .debug_rnglists
                0x00000517       0x3f ./Drivers/STM32F4xx_HAL_Driver/Src/stm32f4xx_hal_gpio.o
 .debug_rnglists
                0x00000556      0x23c ./Drivers/STM32F4xx_HAL_Driver/Src/stm32f4xx_hal_i2c.o
 .debug_rnglists
                0x00000792       0x66 ./Drivers/STM32F4xx_HAL_Driver/Src/stm32f4xx_hal_rcc.o
 .debug_rnglists
                0x000007f8      0x16f ./Drivers/STM32F4xx_HAL_Driver/Src/stm32f4xx_hal_spi.o
 .debug_rnglists
                0x00000967       0x8d ./Drivers/STM32F4xx_HAL_Driver/Src/stm32f4xx_hal_sram.o
 .debug_rnglists
                0x000009f4      0x31a ./Drivers/STM32F4xx_HAL_Driver/Src/stm32f4xx_hal_tim.o
 .debug_rnglists
                0x00000d0e      0x125 ./Drivers/STM32F4xx_HAL_Driver/Src/stm32f4xx_hal_tim_ex.o
 .debug_rnglists
                0x00000e33      0x1bc ./Drivers/STM32F4xx_HAL_Driver/Src/stm32f4xx_hal_uart.o
 .debug_rnglists
                0x00000fef       0x7c ./Drivers/STM32F4xx_HAL_Driver/Src/stm32f4xx_ll_fsmc.o

.debug_macro    0x00000000     0x35a1
 .debug_macro   0x00000000       0x1a ./Core/Src/calibrate.o
 .debug_macro   0x0000001a       0x22 ./Core/Src/calibrate.o
 .debug_macro   0x0000003c       0x73 ./Core/Src/font12.o
 .debug_macro   0x000000af       0x73 ./Core/Src/font16.o
 .debug_macro   0x00000122      0x34c ./Core/Src/ili9341.o
 .debug_macro   0x0000046e      0x11c ./Core/Src/ili9341.o
 .debug_macro   0x0000058a       0x94 ./Core/Src/ili9341.o
 .debug_macro   0x0000061e       0x58 ./Core/Src/ili9341.o
 .debug_macro   0x00000676       0x1c ./Core/Src/ili9341.o
 .debug_macro   0x00000692       0x56 ./Core/Src/ili9341.o
 .debug_macro   0x000006e8      0x3fd ./Core/Src/main.o
 .debug_macro   0x00000ae5       0x16 ./Core/Src/main.o
 .debug_macro   0x00000afb       0x16 ./Core/Src/main.o
 .debug_macro   0x00000b11       0x16 ./Core/Src/main.o
 .debug_macro   0x00000b27       0xe8 ./Core/Src/main.o
 .debug_macro   0x00000c0f      0x2fd ./Core/Src/max30100_for_stm32_hal.o
 .debug_macro   0x00000f0c       0xe2 ./Core/Src/max30100_for_stm32_hal.o
 .debug_macro   0x00000fee      0x21c ./Core/Src/stm32f4xx_hal_msp.o
 .debug_macro   0x0000120a      0x307 ./Core/Src/stm32f4xx_it.o
 .debug_macro   0x00001511       0xff ./Core/Src/sysmem.o
 .debug_macro   0x00001610      0x23c ./Core/Src/sysmem.o
 .debug_macro   0x0000184c      0x20d ./Core/Src/system_stm32f4xx.o
 .debug_macro   0x00001a59      0x367 ./Core/Src/touch.o
 .debug_macro   0x00001dc0       0x2e ./Core/Src/touch.o
 .debug_macro   0x00001dee      0x26d ./Drivers/STM32F4xx_HAL_Driver/Src/stm32f4xx_hal.o
 .debug_macro   0x0000205b      0x20d ./Drivers/STM32F4xx_HAL_Driver/Src/stm32f4xx_hal_cortex.o
 .debug_macro   0x00002268      0x213 ./Drivers/STM32F4xx_HAL_Driver/Src/stm32f4xx_hal_gpio.o
 .debug_macro   0x0000247b      0x25b ./Drivers/STM32F4xx_HAL_Driver/Src/stm32f4xx_hal_i2c.o
 .debug_macro   0x000026d6      0x231 ./Drivers/STM32F4xx_HAL_Driver/Src/stm32f4xx_hal_rcc.o
 .debug_macro   0x00002907      0x21c ./Drivers/STM32F4xx_HAL_Driver/Src/stm32f4xx_hal_spi.o
 .debug_macro   0x00002b23      0x20d ./Drivers/STM32F4xx_HAL_Driver/Src/stm32f4xx_hal_sram.o
 .debug_macro   0x00002d30      0x20e ./Drivers/STM32F4xx_HAL_Driver/Src/stm32f4xx_hal_tim.o
 .debug_macro   0x00002f3e      0x20d ./Drivers/STM32F4xx_HAL_Driver/Src/stm32f4xx_hal_tim_ex.o
 .debug_macro   0x0000314b      0x20e ./Drivers/STM32F4xx_HAL_Driver/Src/stm32f4xx_hal_uart.o
 .debug_macro   0x00003359      0x248 ./Drivers/STM32F4xx_HAL_Driver/Src/stm32f4xx_ll_fsmc.o

.debug_line     0x00000000    0x191f5
 .debug_line    0x00000000      0x31c ./Core/Src/calibrate.o
 .debug_line    0x0000031c      0x413 ./Core/Src/font12.o
 .debug_line    0x0000072f      0x413 ./Core/Src/font16.o
 .debug_line    0x00000b42     0x1734 ./Core/Src/ili9341.o
 .debug_line    0x00002276     0x133f ./Core/Src/main.o
 .debug_line    0x000035b5      0xcef ./Core/Src/max30100_for_stm32_hal.o
 .debug_line    0x000042a4      0x98f ./Core/Src/stm32f4xx_hal_msp.o
 .debug_line    0x00004c33      0xa1a ./Core/Src/stm32f4xx_it.o
 .debug_line    0x0000564d      0x583 ./Core/Src/sysmem.o
 .debug_line    0x00005bd0      0x84a ./Core/Src/system_stm32f4xx.o
 .debug_line    0x0000641a      0xba4 ./Core/Src/touch.o
 .debug_line    0x00006fbe       0x7a ./Core/Startup/startup_stm32f407vetx.o
 .debug_line    0x00007038      0xab3 ./Drivers/STM32F4xx_HAL_Driver/Src/stm32f4xx_hal.o
 .debug_line    0x00007aeb      0xda5 ./Drivers/STM32F4xx_HAL_Driver/Src/stm32f4xx_hal_cortex.o
 .debug_line    0x00008890      0xc3f ./Drivers/STM32F4xx_HAL_Driver/Src/stm32f4xx_hal_gpio.o
 .debug_line    0x000094cf     0x3bf9 ./Drivers/STM32F4xx_HAL_Driver/Src/stm32f4xx_hal_i2c.o
 .debug_line    0x0000d0c8      0xe3e ./Drivers/STM32F4xx_HAL_Driver/Src/stm32f4xx_hal_rcc.o
 .debug_line    0x0000df06     0x1dd1 ./Drivers/STM32F4xx_HAL_Driver/Src/stm32f4xx_hal_spi.o
 .debug_line    0x0000fcd7      0xdc8 ./Drivers/STM32F4xx_HAL_Driver/Src/stm32f4xx_hal_sram.o
 .debug_line    0x00010a9f     0x3857 ./Drivers/STM32F4xx_HAL_Driver/Src/stm32f4xx_hal_tim.o
 .debug_line    0x000142f6     0x1aa9 ./Drivers/STM32F4xx_HAL_Driver/Src/stm32f4xx_hal_tim_ex.o
 .debug_line    0x00015d9f     0x2985 ./Drivers/STM32F4xx_HAL_Driver/Src/stm32f4xx_hal_uart.o
 .debug_line    0x00018724      0xad1 ./Drivers/STM32F4xx_HAL_Driver/Src/stm32f4xx_ll_fsmc.o

.debug_str      0x00000000    0xd646c
 .debug_str     0x00000000     0x2e86 ./Core/Src/calibrate.o
                               0x2eb1 (size before relaxing)
 .debug_str     0x00002e86      0xe4a ./Core/Src/font12.o
                               0x3db0 (size before relaxing)
 .debug_str     0x00003cd0       0x29 ./Core/Src/font16.o
                               0x3db0 (size before relaxing)
 .debug_str     0x00003cf9    0xcafde ./Core/Src/ili9341.o
                              0xcef2f (size before relaxing)
 .debug_str     0x000cecd7     0x2da9 ./Core/Src/main.o
                              0xd1871 (size before relaxing)
 .debug_str     0x000d1a80      0x2e9 ./Core/Src/max30100_for_stm32_hal.o
                              0xcdd82 (size before relaxing)
 .debug_str     0x000d1d69      0x156 ./Core/Src/stm32f4xx_hal_msp.o
                              0xcaa9e (size before relaxing)
 .debug_str     0x000d1ebf       0xf3 ./Core/Src/stm32f4xx_it.o
                              0xcd08a (size before relaxing)
 .debug_str     0x000d1fb2      0x4dc ./Core/Src/sysmem.o
                               0x60d2 (size before relaxing)
 .debug_str     0x000d248e       0xdb ./Core/Src/system_stm32f4xx.o
                              0xc9c21 (size before relaxing)
 .debug_str     0x000d2569      0x203 ./Core/Src/touch.o
                              0xced90 (size before relaxing)
 .debug_str     0x000d276c       0x84 ./Core/Startup/startup_stm32f407vetx.o
 .debug_str     0x000d27f0      0x603 ./Drivers/STM32F4xx_HAL_Driver/Src/stm32f4xx_hal.o
                              0xca7a5 (size before relaxing)
 .debug_str     0x000d2df3      0x375 ./Drivers/STM32F4xx_HAL_Driver/Src/stm32f4xx_hal_cortex.o
                              0xca521 (size before relaxing)
 .debug_str     0x000d3168       0xd2 ./Drivers/STM32F4xx_HAL_Driver/Src/stm32f4xx_hal_gpio.o
                              0xc9d9c (size before relaxing)
 .debug_str     0x000d323a      0xb28 ./Drivers/STM32F4xx_HAL_Driver/Src/stm32f4xx_hal_i2c.o
                              0xcac3f (size before relaxing)
 .debug_str     0x000d3d62      0x213 ./Drivers/STM32F4xx_HAL_Driver/Src/stm32f4xx_hal_rcc.o
                              0xca055 (size before relaxing)
 .debug_str     0x000d3f75      0x548 ./Drivers/STM32F4xx_HAL_Driver/Src/stm32f4xx_hal_spi.o
                              0xca4df (size before relaxing)
 .debug_str     0x000d44bd      0x1ee ./Drivers/STM32F4xx_HAL_Driver/Src/stm32f4xx_hal_sram.o
                              0xca21f (size before relaxing)
 .debug_str     0x000d46ab      0xdbb ./Drivers/STM32F4xx_HAL_Driver/Src/stm32f4xx_hal_tim.o
                              0xcafab (size before relaxing)
 .debug_str     0x000d5466      0x493 ./Drivers/STM32F4xx_HAL_Driver/Src/stm32f4xx_hal_tim_ex.o
                              0xca7b7 (size before relaxing)
 .debug_str     0x000d58f9      0x5b2 ./Drivers/STM32F4xx_HAL_Driver/Src/stm32f4xx_hal_uart.o
                              0xca636 (size before relaxing)
 .debug_str     0x000d5eab      0x5c1 ./Drivers/STM32F4xx_HAL_Driver/Src/stm32f4xx_ll_fsmc.o
                              0xca48c (size before relaxing)

.comment        0x00000000       0x43
 .comment       0x00000000       0x43 ./Core/Src/calibrate.o
                                 0x44 (size before relaxing)
 .comment       0x00000043       0x44 ./Core/Src/font12.o
 .comment       0x00000043       0x44 ./Core/Src/font16.o
 .comment       0x00000043       0x44 ./Core/Src/ili9341.o
 .comment       0x00000043       0x44 ./Core/Src/main.o
 .comment       0x00000043       0x44 ./Core/Src/max30100_for_stm32_hal.o
 .comment       0x00000043       0x44 ./Core/Src/stm32f4xx_hal_msp.o
 .comment       0x00000043       0x44 ./Core/Src/stm32f4xx_it.o
 .comment       0x00000043       0x44 ./Core/Src/sysmem.o
 .comment       0x00000043       0x44 ./Core/Src/system_stm32f4xx.o
 .comment       0x00000043       0x44 ./Core/Src/touch.o
 .comment       0x00000043       0x44 ./Drivers/STM32F4xx_HAL_Driver/Src/stm32f4xx_hal.o
 .comment       0x00000043       0x44 ./Drivers/STM32F4xx_HAL_Driver/Src/stm32f4xx_hal_cortex.o
 .comment       0x00000043       0x44 ./Drivers/STM32F4xx_HAL_Driver/Src/stm32f4xx_hal_gpio.o
 .comment       0x00000043       0x44 ./Drivers/STM32F4xx_HAL_Driver/Src/stm32f4xx_hal_i2c.o
 .comment       0x00000043       0x44 ./Drivers/STM32F4xx_HAL_Driver/Src/stm32f4xx_hal_rcc.o
 .comment       0x00000043       0x44 ./Drivers/STM32F4xx_HAL_Driver/Src/stm32f4xx_hal_spi.o
 .comment       0x00000043       0x44 ./Drivers/STM32F4xx_HAL_Driver/Src/stm32f4xx_hal_sram.o
 .comment       0x00000043       0x44 ./Drivers/STM32F4xx_HAL_Driver/Src/stm32f4xx_hal_tim.o
 .comment       0x00000043       0x44 ./Drivers/STM32F4xx_HAL_Driver/Src/stm32f4xx_hal_tim_ex.o
 .comment       0x00000043       0x44 ./Drivers/STM32F4xx_HAL_Driver/Src/stm32f4xx_hal_uart.o
 .comment       0x00000043       0x44 ./Drivers/STM32F4xx_HAL_Driver/Src/stm32f4xx_ll_fsmc.o

.debug_frame    0x00000000     0x5ffc
 .debug_frame   0x00000000       0x60 ./Core/Src/calibrate.o
 .debug_frame   0x00000060      0x710 ./Core/Src/ili9341.o
 .debug_frame   0x00000770      0x2c4 ./Core/Src/main.o
 .debug_frame   0x00000a34      0x284 ./Core/Src/max30100_for_stm32_hal.o
 .debug_frame   0x00000cb8      0x1e8 ./Core/Src/stm32f4xx_hal_msp.o
 .debug_frame   0x00000ea0      0x128 ./Core/Src/stm32f4xx_it.o
 .debug_frame   0x00000fc8       0x34 ./Core/Src/sysmem.o
 .debug_frame   0x00000ffc       0x58 ./Core/Src/system_stm32f4xx.o
 .debug_frame   0x00001054       0xcc ./Core/Src/touch.o
 .debug_frame   0x00001120      0x374 ./Drivers/STM32F4xx_HAL_Driver/Src/stm32f4xx_hal.o
 .debug_frame   0x00001494      0x508 ./Drivers/STM32F4xx_HAL_Driver/Src/stm32f4xx_hal_cortex.o
 .debug_frame   0x0000199c      0x14c ./Drivers/STM32F4xx_HAL_Driver/Src/stm32f4xx_hal_gpio.o
 .debug_frame   0x00001ae8      0xc84 ./Drivers/STM32F4xx_HAL_Driver/Src/stm32f4xx_hal_i2c.o
 .debug_frame   0x0000276c      0x1f4 ./Drivers/STM32F4xx_HAL_Driver/Src/stm32f4xx_hal_rcc.o
 .debug_frame   0x00002960      0x828 ./Drivers/STM32F4xx_HAL_Driver/Src/stm32f4xx_hal_spi.o
 .debug_frame   0x00003188      0x30c ./Drivers/STM32F4xx_HAL_Driver/Src/stm32f4xx_hal_sram.o
 .debug_frame   0x00003494     0x11c0 ./Drivers/STM32F4xx_HAL_Driver/Src/stm32f4xx_hal_tim.o
 .debug_frame   0x00004654      0x638 ./Drivers/STM32F4xx_HAL_Driver/Src/stm32f4xx_hal_tim_ex.o
 .debug_frame   0x00004c8c      0x954 ./Drivers/STM32F4xx_HAL_Driver/Src/stm32f4xx_hal_uart.o
 .debug_frame   0x000055e0      0x2dc ./Drivers/STM32F4xx_HAL_Driver/Src/stm32f4xx_ll_fsmc.o
 .debug_frame   0x000058bc       0x50 C:/ST/STM32CubeIDE_1.16.1/STM32CubeIDE/plugins/com.st.stm32cube.ide.mcu.externaltools.gnu-tools-for-stm32.12.3.rel1.win32_1.0.200.202406191623/tools/bin/../lib/gcc/arm-none-eabi/12.3.1/../../../../arm-none-eabi/lib/thumb/v7e-m+fp/hard\libc_nano.a(libc_a-mallocr.o)
 .debug_frame   0x0000590c       0x30 C:/ST/STM32CubeIDE_1.16.1/STM32CubeIDE/plugins/com.st.stm32cube.ide.mcu.externaltools.gnu-tools-for-stm32.12.3.rel1.win32_1.0.200.202406191623/tools/bin/../lib/gcc/arm-none-eabi/12.3.1/../../../../arm-none-eabi/lib/thumb/v7e-m+fp/hard\libc_nano.a(libc_a-mlock.o)
 .debug_frame   0x0000593c       0x3c C:/ST/STM32CubeIDE_1.16.1/STM32CubeIDE/plugins/com.st.stm32cube.ide.mcu.externaltools.gnu-tools-for-stm32.12.3.rel1.win32_1.0.200.202406191623/tools/bin/../lib/gcc/arm-none-eabi/12.3.1/../../../../arm-none-eabi/lib/thumb/v7e-m+fp/hard\libc_nano.a(libc_a-reallocr.o)
 .debug_frame   0x00005978      0x144 C:/ST/STM32CubeIDE_1.16.1/STM32CubeIDE/plugins/com.st.stm32cube.ide.mcu.externaltools.gnu-tools-for-stm32.12.3.rel1.win32_1.0.200.202406191623/tools/bin/../lib/gcc/arm-none-eabi/12.3.1/../../../../arm-none-eabi/lib/thumb/v7e-m+fp/hard\libc_nano.a(libc_a-findfp.o)
 .debug_frame   0x00005abc       0x6c C:/ST/STM32CubeIDE_1.16.1/STM32CubeIDE/plugins/com.st.stm32cube.ide.mcu.externaltools.gnu-tools-for-stm32.12.3.rel1.win32_1.0.200.202406191623/tools/bin/../lib/gcc/arm-none-eabi/12.3.1/../../../../arm-none-eabi/lib/thumb/v7e-m+fp/hard\libc_nano.a(libc_a-sprintf.o)
 .debug_frame   0x00005b28       0x3c C:/ST/STM32CubeIDE_1.16.1/STM32CubeIDE/plugins/com.st.stm32cube.ide.mcu.externaltools.gnu-tools-for-stm32.12.3.rel1.win32_1.0.200.202406191623/tools/bin/../lib/gcc/arm-none-eabi/12.3.1/../../../../arm-none-eabi/lib/thumb/v7e-m+fp/hard\libc_nano.a(libc_a-vsprintf.o)
 .debug_frame   0x00005b64       0x20 C:/ST/STM32CubeIDE_1.16.1/STM32CubeIDE/plugins/com.st.stm32cube.ide.mcu.externaltools.gnu-tools-for-stm32.12.3.rel1.win32_1.0.200.202406191623/tools/bin/../lib/gcc/arm-none-eabi/12.3.1/../../../../arm-none-eabi/lib/thumb/v7e-m+fp/hard\libc_nano.a(libc_a-memset.o)
 .debug_frame   0x00005b84       0x38 C:/ST/STM32CubeIDE_1.16.1/STM32CubeIDE/plugins/com.st.stm32cube.ide.mcu.externaltools.gnu-tools-for-stm32.12.3.rel1.win32_1.0.200.202406191623/tools/bin/../lib/gcc/arm-none-eabi/12.3.1/../../../../arm-none-eabi/lib/thumb/v7e-m+fp/hard\libc_nano.a(libc_a-reent.o)
 .debug_frame   0x00005bbc       0x2c C:/ST/STM32CubeIDE_1.16.1/STM32CubeIDE/plugins/com.st.stm32cube.ide.mcu.externaltools.gnu-tools-for-stm32.12.3.rel1.win32_1.0.200.202406191623/tools/bin/../lib/gcc/arm-none-eabi/12.3.1/../../../../arm-none-eabi/lib/thumb/v7e-m+fp/hard\libc_nano.a(libc_a-sbrkr.o)
 .debug_frame   0x00005be8       0x20 C:/ST/STM32CubeIDE_1.16.1/STM32CubeIDE/plugins/com.st.stm32cube.ide.mcu.externaltools.gnu-tools-for-stm32.12.3.rel1.win32_1.0.200.202406191623/tools/bin/../lib/gcc/arm-none-eabi/12.3.1/../../../../arm-none-eabi/lib/thumb/v7e-m+fp/hard\libc_nano.a(libc_a-errno.o)
 .debug_frame   0x00005c08       0x2c C:/ST/STM32CubeIDE_1.16.1/STM32CubeIDE/plugins/com.st.stm32cube.ide.mcu.externaltools.gnu-tools-for-stm32.12.3.rel1.win32_1.0.200.202406191623/tools/bin/../lib/gcc/arm-none-eabi/12.3.1/../../../../arm-none-eabi/lib/thumb/v7e-m+fp/hard\libc_nano.a(libc_a-init.o)
 .debug_frame   0x00005c34       0xb0 C:/ST/STM32CubeIDE_1.16.1/STM32CubeIDE/plugins/com.st.stm32cube.ide.mcu.externaltools.gnu-tools-for-stm32.12.3.rel1.win32_1.0.200.202406191623/tools/bin/../lib/gcc/arm-none-eabi/12.3.1/../../../../arm-none-eabi/lib/thumb/v7e-m+fp/hard\libc_nano.a(libc_a-lock.o)
 .debug_frame   0x00005ce4       0x28 C:/ST/STM32CubeIDE_1.16.1/STM32CubeIDE/plugins/com.st.stm32cube.ide.mcu.externaltools.gnu-tools-for-stm32.12.3.rel1.win32_1.0.200.202406191623/tools/bin/../lib/gcc/arm-none-eabi/12.3.1/../../../../arm-none-eabi/lib/thumb/v7e-m+fp/hard\libc_nano.a(libc_a-memcpy-stub.o)
 .debug_frame   0x00005d0c       0x38 C:/ST/STM32CubeIDE_1.16.1/STM32CubeIDE/plugins/com.st.stm32cube.ide.mcu.externaltools.gnu-tools-for-stm32.12.3.rel1.win32_1.0.200.202406191623/tools/bin/../lib/gcc/arm-none-eabi/12.3.1/../../../../arm-none-eabi/lib/thumb/v7e-m+fp/hard\libc_nano.a(libc_a-freer.o)
 .debug_frame   0x00005d44       0x20 C:/ST/STM32CubeIDE_1.16.1/STM32CubeIDE/plugins/com.st.stm32cube.ide.mcu.externaltools.gnu-tools-for-stm32.12.3.rel1.win32_1.0.200.202406191623/tools/bin/../lib/gcc/arm-none-eabi/12.3.1/../../../../arm-none-eabi/lib/thumb/v7e-m+fp/hard\libc_nano.a(libc_a-msizer.o)
 .debug_frame   0x00005d64       0x90 C:/ST/STM32CubeIDE_1.16.1/STM32CubeIDE/plugins/com.st.stm32cube.ide.mcu.externaltools.gnu-tools-for-stm32.12.3.rel1.win32_1.0.200.202406191623/tools/bin/../lib/gcc/arm-none-eabi/12.3.1/../../../../arm-none-eabi/lib/thumb/v7e-m+fp/hard\libc_nano.a(libc_a-nano-svfprintf.o)
 .debug_frame   0x00005df4       0x60 C:/ST/STM32CubeIDE_1.16.1/STM32CubeIDE/plugins/com.st.stm32cube.ide.mcu.externaltools.gnu-tools-for-stm32.12.3.rel1.win32_1.0.200.202406191623/tools/bin/../lib/gcc/arm-none-eabi/12.3.1/../../../../arm-none-eabi/lib/thumb/v7e-m+fp/hard\libc_nano.a(libc_a-nano-vfprintf_i.o)