../Core/Src/front_end.c:11:6:demoLCD	32	static
../Core/Src/front_end.c:104:15:testFillScreen	16	static
../Core/Src/front_end.c:143:15:testText	16	static
../Core/Src/front_end.c:174:15:testLines	64	static
../Core/Src/front_end.c:234:15:testFastLines	40	static
../Core/Src/front_end.c:247:15:testRects	56	static
../Core/Src/front_end.c:266:15:testFilledRects	64	static
../Core/Src/front_end.c:289:15:testFilledCircles	40	static
../Core/Src/front_end.c:307:15:testCircles	40	static
../Core/Src/front_end.c:328:15:testTriangles	72	static
../Core/Src/front_end.c:349:15:testFilledTriangles	72	static
../Core/Src/front_end.c:367:15:testRoundRects	64	static
../Core/Src/front_end.c:387:15:testFilledRoundRects	64	static
../Core/Src/front_end.c:405:15:testDrawImage	16	static
../Core/Src/front_end.c:422:6:DrawCloud	16	static
../Core/Src/front_end.c:426:6:TextTitle	16	static
../Core/Src/front_end.c:433:6:TableMain	40	static
../Core/Src/front_end.c:497:5:numDay	32	static
../Core/Src/front_end.c:516:6:CheckYear	16	static
../Core/Src/front_end.c:525:5:FindDate	32	static
../Core/Src/front_end.c:535:6:lcdDrawThickArc	56	static
../Core/Src/front_end.c:545:6:DrawClock	40	static
../Core/Src/front_end.c:551:6:CloudRain	32	static
../Core/Src/front_end.c:569:6:CloudSun	24	static
../Core/Src/front_end.c:577:6:CloudMoon	24	static
../Core/Src/front_end.c:588:6:CloudThunder	32	static
../Core/Src/front_end.c:625:10:interpolateColor	40	static
../Core/Src/front_end.c:641:6:DrawGradientLine	40	static
../Core/Src/front_end.c:663:6:WeatherDay	72	static
../Core/Src/front_end.c:770:6:DrawGauge	56	static
../Core/Src/front_end.c:787:6:DrawThermometer	80	static
../Core/Src/front_end.c:815:6:DrawIconHumidyti1	16	static
../Core/Src/front_end.c:820:6:DrawIconDate	16	static
../Core/Src/front_end.c:824:6:DrawIconWeather	16	static
../Core/Src/front_end.c:828:6:DrawIconTem	16	static
../Core/Src/front_end.c:832:6:DrawIconWind	16	static
../Core/Src/front_end.c:836:6:TextTemperature16	24	static
../Core/Src/front_end.c:869:6:TextHumidyti16	24	static
../Core/Src/front_end.c:885:6:TextTime	24	static
../Core/Src/front_end.c:891:6:TextDate	24	static
../Core/Src/front_end.c:897:6:TextLocation	24	static
../Core/Src/front_end.c:918:6:TextSensor	24	static
../Core/Src/front_end.c:936:6:TextCloudRate	24	static
../Core/Src/front_end.c:949:6:TextUV	24	static
../Core/Src/front_end.c:955:6:DrawIconHot	16	static
../Core/Src/front_end.c:958:6:DrawIconIce	16	static
../Core/Src/front_end.c:961:6:DrawIconTree	16	static
../Core/Src/front_end.c:964:6:DrawIconWater	16	static
../Core/Src/front_end.c:967:6:DrawIconClockTem	16	static
../Core/Src/front_end.c:970:6:DrawIconClockHumi	16	static
../Core/Src/front_end.c:973:6:DrawIconCloudRate	16	static
../Core/Src/front_end.c:976:6:DrawIconLocation	16	static
../Core/Src/front_end.c:979:6:DrawIconNext	16	static
../Core/Src/front_end.c:982:6:DrawIconNext1	16	static
../Core/Src/front_end.c:985:6:DrawIconBack	16	static
../Core/Src/front_end.c:988:6:DrawIconOk	16	static
../Core/Src/front_end.c:991:6:DrawBackGround	16	static
../Core/Src/front_end.c:994:6:DrawConfirm	16	static
../Core/Src/front_end.c:997:6:DrawNameIcon	16	static
../Core/Src/front_end.c:1000:6:OneDay	24	static
../Core/Src/front_end.c:1072:6:Screen0	8	static
../Core/Src/front_end.c:1076:6:Screen1	40	static
../Core/Src/front_end.c:1140:6:Screen2	72	static
../Core/Src/front_end.c:1181:6:Screen3	24	static
