../Core/Src/main.c:144:5:main	16	static
../Core/Src/main.c:235:6:SystemClock_Config	88	static
../Core/Src/main.c:281:13:MX_I2C1_Init	8	static
../Core/Src/main.c:315:13:MX_SPI2_Init	8	static
../Core/Src/main.c:353:13:MX_TIM2_Init	32	static
../Core/Src/main.c:398:13:MX_USART1_UART_Init	8	static
../Core/Src/main.c:431:13:MX_GPIO_Init	56	static
../Core/Src/main.c:476:13:MX_FSMC_Init	40	static
../Core/Src/main.c:529:6:HAL_GPIO_EXTI_Callback	16	static
../Core/Src/main.c:544:6:HAL_TIM_PeriodElapsedCallback	16	static
../Core/Src/main.c:559:6:Send_AT_Command	24	static
../Core/Src/main.c:575:6:Send_AT_Command1	24	static
../Core/Src/main.c:586:6:Send_AT_Commands	16	static
../Core/Src/main.c:613:6:Resend_AT_Commands	16	static
../Core/Src/main.c:635:6:HAL_UART_RxCpltCallback	16	static
../Core/Src/main.c:643:7:extractJsonObject	32	static
../Core/Src/main.c:660:6:processWeather	160	static
../Core/Src/main.c:767:6:RunProgram	48	static
../Core/Src/main.c:1048:6:Max30100	8	static
../Core/Src/main.c:1061:6:Error_Handler	4	static,ignoring_inline_asm
