../Core/Src/main.c:105:6:onBeatDetected	4	static
../Core/Src/main.c:164:5:main	48	static
../Core/Src/main.c:288:6:SystemClock_Config	88	static
../Core/Src/main.c:334:13:MX_ADC1_Init	24	static
../Core/Src/main.c:386:13:MX_I2C1_Init	8	static
../Core/Src/main.c:420:13:MX_SPI2_Init	8	static
../Core/Src/main.c:458:13:MX_TIM2_Init	32	static
../Core/Src/main.c:503:13:MX_USART1_UART_Init	8	static
../Core/Src/main.c:536:13:MX_GPIO_Init	56	static
../Core/Src/main.c:587:13:MX_FSMC_Init	40	static
../Core/Src/main.c:640:6:HAL_GPIO_EXTI_Callback	16	static
../Core/Src/main.c:655:6:HAL_TIM_PeriodElapsedCallback	16	static
../Core/Src/main.c:670:6:Send_AT_Command	24	static
../Core/Src/main.c:686:6:Send_AT_Command1	24	static
../Core/Src/main.c:697:6:Send_AT_Commands	72	static
../Core/Src/main.c:705:6:Resend_AT_Commands	16	static
../Core/Src/main.c:727:6:HAL_UART_RxCpltCallback	16	static
../Core/Src/main.c:735:7:extractJsonObject	32	static
../Core/Src/main.c:752:6:processWeather	160	static
../Core/Src/main.c:859:6:RunProgram	4	static
../Core/Src/main.c:863:6:Max30100	16	static
../Core/Src/main.c:887:6:AD8232_ReadData	16	static
../Core/Src/main.c:918:6:Error_Handler	4	static,ignoring_inline_asm
